<!doctype html public "-//w3c//dtd html 4.0 transitional//en">
<html><head>
<title>Static Call Graph - [IVClock\IVClock.axf]</title></head>
<body><HR>
<H1>Static Call Graph for image IVClock\IVClock.axf</H1><HR>
<BR><P>#&#060CALLGRAPH&#062# ARM Linker, 6160001: Last Updated: Mon Aug  9 12:22:38 2021
<BR><P>
<H3>Maximum Stack Usage =        288 bytes + Unknown(Cycles, Untraceable Function Pointers)</H3><H3>
Call chain for Maximum Stack Depth:</H3>
con_power &rArr; power_get_bat_voltage &rArr; config_read &rArr; BSP_ROM_Read &rArr; BSP_I2C_Read &rArr; HAL_I2C_Mem_Read &rArr; I2C_RequestMemoryRead &rArr; OUTLINED_FUNCTION_31 &rArr; I2C_WaitOnFlagUntilTimeout
<P>
<H3>
Mutually Recursive functions
</H3> <LI><a href="#[2d]">CAN1_RX1_IRQHandler</a>&nbsp;&nbsp;&nbsp;&rArr;&nbsp;&nbsp;&nbsp;<a href="#[2d]">CAN1_RX1_IRQHandler</a><BR>
 <LI><a href="#[12]">BusFault_Handler</a>&nbsp;&nbsp;&nbsp;&rArr;&nbsp;&nbsp;&nbsp;<a href="#[12]">BusFault_Handler</a><BR>
 <LI><a href="#[10]">HardFault_Handler</a>&nbsp;&nbsp;&nbsp;&rArr;&nbsp;&nbsp;&nbsp;<a href="#[10]">HardFault_Handler</a><BR>
 <LI><a href="#[11]">MemManage_Handler</a>&nbsp;&nbsp;&nbsp;&rArr;&nbsp;&nbsp;&nbsp;<a href="#[11]">MemManage_Handler</a><BR>
 <LI><a href="#[f]">NMI_Handler</a>&nbsp;&nbsp;&nbsp;&rArr;&nbsp;&nbsp;&nbsp;<a href="#[f]">NMI_Handler</a><BR>
 <LI><a href="#[13]">UsageFault_Handler</a>&nbsp;&nbsp;&nbsp;&rArr;&nbsp;&nbsp;&nbsp;<a href="#[13]">UsageFault_Handler</a><BR>
</UL>
<P>
<H3>
Function Pointers
</H3><UL>
 <LI><a href="#[2a]">ADC1_2_IRQHandler</a> from adc.o(.text.ADC1_2_IRQHandler) referenced from startup_stm32f103xb.o(RESET)
 <LI><a href="#[48]">BSP_DS3231_Read_Data</a> from ds3231.o(.text.BSP_DS3231_Read_Data) referenced from ds3231.o(.text.BSP_DS3231_Dump)
 <LI><a href="#[48]">BSP_DS3231_Read_Data</a> from ds3231.o(.text.BSP_DS3231_Read_Data) referenced from ds3231.o(.text.BSP_DS3231_Init)
 <LI><a href="#[49]">BSP_DS3231_Write_Data</a> from ds3231.o(.text.BSP_DS3231_Write_Data) referenced from ds3231.o(.text.BSP_DS3231_Init)
 <LI><a href="#[46]">BSP_I2C_Write</a> from i2c.o(.text.BSP_I2C_Write) referenced from acc.o(.text.BSP_ACC_Init)
 <LI><a href="#[50]">BSP_IV18_Set_Dig</a> from iv18.o(.text.BSP_IV18_Set_Dig) referenced from display.o(.text.display_format_timer)
 <LI><a href="#[12]">BusFault_Handler</a> from stm32f1xx_it.o(.text.BusFault_Handler) referenced from startup_stm32f103xb.o(RESET)
 <LI><a href="#[2d]">CAN1_RX1_IRQHandler</a> from startup_stm32f103xb.o(.text) referenced from startup_stm32f103xb.o(RESET)
 <LI><a href="#[2e]">CAN1_SCE_IRQHandler</a> from startup_stm32f103xb.o(.text) referenced from startup_stm32f103xb.o(RESET)
 <LI><a href="#[23]">DMA1_Channel1_IRQHandler</a> from startup_stm32f103xb.o(.text) referenced from startup_stm32f103xb.o(RESET)
 <LI><a href="#[24]">DMA1_Channel2_IRQHandler</a> from startup_stm32f103xb.o(.text) referenced from startup_stm32f103xb.o(RESET)
 <LI><a href="#[25]">DMA1_Channel3_IRQHandler</a> from startup_stm32f103xb.o(.text) referenced from startup_stm32f103xb.o(RESET)
 <LI><a href="#[26]">DMA1_Channel4_IRQHandler</a> from startup_stm32f103xb.o(.text) referenced from startup_stm32f103xb.o(RESET)
 <LI><a href="#[27]">DMA1_Channel5_IRQHandler</a> from startup_stm32f103xb.o(.text) referenced from startup_stm32f103xb.o(RESET)
 <LI><a href="#[28]">DMA1_Channel6_IRQHandler</a> from startup_stm32f103xb.o(.text) referenced from startup_stm32f103xb.o(RESET)
 <LI><a href="#[29]">DMA1_Channel7_IRQHandler</a> from startup_stm32f103xb.o(.text) referenced from startup_stm32f103xb.o(RESET)
 <LI><a href="#[15]">DebugMon_Handler</a> from stm32f1xx_it.o(.text.DebugMon_Handler) referenced from startup_stm32f103xb.o(RESET)
 <LI><a href="#[1e]">EXTI0_IRQHandler</a> from startup_stm32f103xb.o(.text) referenced from startup_stm32f103xb.o(RESET)
 <LI><a href="#[40]">EXTI15_10_IRQHandler</a> from startup_stm32f103xb.o(.text) referenced from startup_stm32f103xb.o(RESET)
 <LI><a href="#[1f]">EXTI1_IRQHandler</a> from extint.o(.text.EXTI1_IRQHandler) referenced from startup_stm32f103xb.o(RESET)
 <LI><a href="#[20]">EXTI2_IRQHandler</a> from startup_stm32f103xb.o(.text) referenced from startup_stm32f103xb.o(RESET)
 <LI><a href="#[21]">EXTI3_IRQHandler</a> from extint.o(.text.EXTI3_IRQHandler) referenced from startup_stm32f103xb.o(RESET)
 <LI><a href="#[22]">EXTI4_IRQHandler</a> from extint.o(.text.EXTI4_IRQHandler) referenced from startup_stm32f103xb.o(RESET)
 <LI><a href="#[2f]">EXTI9_5_IRQHandler</a> from extint.o(.text.EXTI9_5_IRQHandler) referenced from startup_stm32f103xb.o(RESET)
 <LI><a href="#[1c]">FLASH_IRQHandler</a> from startup_stm32f103xb.o(.text) referenced from startup_stm32f103xb.o(RESET)
 <LI><a href="#[4c]">HAL_GPIO_EXTI_IRQHandler</a> from stm32f1xx_hal_gpio.o(.text.HAL_GPIO_EXTI_IRQHandler) referenced from extint.o(.text.EXTI9_5_IRQHandler)
 <LI><a href="#[4a]">HAL_GPIO_Init</a> from stm32f1xx_hal_gpio.o(.text.HAL_GPIO_Init) referenced from iv18.o(.text.BSP_IV18_Init)
 <LI><a href="#[4b]">HAL_GPIO_WritePin</a> from stm32f1xx_hal_gpio.o(.text.HAL_GPIO_WritePin) referenced from iv18.o(.text.BSP_IV18_Show_Data)
 <LI><a href="#[10]">HardFault_Handler</a> from stm32f1xx_it.o(.text.HardFault_Handler) referenced from startup_stm32f103xb.o(RESET)
 <LI><a href="#[38]">I2C1_ER_IRQHandler</a> from startup_stm32f103xb.o(.text) referenced from startup_stm32f103xb.o(RESET)
 <LI><a href="#[37]">I2C1_EV_IRQHandler</a> from startup_stm32f103xb.o(.text) referenced from startup_stm32f103xb.o(RESET)
 <LI><a href="#[3a]">I2C2_ER_IRQHandler</a> from startup_stm32f103xb.o(.text) referenced from startup_stm32f103xb.o(RESET)
 <LI><a href="#[39]">I2C2_EV_IRQHandler</a> from startup_stm32f103xb.o(.text) referenced from startup_stm32f103xb.o(RESET)
 <LI><a href="#[11]">MemManage_Handler</a> from stm32f1xx_it.o(.text.MemManage_Handler) referenced from startup_stm32f103xb.o(RESET)
 <LI><a href="#[f]">NMI_Handler</a> from stm32f1xx_it.o(.text.NMI_Handler) referenced from startup_stm32f103xb.o(RESET)
 <LI><a href="#[19]">PVD_IRQHandler</a> from startup_stm32f103xb.o(.text) referenced from startup_stm32f103xb.o(RESET)
 <LI><a href="#[16]">PendSV_Handler</a> from stm32f1xx_it.o(.text.PendSV_Handler) referenced from startup_stm32f103xb.o(RESET)
 <LI><a href="#[51]">PrintBsp</a> from main.o(.text.PrintBsp) referenced from main.o(.text.main)
 <LI><a href="#[1d]">RCC_IRQHandler</a> from startup_stm32f103xb.o(.text) referenced from startup_stm32f103xb.o(RESET)
 <LI><a href="#[41]">RTC_Alarm_IRQHandler</a> from startup_stm32f103xb.o(.text) referenced from startup_stm32f103xb.o(RESET)
 <LI><a href="#[1b]">RTC_IRQHandler</a> from startup_stm32f103xb.o(.text) referenced from startup_stm32f103xb.o(RESET)
 <LI><a href="#[e]">Reset_Handler</a> from startup_stm32f103xb.o(.text) referenced from startup_stm32f103xb.o(RESET)
 <LI><a href="#[3b]">SPI1_IRQHandler</a> from startup_stm32f103xb.o(.text) referenced from startup_stm32f103xb.o(RESET)
 <LI><a href="#[3c]">SPI2_IRQHandler</a> from startup_stm32f103xb.o(.text) referenced from startup_stm32f103xb.o(RESET)
 <LI><a href="#[14]">SVC_Handler</a> from stm32f1xx_it.o(.text.SVC_Handler) referenced from startup_stm32f103xb.o(RESET)
 <LI><a href="#[17]">SysTick_Handler</a> from stm32f1xx_it.o(.text.SysTick_Handler) referenced from startup_stm32f103xb.o(RESET)
 <LI><a href="#[44]">SystemInit</a> from system_stm32f1xx.o(.text.SystemInit) referenced from startup_stm32f103xb.o(.text)
 <LI><a href="#[1a]">TAMPER_IRQHandler</a> from startup_stm32f103xb.o(.text) referenced from startup_stm32f103xb.o(RESET)
 <LI><a href="#[30]">TIM1_BRK_IRQHandler</a> from startup_stm32f103xb.o(.text) referenced from startup_stm32f103xb.o(RESET)
 <LI><a href="#[33]">TIM1_CC_IRQHandler</a> from tim.o(.text.TIM1_CC_IRQHandler) referenced from startup_stm32f103xb.o(RESET)
 <LI><a href="#[32]">TIM1_TRG_COM_IRQHandler</a> from startup_stm32f103xb.o(.text) referenced from startup_stm32f103xb.o(RESET)
 <LI><a href="#[31]">TIM1_UP_IRQHandler</a> from startup_stm32f103xb.o(.text) referenced from startup_stm32f103xb.o(RESET)
 <LI><a href="#[34]">TIM2_IRQHandler</a> from tim.o(.text.TIM2_IRQHandler) referenced from startup_stm32f103xb.o(RESET)
 <LI><a href="#[35]">TIM3_IRQHandler</a> from startup_stm32f103xb.o(.text) referenced from startup_stm32f103xb.o(RESET)
 <LI><a href="#[36]">TIM4_IRQHandler</a> from tim.o(.text.TIM4_IRQHandler) referenced from startup_stm32f103xb.o(RESET)
 <LI><a href="#[4d]">UART_DMAAbortOnError</a> from stm32f1xx_hal_uart.o(.text.UART_DMAAbortOnError) referenced from stm32f1xx_hal_uart.o(.text.HAL_UART_IRQHandler)
 <LI><a href="#[3d]">USART1_IRQHandler</a> from startup_stm32f103xb.o(.text) referenced from startup_stm32f103xb.o(RESET)
 <LI><a href="#[3e]">USART2_IRQHandler</a> from usart.o(.text.USART2_IRQHandler) referenced from startup_stm32f103xb.o(RESET)
 <LI><a href="#[3f]">USART3_IRQHandler</a> from usart.o(.text.USART3_IRQHandler) referenced from startup_stm32f103xb.o(RESET)
 <LI><a href="#[42]">USBWakeUp_IRQHandler</a> from startup_stm32f103xb.o(.text) referenced from startup_stm32f103xb.o(RESET)
 <LI><a href="#[2b]">USB_HP_CAN1_TX_IRQHandler</a> from startup_stm32f103xb.o(.text) referenced from startup_stm32f103xb.o(RESET)
 <LI><a href="#[2c]">USB_LP_CAN1_RX0_IRQHandler</a> from startup_stm32f103xb.o(.text) referenced from startup_stm32f103xb.o(RESET)
 <LI><a href="#[13]">UsageFault_Handler</a> from stm32f1xx_it.o(.text.UsageFault_Handler) referenced from startup_stm32f103xb.o(RESET)
 <LI><a href="#[18]">WWDG_IRQHandler</a> from startup_stm32f103xb.o(.text) referenced from startup_stm32f103xb.o(RESET)
 <LI><a href="#[45]">__main</a> from entry.o(.ARM.Collect$$$$00000000) referenced from startup_stm32f103xb.o(.text)
 <LI><a href="#[53]">_snputc</a> from printfa.o(i._snputc) referenced from printfa.o(i.__0snprintf)
 <LI><a href="#[53]">_snputc</a> from printfa.o(i._snputc) referenced from printfa.o(i.__0vsnprintf)
 <LI><a href="#[5b]">alarm_proc</a> from alarm.o(.text.alarm_proc) referenced 2 times from task.o(.rodata.task_procs)
 <LI><a href="#[58]">button_mod_proc</a> from button.o(.text.button_mod_proc) referenced 4 times from task.o(.rodata.task_procs)
 <LI><a href="#[59]">button_mod_set_proc</a> from button.o(.text.button_mod_set_proc) referenced 2 times from task.o(.rodata.task_procs)
 <LI><a href="#[56]">button_scan_proc</a> from button.o(.text.button_scan_proc) referenced from task.o(.rodata.task_procs)
 <LI><a href="#[57]">button_set_proc</a> from button.o(.text.button_set_proc) referenced 4 times from task.o(.rodata.task_procs)
 <LI><a href="#[55]">clock_time_proc</a> from clock.o(.text.clock_time_proc) referenced 2 times from task.o(.rodata.task_procs)
 <LI><a href="#[4]">con_beeper</a> from con_beeper.o(.text.con_beeper) referenced 2 times from console.o(.data.cmds)
 <LI><a href="#[1]">con_clock</a> from con_clock.o(.text.con_clock) referenced 2 times from console.o(.data.cmds)
 <LI><a href="#[5]">con_display</a> from con_display.o(.text.con_display) referenced 2 times from console.o(.data.cmds)
 <LI><a href="#[0]">con_help</a> from con_help.o(.text.con_help) referenced 2 times from console.o(.data.cmds)
 <LI><a href="#[2]">con_motion_sensor</a> from con_motion_sensor.o(.text.con_motion_sensor) referenced 2 times from console.o(.data.cmds)
 <LI><a href="#[6]">con_player</a> from con_player.o(.text.con_player) referenced 2 times from console.o(.data.cmds)
 <LI><a href="#[3]">con_power</a> from con_power.o(.text.con_power) referenced 2 times from console.o(.data.cmds)
 <LI><a href="#[7]">con_quit</a> from console.o(.text.con_quit) referenced 2 times from console.o(.data.cmds)
 <LI><a href="#[4e]">config_read</a> from config.o(.text.config_read) referenced from alarm.o(.text.alarm_load_config)
 <LI><a href="#[4f]">console_printf</a> from console.o(.text.console_printf) referenced from console.o(.text.console_run)
 <LI><a href="#[47]">debug_printf</a> from debug.o(.text.debug_printf) referenced from ds3231.o(.text.BSP_DS3231_Dump)
 <LI><a href="#[47]">debug_printf</a> from debug.o(.text.debug_printf) referenced from alarm.o(.text.alarm_dump)
 <LI><a href="#[47]">debug_printf</a> from debug.o(.text.debug_printf) referenced from clock.o(.text.clock_dump)
 <LI><a href="#[52]">display_set_dig</a> from display.o(.text.display_set_dig) referenced from thermometer.o(.text.thermometer_display)
 <LI><a href="#[8]">do_clock_display_date</a> from sm_clock_display.o(.text.do_clock_display_date) referenced 2 times from sm_clock_display.o(.data.sm_trans_clock_display_date)
 <LI><a href="#[8]">do_clock_display_date</a> from sm_clock_display.o(.text.do_clock_display_date) referenced 2 times from sm_clock_display.o(.data.sm_trans_clock_display_time)
 <LI><a href="#[8]">do_clock_display_date</a> from sm_clock_display.o(.text.do_clock_display_date) referenced 2 times from sm_clock_display.o(.data.sm_trans_clock_display_week)
 <LI><a href="#[d]">do_clock_display_temp</a> from sm_clock_display.o(.text.do_clock_display_temp) referenced 2 times from sm_clock_display.o(.data.sm_trans_clock_display_temp)
 <LI><a href="#[d]">do_clock_display_temp</a> from sm_clock_display.o(.text.do_clock_display_temp) referenced 2 times from sm_clock_display.o(.data.sm_trans_clock_display_time)
 <LI><a href="#[d]">do_clock_display_temp</a> from sm_clock_display.o(.text.do_clock_display_temp) referenced 2 times from sm_clock_display.o(.data.sm_trans_clock_display_week)
 <LI><a href="#[a]">do_clock_display_time</a> from sm_clock_display.o(.text.do_clock_display_time) referenced 2 times from sm_clock_display.o(.data.sm_trans_clock_display_date)
 <LI><a href="#[a]">do_clock_display_time</a> from sm_clock_display.o(.text.do_clock_display_time) referenced 2 times from sm_clock_display.o(.data.sm_trans_clock_display_init)
 <LI><a href="#[a]">do_clock_display_time</a> from sm_clock_display.o(.text.do_clock_display_time) referenced 2 times from sm_clock_display.o(.data.sm_trans_clock_display_temp)
 <LI><a href="#[a]">do_clock_display_time</a> from sm_clock_display.o(.text.do_clock_display_time) referenced 2 times from sm_clock_display.o(.data.sm_trans_clock_display_time)
 <LI><a href="#[9]">do_clock_display_week</a> from sm_clock_display.o(.text.do_clock_display_week) referenced 2 times from sm_clock_display.o(.data.sm_trans_clock_display_date)
 <LI><a href="#[9]">do_clock_display_week</a> from sm_clock_display.o(.text.do_clock_display_week) referenced 2 times from sm_clock_display.o(.data.sm_trans_clock_display_temp)
 <LI><a href="#[9]">do_clock_display_week</a> from sm_clock_display.o(.text.do_clock_display_week) referenced 2 times from sm_clock_display.o(.data.sm_trans_clock_display_week)
 <LI><a href="#[b]">do_set_time_init</a> from sm_set_time.o(.text.do_set_time_init) referenced 2 times from sm_clock_display.o(.data.sm_trans_clock_display_date)
 <LI><a href="#[b]">do_set_time_init</a> from sm_set_time.o(.text.do_set_time_init) referenced 2 times from sm_clock_display.o(.data.sm_trans_clock_display_temp)
 <LI><a href="#[b]">do_set_time_init</a> from sm_set_time.o(.text.do_set_time_init) referenced 2 times from sm_clock_display.o(.data.sm_trans_clock_display_time)
 <LI><a href="#[b]">do_set_time_init</a> from sm_set_time.o(.text.do_set_time_init) referenced 2 times from sm_clock_display.o(.data.sm_trans_clock_display_week)
 <LI><a href="#[c]">do_stop_watch_init</a> from sm_stop_watch.o(.text.do_stop_watch_init) referenced 2 times from sm_clock_display.o(.data.sm_trans_clock_display_date)
 <LI><a href="#[c]">do_stop_watch_init</a> from sm_stop_watch.o(.text.do_stop_watch_init) referenced 2 times from sm_clock_display.o(.data.sm_trans_clock_display_temp)
 <LI><a href="#[c]">do_stop_watch_init</a> from sm_stop_watch.o(.text.do_stop_watch_init) referenced 2 times from sm_clock_display.o(.data.sm_trans_clock_display_time)
 <LI><a href="#[c]">do_stop_watch_init</a> from sm_stop_watch.o(.text.do_stop_watch_init) referenced 2 times from sm_clock_display.o(.data.sm_trans_clock_display_week)
 <LI><a href="#[54]">fputc</a> from stdio_ext.o(.text.fputc) referenced from printfa.o(i.__0vprintf)
 <LI><a href="#[43]">main</a> from main.o(.text.main) referenced from entry9a.o(.ARM.Collect$$$$0000000B)
 <LI><a href="#[5a]">null_proc</a> from task.o(.text.null_proc) referenced 2 times from task.o(.rodata.task_procs)
</UL>
<P>
<H3>
Global Symbols
</H3>
<P><STRONG><a name="[45]"></a>__main</STRONG> (Thumb, 0 bytes, Stack size unknown bytes, entry.o(.ARM.Collect$$$$00000000))
<BR>[Address Reference Count : 1]<UL><LI> startup_stm32f103xb.o(.text)
</UL>
<P><STRONG><a name="[24a]"></a>_main_stk</STRONG> (Thumb, 0 bytes, Stack size unknown bytes, entry2.o(.ARM.Collect$$$$00000001))

<P><STRONG><a name="[5c]"></a>_main_scatterload</STRONG> (Thumb, 0 bytes, Stack size unknown bytes, entry5.o(.ARM.Collect$$$$00000004))
<BR><BR>[Calls]<UL><LI><a href="#[5d]">&gt;&gt;</a>&nbsp;&nbsp;&nbsp;__scatterload
</UL>

<P><STRONG><a name="[75]"></a>__main_after_scatterload</STRONG> (Thumb, 0 bytes, Stack size unknown bytes, entry5.o(.ARM.Collect$$$$00000004))
<BR><BR>[Called By]<UL><LI><a href="#[5d]">&gt;&gt;</a>&nbsp;&nbsp;&nbsp;__scatterload
</UL>

<P><STRONG><a name="[24b]"></a>_main_clock</STRONG> (Thumb, 0 bytes, Stack size unknown bytes, entry7b.o(.ARM.Collect$$$$00000008))

<P><STRONG><a name="[24c]"></a>_main_cpp_init</STRONG> (Thumb, 0 bytes, Stack size unknown bytes, entry8b.o(.ARM.Collect$$$$0000000A))

<P><STRONG><a name="[24d]"></a>_main_init</STRONG> (Thumb, 0 bytes, Stack size unknown bytes, entry9a.o(.ARM.Collect$$$$0000000B))

<P><STRONG><a name="[24e]"></a>__rt_final_cpp</STRONG> (Thumb, 0 bytes, Stack size unknown bytes, entry10a.o(.ARM.Collect$$$$0000000D))

<P><STRONG><a name="[24f]"></a>__rt_final_exit</STRONG> (Thumb, 0 bytes, Stack size unknown bytes, entry11a.o(.ARM.Collect$$$$0000000F))

<P><STRONG><a name="[e]"></a>Reset_Handler</STRONG> (Thumb, 8 bytes, Stack size 0 bytes, startup_stm32f103xb.o(.text))
<BR>[Address Reference Count : 1]<UL><LI> startup_stm32f103xb.o(RESET)
</UL>
<P><STRONG><a name="[2d]"></a>CAN1_RX1_IRQHandler</STRONG> (Thumb, 0 bytes, Stack size 0 bytes, startup_stm32f103xb.o(.text))
<BR><BR>[Calls]<UL><LI><a href="#[2d]">&gt;&gt;</a>&nbsp;&nbsp;&nbsp;CAN1_RX1_IRQHandler
</UL>
<BR>[Called By]<UL><LI><a href="#[2d]">&gt;&gt;</a>&nbsp;&nbsp;&nbsp;CAN1_RX1_IRQHandler
</UL>
<BR>[Address Reference Count : 1]<UL><LI> startup_stm32f103xb.o(RESET)
</UL>
<P><STRONG><a name="[2e]"></a>CAN1_SCE_IRQHandler</STRONG> (Thumb, 0 bytes, Stack size 0 bytes, startup_stm32f103xb.o(.text))
<BR>[Address Reference Count : 1]<UL><LI> startup_stm32f103xb.o(RESET)
</UL>
<P><STRONG><a name="[23]"></a>DMA1_Channel1_IRQHandler</STRONG> (Thumb, 0 bytes, Stack size 0 bytes, startup_stm32f103xb.o(.text))
<BR>[Address Reference Count : 1]<UL><LI> startup_stm32f103xb.o(RESET)
</UL>
<P><STRONG><a name="[24]"></a>DMA1_Channel2_IRQHandler</STRONG> (Thumb, 0 bytes, Stack size 0 bytes, startup_stm32f103xb.o(.text))
<BR>[Address Reference Count : 1]<UL><LI> startup_stm32f103xb.o(RESET)
</UL>
<P><STRONG><a name="[25]"></a>DMA1_Channel3_IRQHandler</STRONG> (Thumb, 0 bytes, Stack size 0 bytes, startup_stm32f103xb.o(.text))
<BR>[Address Reference Count : 1]<UL><LI> startup_stm32f103xb.o(RESET)
</UL>
<P><STRONG><a name="[26]"></a>DMA1_Channel4_IRQHandler</STRONG> (Thumb, 0 bytes, Stack size 0 bytes, startup_stm32f103xb.o(.text))
<BR>[Address Reference Count : 1]<UL><LI> startup_stm32f103xb.o(RESET)
</UL>
<P><STRONG><a name="[27]"></a>DMA1_Channel5_IRQHandler</STRONG> (Thumb, 0 bytes, Stack size 0 bytes, startup_stm32f103xb.o(.text))
<BR>[Address Reference Count : 1]<UL><LI> startup_stm32f103xb.o(RESET)
</UL>
<P><STRONG><a name="[28]"></a>DMA1_Channel6_IRQHandler</STRONG> (Thumb, 0 bytes, Stack size 0 bytes, startup_stm32f103xb.o(.text))
<BR>[Address Reference Count : 1]<UL><LI> startup_stm32f103xb.o(RESET)
</UL>
<P><STRONG><a name="[29]"></a>DMA1_Channel7_IRQHandler</STRONG> (Thumb, 0 bytes, Stack size 0 bytes, startup_stm32f103xb.o(.text))
<BR>[Address Reference Count : 1]<UL><LI> startup_stm32f103xb.o(RESET)
</UL>
<P><STRONG><a name="[1e]"></a>EXTI0_IRQHandler</STRONG> (Thumb, 0 bytes, Stack size 0 bytes, startup_stm32f103xb.o(.text))
<BR>[Address Reference Count : 1]<UL><LI> startup_stm32f103xb.o(RESET)
</UL>
<P><STRONG><a name="[40]"></a>EXTI15_10_IRQHandler</STRONG> (Thumb, 0 bytes, Stack size 0 bytes, startup_stm32f103xb.o(.text))
<BR>[Address Reference Count : 1]<UL><LI> startup_stm32f103xb.o(RESET)
</UL>
<P><STRONG><a name="[20]"></a>EXTI2_IRQHandler</STRONG> (Thumb, 0 bytes, Stack size 0 bytes, startup_stm32f103xb.o(.text))
<BR>[Address Reference Count : 1]<UL><LI> startup_stm32f103xb.o(RESET)
</UL>
<P><STRONG><a name="[1c]"></a>FLASH_IRQHandler</STRONG> (Thumb, 0 bytes, Stack size 0 bytes, startup_stm32f103xb.o(.text))
<BR>[Address Reference Count : 1]<UL><LI> startup_stm32f103xb.o(RESET)
</UL>
<P><STRONG><a name="[38]"></a>I2C1_ER_IRQHandler</STRONG> (Thumb, 0 bytes, Stack size 0 bytes, startup_stm32f103xb.o(.text))
<BR>[Address Reference Count : 1]<UL><LI> startup_stm32f103xb.o(RESET)
</UL>
<P><STRONG><a name="[37]"></a>I2C1_EV_IRQHandler</STRONG> (Thumb, 0 bytes, Stack size 0 bytes, startup_stm32f103xb.o(.text))
<BR>[Address Reference Count : 1]<UL><LI> startup_stm32f103xb.o(RESET)
</UL>
<P><STRONG><a name="[3a]"></a>I2C2_ER_IRQHandler</STRONG> (Thumb, 0 bytes, Stack size 0 bytes, startup_stm32f103xb.o(.text))
<BR>[Address Reference Count : 1]<UL><LI> startup_stm32f103xb.o(RESET)
</UL>
<P><STRONG><a name="[39]"></a>I2C2_EV_IRQHandler</STRONG> (Thumb, 0 bytes, Stack size 0 bytes, startup_stm32f103xb.o(.text))
<BR>[Address Reference Count : 1]<UL><LI> startup_stm32f103xb.o(RESET)
</UL>
<P><STRONG><a name="[19]"></a>PVD_IRQHandler</STRONG> (Thumb, 0 bytes, Stack size 0 bytes, startup_stm32f103xb.o(.text))
<BR>[Address Reference Count : 1]<UL><LI> startup_stm32f103xb.o(RESET)
</UL>
<P><STRONG><a name="[1d]"></a>RCC_IRQHandler</STRONG> (Thumb, 0 bytes, Stack size 0 bytes, startup_stm32f103xb.o(.text))
<BR>[Address Reference Count : 1]<UL><LI> startup_stm32f103xb.o(RESET)
</UL>
<P><STRONG><a name="[41]"></a>RTC_Alarm_IRQHandler</STRONG> (Thumb, 0 bytes, Stack size 0 bytes, startup_stm32f103xb.o(.text))
<BR>[Address Reference Count : 1]<UL><LI> startup_stm32f103xb.o(RESET)
</UL>
<P><STRONG><a name="[1b]"></a>RTC_IRQHandler</STRONG> (Thumb, 0 bytes, Stack size 0 bytes, startup_stm32f103xb.o(.text))
<BR>[Address Reference Count : 1]<UL><LI> startup_stm32f103xb.o(RESET)
</UL>
<P><STRONG><a name="[3b]"></a>SPI1_IRQHandler</STRONG> (Thumb, 0 bytes, Stack size 0 bytes, startup_stm32f103xb.o(.text))
<BR>[Address Reference Count : 1]<UL><LI> startup_stm32f103xb.o(RESET)
</UL>
<P><STRONG><a name="[3c]"></a>SPI2_IRQHandler</STRONG> (Thumb, 0 bytes, Stack size 0 bytes, startup_stm32f103xb.o(.text))
<BR>[Address Reference Count : 1]<UL><LI> startup_stm32f103xb.o(RESET)
</UL>
<P><STRONG><a name="[1a]"></a>TAMPER_IRQHandler</STRONG> (Thumb, 0 bytes, Stack size 0 bytes, startup_stm32f103xb.o(.text))
<BR>[Address Reference Count : 1]<UL><LI> startup_stm32f103xb.o(RESET)
</UL>
<P><STRONG><a name="[30]"></a>TIM1_BRK_IRQHandler</STRONG> (Thumb, 0 bytes, Stack size 0 bytes, startup_stm32f103xb.o(.text))
<BR>[Address Reference Count : 1]<UL><LI> startup_stm32f103xb.o(RESET)
</UL>
<P><STRONG><a name="[32]"></a>TIM1_TRG_COM_IRQHandler</STRONG> (Thumb, 0 bytes, Stack size 0 bytes, startup_stm32f103xb.o(.text))
<BR>[Address Reference Count : 1]<UL><LI> startup_stm32f103xb.o(RESET)
</UL>
<P><STRONG><a name="[31]"></a>TIM1_UP_IRQHandler</STRONG> (Thumb, 0 bytes, Stack size 0 bytes, startup_stm32f103xb.o(.text))
<BR>[Address Reference Count : 1]<UL><LI> startup_stm32f103xb.o(RESET)
</UL>
<P><STRONG><a name="[35]"></a>TIM3_IRQHandler</STRONG> (Thumb, 0 bytes, Stack size 0 bytes, startup_stm32f103xb.o(.text))
<BR>[Address Reference Count : 1]<UL><LI> startup_stm32f103xb.o(RESET)
</UL>
<P><STRONG><a name="[3d]"></a>USART1_IRQHandler</STRONG> (Thumb, 0 bytes, Stack size 0 bytes, startup_stm32f103xb.o(.text))
<BR>[Address Reference Count : 1]<UL><LI> startup_stm32f103xb.o(RESET)
</UL>
<P><STRONG><a name="[42]"></a>USBWakeUp_IRQHandler</STRONG> (Thumb, 0 bytes, Stack size 0 bytes, startup_stm32f103xb.o(.text))
<BR>[Address Reference Count : 1]<UL><LI> startup_stm32f103xb.o(RESET)
</UL>
<P><STRONG><a name="[2b]"></a>USB_HP_CAN1_TX_IRQHandler</STRONG> (Thumb, 0 bytes, Stack size 0 bytes, startup_stm32f103xb.o(.text))
<BR>[Address Reference Count : 1]<UL><LI> startup_stm32f103xb.o(RESET)
</UL>
<P><STRONG><a name="[2c]"></a>USB_LP_CAN1_RX0_IRQHandler</STRONG> (Thumb, 0 bytes, Stack size 0 bytes, startup_stm32f103xb.o(.text))
<BR>[Address Reference Count : 1]<UL><LI> startup_stm32f103xb.o(RESET)
</UL>
<P><STRONG><a name="[18]"></a>WWDG_IRQHandler</STRONG> (Thumb, 0 bytes, Stack size 0 bytes, startup_stm32f103xb.o(.text))
<BR>[Address Reference Count : 1]<UL><LI> startup_stm32f103xb.o(RESET)
</UL>
<P><STRONG><a name="[5e]"></a>__aeabi_uldivmod</STRONG> (Thumb, 98 bytes, Stack size 40 bytes, uldiv.o(.text))
<BR><BR>[Stack]<UL><LI>Max Depth = 40<LI>Call Chain = __aeabi_uldivmod
</UL>
<BR>[Calls]<UL><LI><a href="#[60]">&gt;&gt;</a>&nbsp;&nbsp;&nbsp;__aeabi_llsl
<LI><a href="#[5f]">&gt;&gt;</a>&nbsp;&nbsp;&nbsp;__aeabi_llsr
</UL>
<BR>[Called By]<UL><LI><a href="#[1b1]">&gt;&gt;</a>&nbsp;&nbsp;&nbsp;ticks_inc_1ms
<LI><a href="#[242]">&gt;&gt;</a>&nbsp;&nbsp;&nbsp;_printf_core
<LI><a href="#[245]">&gt;&gt;</a>&nbsp;&nbsp;&nbsp;_fp_digits
</UL>

<P><STRONG><a name="[5f]"></a>__aeabi_llsr</STRONG> (Thumb, 32 bytes, Stack size 0 bytes, llushr.o(.text))
<BR><BR>[Called By]<UL><LI><a href="#[71]">&gt;&gt;</a>&nbsp;&nbsp;&nbsp;__aeabi_d2iz
<LI><a href="#[69]">&gt;&gt;</a>&nbsp;&nbsp;&nbsp;_double_epilogue
<LI><a href="#[74]">&gt;&gt;</a>&nbsp;&nbsp;&nbsp;__aeabi_d2ulz
<LI><a href="#[5e]">&gt;&gt;</a>&nbsp;&nbsp;&nbsp;__aeabi_uldivmod
</UL>

<P><STRONG><a name="[250]"></a>_ll_ushift_r</STRONG> (Thumb, 0 bytes, Stack size 0 bytes, llushr.o(.text), UNUSED)

<P><STRONG><a name="[240]"></a>rand</STRONG> (Thumb, 20 bytes, Stack size 0 bytes, rand.o(.text))
<BR><BR>[Called By]<UL><LI><a href="#[21a]">&gt;&gt;</a>&nbsp;&nbsp;&nbsp;ticks_init
</UL>

<P><STRONG><a name="[251]"></a>srand</STRONG> (Thumb, 6 bytes, Stack size 0 bytes, rand.o(.text), UNUSED)

<P><STRONG><a name="[62]"></a>__aeabi_memset</STRONG> (Thumb, 14 bytes, Stack size 0 bytes, memseta.o(.text), UNUSED)
<BR><BR>[Called By]<UL><LI><a href="#[63]">&gt;&gt;</a>&nbsp;&nbsp;&nbsp;_memset$wrapper
<LI><a href="#[61]">&gt;&gt;</a>&nbsp;&nbsp;&nbsp;__aeabi_memclr
</UL>

<P><STRONG><a name="[252]"></a>__aeabi_memset4</STRONG> (Thumb, 0 bytes, Stack size 0 bytes, memseta.o(.text), UNUSED)

<P><STRONG><a name="[253]"></a>__aeabi_memset8</STRONG> (Thumb, 0 bytes, Stack size 0 bytes, memseta.o(.text), UNUSED)

<P><STRONG><a name="[61]"></a>__aeabi_memclr</STRONG> (Thumb, 4 bytes, Stack size 0 bytes, memseta.o(.text), UNUSED)
<BR><BR>[Calls]<UL><LI><a href="#[62]">&gt;&gt;</a>&nbsp;&nbsp;&nbsp;__aeabi_memset
</UL>

<P><STRONG><a name="[90]"></a>__aeabi_memclr4</STRONG> (Thumb, 0 bytes, Stack size 0 bytes, memseta.o(.text))
<BR><BR>[Called By]<UL><LI><a href="#[222]">&gt;&gt;</a>&nbsp;&nbsp;&nbsp;player_init
<LI><a href="#[203]">&gt;&gt;</a>&nbsp;&nbsp;&nbsp;console_run
<LI><a href="#[f1]">&gt;&gt;</a>&nbsp;&nbsp;&nbsp;BSP_TIM1_Init
<LI><a href="#[e8]">&gt;&gt;</a>&nbsp;&nbsp;&nbsp;BSP_PWR_SystemClock_Config
<LI><a href="#[d3]">&gt;&gt;</a>&nbsp;&nbsp;&nbsp;BSP_IV18_Init
<LI><a href="#[8f]">&gt;&gt;</a>&nbsp;&nbsp;&nbsp;BSP_ADC1_Set_WDG
<LI><a href="#[1f3]">&gt;&gt;</a>&nbsp;&nbsp;&nbsp;player_report_temperature
<LI><a href="#[1f2]">&gt;&gt;</a>&nbsp;&nbsp;&nbsp;player_report_clk
</UL>

<P><STRONG><a name="[254]"></a>__aeabi_memclr8</STRONG> (Thumb, 0 bytes, Stack size 0 bytes, memseta.o(.text), UNUSED)

<P><STRONG><a name="[63]"></a>_memset$wrapper</STRONG> (Thumb, 18 bytes, Stack size 8 bytes, memseta.o(.text), UNUSED)
<BR><BR>[Calls]<UL><LI><a href="#[62]">&gt;&gt;</a>&nbsp;&nbsp;&nbsp;__aeabi_memset
</UL>

<P><STRONG><a name="[99]"></a>strlen</STRONG> (Thumb, 14 bytes, Stack size 0 bytes, strlen.o(.text))
<BR><BR>[Called By]<UL><LI><a href="#[98]">&gt;&gt;</a>&nbsp;&nbsp;&nbsp;BSP_Blue_Tooth_AT_Cmd
</UL>

<P><STRONG><a name="[19d]"></a>strcmp</STRONG> (Thumb, 28 bytes, Stack size 8 bytes, strcmp.o(.text))
<BR><BR>[Stack]<UL><LI>Max Depth = 8<LI>Call Chain = strcmp
</UL>
<BR>[Called By]<UL><LI><a href="#[1a1]">&gt;&gt;</a>&nbsp;&nbsp;&nbsp;OUTLINED_FUNCTION_0
<LI><a href="#[1a7]">&gt;&gt;</a>&nbsp;&nbsp;&nbsp;OUTLINED_FUNCTION_1
<LI><a href="#[19f]">&gt;&gt;</a>&nbsp;&nbsp;&nbsp;OUTLINED_FUNCTION_0
<LI><a href="#[19e]">&gt;&gt;</a>&nbsp;&nbsp;&nbsp;OUTLINED_FUNCTION_0
<LI><a href="#[19c]">&gt;&gt;</a>&nbsp;&nbsp;&nbsp;OUTLINED_FUNCTION_0
<LI><a href="#[1b7]">&gt;&gt;</a>&nbsp;&nbsp;&nbsp;console_search_cmd_by_name
<LI><a href="#[5]">&gt;&gt;</a>&nbsp;&nbsp;&nbsp;con_display
<LI><a href="#[201]">&gt;&gt;</a>&nbsp;&nbsp;&nbsp;find_config
</UL>

<P><STRONG><a name="[64]"></a>atoi</STRONG> (Thumb, 26 bytes, Stack size 16 bytes, atoi.o(.text))
<BR><BR>[Stack]<UL><LI>Max Depth = 88<LI>Call Chain = atoi &rArr; strtol &rArr; _strtoul
</UL>
<BR>[Calls]<UL><LI><a href="#[66]">&gt;&gt;</a>&nbsp;&nbsp;&nbsp;strtol
<LI><a href="#[65]">&gt;&gt;</a>&nbsp;&nbsp;&nbsp;__aeabi_errno_addr
</UL>
<BR>[Called By]<UL><LI><a href="#[1a0]">&gt;&gt;</a>&nbsp;&nbsp;&nbsp;OUTLINED_FUNCTION_0
<LI><a href="#[6]">&gt;&gt;</a>&nbsp;&nbsp;&nbsp;con_player
<LI><a href="#[2]">&gt;&gt;</a>&nbsp;&nbsp;&nbsp;con_motion_sensor
<LI><a href="#[5]">&gt;&gt;</a>&nbsp;&nbsp;&nbsp;con_display
</UL>

<P><STRONG><a name="[67]"></a>__aeabi_dadd</STRONG> (Thumb, 322 bytes, Stack size 48 bytes, dadd.o(.text))
<BR><BR>[Stack]<UL><LI>Max Depth = 88<LI>Call Chain = __aeabi_dadd &rArr; _double_epilogue &rArr; _double_round
</UL>
<BR>[Calls]<UL><LI><a href="#[68]">&gt;&gt;</a>&nbsp;&nbsp;&nbsp;__aeabi_lasr
<LI><a href="#[60]">&gt;&gt;</a>&nbsp;&nbsp;&nbsp;__aeabi_llsl
<LI><a href="#[6a]">&gt;&gt;</a>&nbsp;&nbsp;&nbsp;_double_round
<LI><a href="#[69]">&gt;&gt;</a>&nbsp;&nbsp;&nbsp;_double_epilogue
</UL>
<BR>[Called By]<UL><LI><a href="#[1f5]">&gt;&gt;</a>&nbsp;&nbsp;&nbsp;power_get_bat_voltage
<LI><a href="#[239]">&gt;&gt;</a>&nbsp;&nbsp;&nbsp;thermometer_read_fah
<LI><a href="#[1e9]">&gt;&gt;</a>&nbsp;&nbsp;&nbsp;display_get_light_percent
<LI><a href="#[6b]">&gt;&gt;</a>&nbsp;&nbsp;&nbsp;__aeabi_dsub
<LI><a href="#[1dd]">&gt;&gt;</a>&nbsp;&nbsp;&nbsp;display_mon_light
<LI><a href="#[6c]">&gt;&gt;</a>&nbsp;&nbsp;&nbsp;__aeabi_drsub
<LI><a href="#[245]">&gt;&gt;</a>&nbsp;&nbsp;&nbsp;_fp_digits
</UL>

<P><STRONG><a name="[6b]"></a>__aeabi_dsub</STRONG> (Thumb, 6 bytes, Stack size 0 bytes, dadd.o(.text))
<BR><BR>[Stack]<UL><LI>Max Depth = 88<LI>Call Chain = __aeabi_dsub &rArr; __aeabi_dadd &rArr; _double_epilogue &rArr; _double_round
</UL>
<BR>[Calls]<UL><LI><a href="#[67]">&gt;&gt;</a>&nbsp;&nbsp;&nbsp;__aeabi_dadd
</UL>
<BR>[Called By]<UL><LI><a href="#[1f5]">&gt;&gt;</a>&nbsp;&nbsp;&nbsp;power_get_bat_voltage
<LI><a href="#[1e9]">&gt;&gt;</a>&nbsp;&nbsp;&nbsp;display_get_light_percent
</UL>

<P><STRONG><a name="[6c]"></a>__aeabi_drsub</STRONG> (Thumb, 6 bytes, Stack size 0 bytes, dadd.o(.text), UNUSED)
<BR><BR>[Calls]<UL><LI><a href="#[67]">&gt;&gt;</a>&nbsp;&nbsp;&nbsp;__aeabi_dadd
</UL>

<P><STRONG><a name="[6d]"></a>__aeabi_dmul</STRONG> (Thumb, 228 bytes, Stack size 48 bytes, dmul.o(.text))
<BR><BR>[Stack]<UL><LI>Max Depth = 88<LI>Call Chain = __aeabi_dmul &rArr; _double_epilogue &rArr; _double_round
</UL>
<BR>[Calls]<UL><LI><a href="#[69]">&gt;&gt;</a>&nbsp;&nbsp;&nbsp;_double_epilogue
</UL>
<BR>[Called By]<UL><LI><a href="#[199]">&gt;&gt;</a>&nbsp;&nbsp;&nbsp;OUTLINED_FUNCTION_0
<LI><a href="#[239]">&gt;&gt;</a>&nbsp;&nbsp;&nbsp;thermometer_read_fah
<LI><a href="#[1ad]">&gt;&gt;</a>&nbsp;&nbsp;&nbsp;OUTLINED_FUNCTION_5
<LI><a href="#[1dd]">&gt;&gt;</a>&nbsp;&nbsp;&nbsp;display_mon_light
<LI><a href="#[245]">&gt;&gt;</a>&nbsp;&nbsp;&nbsp;_fp_digits
</UL>

<P><STRONG><a name="[6e]"></a>__aeabi_ddiv</STRONG> (Thumb, 222 bytes, Stack size 32 bytes, ddiv.o(.text))
<BR><BR>[Stack]<UL><LI>Max Depth = 40<LI>Call Chain = __aeabi_ddiv &rArr; _double_round
</UL>
<BR>[Calls]<UL><LI><a href="#[6a]">&gt;&gt;</a>&nbsp;&nbsp;&nbsp;_double_round
</UL>
<BR>[Called By]<UL><LI><a href="#[1f5]">&gt;&gt;</a>&nbsp;&nbsp;&nbsp;power_get_bat_voltage
<LI><a href="#[239]">&gt;&gt;</a>&nbsp;&nbsp;&nbsp;thermometer_read_fah
<LI><a href="#[1e9]">&gt;&gt;</a>&nbsp;&nbsp;&nbsp;display_get_light_percent
<LI><a href="#[245]">&gt;&gt;</a>&nbsp;&nbsp;&nbsp;_fp_digits
</UL>

<P><STRONG><a name="[6f]"></a>__aeabi_i2d</STRONG> (Thumb, 34 bytes, Stack size 16 bytes, dflti.o(.text))
<BR><BR>[Stack]<UL><LI>Max Depth = 56<LI>Call Chain = __aeabi_i2d &rArr; _double_epilogue &rArr; _double_round
</UL>
<BR>[Calls]<UL><LI><a href="#[69]">&gt;&gt;</a>&nbsp;&nbsp;&nbsp;_double_epilogue
</UL>
<BR>[Called By]<UL><LI><a href="#[1f5]">&gt;&gt;</a>&nbsp;&nbsp;&nbsp;power_get_bat_voltage
<LI><a href="#[1e9]">&gt;&gt;</a>&nbsp;&nbsp;&nbsp;display_get_light_percent
</UL>

<P><STRONG><a name="[70]"></a>__aeabi_ui2d</STRONG> (Thumb, 26 bytes, Stack size 16 bytes, dfltui.o(.text))
<BR><BR>[Stack]<UL><LI>Max Depth = 56<LI>Call Chain = __aeabi_ui2d &rArr; _double_epilogue &rArr; _double_round
</UL>
<BR>[Calls]<UL><LI><a href="#[69]">&gt;&gt;</a>&nbsp;&nbsp;&nbsp;_double_epilogue
</UL>
<BR>[Called By]<UL><LI><a href="#[1f5]">&gt;&gt;</a>&nbsp;&nbsp;&nbsp;power_get_bat_voltage
<LI><a href="#[239]">&gt;&gt;</a>&nbsp;&nbsp;&nbsp;thermometer_read_fah
<LI><a href="#[1e9]">&gt;&gt;</a>&nbsp;&nbsp;&nbsp;display_get_light_percent
<LI><a href="#[1dd]">&gt;&gt;</a>&nbsp;&nbsp;&nbsp;display_mon_light
</UL>

<P><STRONG><a name="[71]"></a>__aeabi_d2iz</STRONG> (Thumb, 62 bytes, Stack size 16 bytes, dfixi.o(.text))
<BR><BR>[Stack]<UL><LI>Max Depth = 16<LI>Call Chain = __aeabi_d2iz
</UL>
<BR>[Calls]<UL><LI><a href="#[5f]">&gt;&gt;</a>&nbsp;&nbsp;&nbsp;__aeabi_llsr
</UL>
<BR>[Called By]<UL><LI><a href="#[239]">&gt;&gt;</a>&nbsp;&nbsp;&nbsp;thermometer_read_fah
<LI><a href="#[1e9]">&gt;&gt;</a>&nbsp;&nbsp;&nbsp;display_get_light_percent
<LI><a href="#[1dd]">&gt;&gt;</a>&nbsp;&nbsp;&nbsp;display_mon_light
</UL>

<P><STRONG><a name="[255]"></a>__aeabi_uidiv</STRONG> (Thumb, 0 bytes, Stack size 12 bytes, uidiv.o(.text), UNUSED)

<P><STRONG><a name="[249]"></a>__aeabi_uidivmod</STRONG> (Thumb, 44 bytes, Stack size 12 bytes, uidiv.o(.text), UNUSED)
<BR><BR>[Called By]<UL><LI><a href="#[242]">&gt;&gt;</a>&nbsp;&nbsp;&nbsp;_printf_core
</UL>

<P><STRONG><a name="[60]"></a>__aeabi_llsl</STRONG> (Thumb, 30 bytes, Stack size 0 bytes, llshl.o(.text))
<BR><BR>[Called By]<UL><LI><a href="#[67]">&gt;&gt;</a>&nbsp;&nbsp;&nbsp;__aeabi_dadd
<LI><a href="#[69]">&gt;&gt;</a>&nbsp;&nbsp;&nbsp;_double_epilogue
<LI><a href="#[74]">&gt;&gt;</a>&nbsp;&nbsp;&nbsp;__aeabi_d2ulz
<LI><a href="#[5e]">&gt;&gt;</a>&nbsp;&nbsp;&nbsp;__aeabi_uldivmod
</UL>

<P><STRONG><a name="[256]"></a>_ll_shift_l</STRONG> (Thumb, 0 bytes, Stack size 0 bytes, llshl.o(.text), UNUSED)

<P><STRONG><a name="[68]"></a>__aeabi_lasr</STRONG> (Thumb, 36 bytes, Stack size 0 bytes, llsshr.o(.text))
<BR><BR>[Called By]<UL><LI><a href="#[67]">&gt;&gt;</a>&nbsp;&nbsp;&nbsp;__aeabi_dadd
</UL>

<P><STRONG><a name="[257]"></a>_ll_sshift_r</STRONG> (Thumb, 0 bytes, Stack size 0 bytes, llsshr.o(.text), UNUSED)

<P><STRONG><a name="[66]"></a>strtol</STRONG> (Thumb, 112 bytes, Stack size 32 bytes, strtol.o(.text))
<BR><BR>[Stack]<UL><LI>Max Depth = 72<LI>Call Chain = strtol &rArr; _strtoul
</UL>
<BR>[Calls]<UL><LI><a href="#[73]">&gt;&gt;</a>&nbsp;&nbsp;&nbsp;_strtoul
<LI><a href="#[72]">&gt;&gt;</a>&nbsp;&nbsp;&nbsp;__rt_ctype_table
<LI><a href="#[65]">&gt;&gt;</a>&nbsp;&nbsp;&nbsp;__aeabi_errno_addr
</UL>
<BR>[Called By]<UL><LI><a href="#[64]">&gt;&gt;</a>&nbsp;&nbsp;&nbsp;atoi
</UL>

<P><STRONG><a name="[258]"></a>__I$use$fp</STRONG> (Thumb, 0 bytes, Stack size 8 bytes, iusefp.o(.text), UNUSED)

<P><STRONG><a name="[6a]"></a>_double_round</STRONG> (Thumb, 30 bytes, Stack size 8 bytes, depilogue.o(.text))
<BR><BR>[Stack]<UL><LI>Max Depth = 8<LI>Call Chain = _double_round
</UL>
<BR>[Called By]<UL><LI><a href="#[6e]">&gt;&gt;</a>&nbsp;&nbsp;&nbsp;__aeabi_ddiv
<LI><a href="#[67]">&gt;&gt;</a>&nbsp;&nbsp;&nbsp;__aeabi_dadd
<LI><a href="#[69]">&gt;&gt;</a>&nbsp;&nbsp;&nbsp;_double_epilogue
</UL>

<P><STRONG><a name="[69]"></a>_double_epilogue</STRONG> (Thumb, 156 bytes, Stack size 32 bytes, depilogue.o(.text))
<BR><BR>[Stack]<UL><LI>Max Depth = 40<LI>Call Chain = _double_epilogue &rArr; _double_round
</UL>
<BR>[Calls]<UL><LI><a href="#[60]">&gt;&gt;</a>&nbsp;&nbsp;&nbsp;__aeabi_llsl
<LI><a href="#[6a]">&gt;&gt;</a>&nbsp;&nbsp;&nbsp;_double_round
<LI><a href="#[5f]">&gt;&gt;</a>&nbsp;&nbsp;&nbsp;__aeabi_llsr
</UL>
<BR>[Called By]<UL><LI><a href="#[70]">&gt;&gt;</a>&nbsp;&nbsp;&nbsp;__aeabi_ui2d
<LI><a href="#[6f]">&gt;&gt;</a>&nbsp;&nbsp;&nbsp;__aeabi_i2d
<LI><a href="#[6d]">&gt;&gt;</a>&nbsp;&nbsp;&nbsp;__aeabi_dmul
<LI><a href="#[67]">&gt;&gt;</a>&nbsp;&nbsp;&nbsp;__aeabi_dadd
</UL>

<P><STRONG><a name="[74]"></a>__aeabi_d2ulz</STRONG> (Thumb, 48 bytes, Stack size 0 bytes, dfixul.o(.text), UNUSED)
<BR><BR>[Calls]<UL><LI><a href="#[60]">&gt;&gt;</a>&nbsp;&nbsp;&nbsp;__aeabi_llsl
<LI><a href="#[5f]">&gt;&gt;</a>&nbsp;&nbsp;&nbsp;__aeabi_llsr
</UL>
<BR>[Called By]<UL><LI><a href="#[245]">&gt;&gt;</a>&nbsp;&nbsp;&nbsp;_fp_digits
</UL>

<P><STRONG><a name="[246]"></a>__aeabi_cdrcmple</STRONG> (Thumb, 48 bytes, Stack size 0 bytes, cdrcmple.o(.text), UNUSED)
<BR><BR>[Called By]<UL><LI><a href="#[245]">&gt;&gt;</a>&nbsp;&nbsp;&nbsp;_fp_digits
</UL>

<P><STRONG><a name="[5d]"></a>__scatterload</STRONG> (Thumb, 28 bytes, Stack size 0 bytes, init.o(.text))
<BR><BR>[Calls]<UL><LI><a href="#[75]">&gt;&gt;</a>&nbsp;&nbsp;&nbsp;__main_after_scatterload
</UL>
<BR>[Called By]<UL><LI><a href="#[5c]">&gt;&gt;</a>&nbsp;&nbsp;&nbsp;_main_scatterload
</UL>

<P><STRONG><a name="[259]"></a>__scatterload_rt2</STRONG> (Thumb, 0 bytes, Stack size 0 bytes, init.o(.text), UNUSED)

<P><STRONG><a name="[72]"></a>__rt_ctype_table</STRONG> (Thumb, 4 bytes, Stack size 0 bytes, ctype_o.o(.text))
<BR><BR>[Called By]<UL><LI><a href="#[66]">&gt;&gt;</a>&nbsp;&nbsp;&nbsp;strtol
</UL>

<P><STRONG><a name="[73]"></a>_strtoul</STRONG> (Thumb, 158 bytes, Stack size 40 bytes, _strtoul.o(.text))
<BR><BR>[Stack]<UL><LI>Max Depth = 40<LI>Call Chain = _strtoul
</UL>
<BR>[Calls]<UL><LI><a href="#[76]">&gt;&gt;</a>&nbsp;&nbsp;&nbsp;_chval
<LI><a href="#[65]">&gt;&gt;</a>&nbsp;&nbsp;&nbsp;__aeabi_errno_addr
</UL>
<BR>[Called By]<UL><LI><a href="#[66]">&gt;&gt;</a>&nbsp;&nbsp;&nbsp;strtol
</UL>

<P><STRONG><a name="[76]"></a>_chval</STRONG> (Thumb, 28 bytes, Stack size 0 bytes, _chval.o(.text))
<BR><BR>[Called By]<UL><LI><a href="#[73]">&gt;&gt;</a>&nbsp;&nbsp;&nbsp;_strtoul
</UL>

<P><STRONG><a name="[25a]"></a>__decompress</STRONG> (Thumb, 0 bytes, Stack size unknown bytes, __dczerorl2.o(.text), UNUSED)

<P><STRONG><a name="[25b]"></a>__decompress1</STRONG> (Thumb, 86 bytes, Stack size unknown bytes, __dczerorl2.o(.text), UNUSED)

<P><STRONG><a name="[2a]"></a>ADC1_2_IRQHandler</STRONG> (Thumb, 24 bytes, Stack size 8 bytes, adc.o(.text.ADC1_2_IRQHandler))
<BR><BR>[Stack]<UL><LI>Max Depth = 120<LI>Call Chain = ADC1_2_IRQHandler &rArr; HAL_ADC_IRQHandler &rArr; HAL_ADC_LevelOutOfWindowCallback &rArr; debug_printf &rArr; BSP_USART1_Transmit &rArr; BSP_USART_Transmit &rArr; HAL_UART_Transmit &rArr; UART_WaitOnFlagUntilTimeout
</UL>
<BR>[Calls]<UL><LI><a href="#[77]">&gt;&gt;</a>&nbsp;&nbsp;&nbsp;HAL_ADC_IRQHandler
</UL>
<BR>[Address Reference Count : 1]<UL><LI> startup_stm32f103xb.o(RESET)
</UL>
<P><STRONG><a name="[78]"></a>ADC_ConversionStop_Disable</STRONG> (Thumb, 68 bytes, Stack size 16 bytes, stm32f1xx_hal_adc.o(.text.ADC_ConversionStop_Disable))
<BR><BR>[Stack]<UL><LI>Max Depth = 16<LI>Call Chain = ADC_ConversionStop_Disable
</UL>
<BR>[Calls]<UL><LI><a href="#[79]">&gt;&gt;</a>&nbsp;&nbsp;&nbsp;HAL_GetTick
</UL>
<BR>[Called By]<UL><LI><a href="#[118]">&gt;&gt;</a>&nbsp;&nbsp;&nbsp;OUTLINED_FUNCTION_2
<LI><a href="#[8c]">&gt;&gt;</a>&nbsp;&nbsp;&nbsp;HAL_ADC_Init
</UL>

<P><STRONG><a name="[7a]"></a>ADC_Enable</STRONG> (Thumb, 100 bytes, Stack size 24 bytes, stm32f1xx_hal_adc.o(.text.ADC_Enable))
<BR><BR>[Stack]<UL><LI>Max Depth = 24<LI>Call Chain = ADC_Enable
</UL>
<BR>[Calls]<UL><LI><a href="#[79]">&gt;&gt;</a>&nbsp;&nbsp;&nbsp;HAL_GetTick
</UL>
<BR>[Called By]<UL><LI><a href="#[8e]">&gt;&gt;</a>&nbsp;&nbsp;&nbsp;HAL_ADCEx_Calibration_Start
<LI><a href="#[124]">&gt;&gt;</a>&nbsp;&nbsp;&nbsp;OUTLINED_FUNCTION_0
<LI><a href="#[97]">&gt;&gt;</a>&nbsp;&nbsp;&nbsp;BSP_ADC2_Init
<LI><a href="#[8b]">&gt;&gt;</a>&nbsp;&nbsp;&nbsp;BSP_ADC1_Init
</UL>

<P><STRONG><a name="[7b]"></a>BSP_ACC_Init</STRONG> (Thumb, 168 bytes, Stack size 48 bytes, acc.o(.text.BSP_ACC_Init))
<BR><BR>[Stack]<UL><LI>Max Depth = 248<LI>Call Chain = BSP_ACC_Init &rArr; config_read &rArr; BSP_ROM_Read &rArr; BSP_I2C_Read &rArr; HAL_I2C_Mem_Read &rArr; I2C_RequestMemoryRead &rArr; OUTLINED_FUNCTION_31 &rArr; I2C_WaitOnFlagUntilTimeout
</UL>
<BR>[Calls]<UL><LI><a href="#[7d]">&gt;&gt;</a>&nbsp;&nbsp;&nbsp;HAL_NVIC_EnableIRQ
<LI><a href="#[4a]">&gt;&gt;</a>&nbsp;&nbsp;&nbsp;HAL_GPIO_Init
<LI><a href="#[7c]">&gt;&gt;</a>&nbsp;&nbsp;&nbsp;HAL_NVIC_SetPriority
<LI><a href="#[4e]">&gt;&gt;</a>&nbsp;&nbsp;&nbsp;config_read
<LI><a href="#[82]">&gt;&gt;</a>&nbsp;&nbsp;&nbsp;BSP_Read_Int_Status
<LI><a href="#[7f]">&gt;&gt;</a>&nbsp;&nbsp;&nbsp;BSP_ACC_Threshold_Set
<LI><a href="#[81]">&gt;&gt;</a>&nbsp;&nbsp;&nbsp;delay_ms
<LI><a href="#[80]">&gt;&gt;</a>&nbsp;&nbsp;&nbsp;OUTLINED_FUNCTION_1
<LI><a href="#[7e]">&gt;&gt;</a>&nbsp;&nbsp;&nbsp;OUTLINED_FUNCTION_0
</UL>
<BR>[Called By]<UL><LI><a href="#[43]">&gt;&gt;</a>&nbsp;&nbsp;&nbsp;main
</UL>

<P><STRONG><a name="[22a]"></a>BSP_ACC_Is_Power_On</STRONG> (Thumb, 8 bytes, Stack size 0 bytes, acc.o(.text.BSP_ACC_Is_Power_On))
<BR><BR>[Called By]<UL><LI><a href="#[1eb]">&gt;&gt;</a>&nbsp;&nbsp;&nbsp;motion_sensor_show
</UL>

<P><STRONG><a name="[83]"></a>BSP_ACC_Power_Off</STRONG> (Thumb, 68 bytes, Stack size 24 bytes, acc.o(.text.BSP_ACC_Power_Off))
<BR><BR>[Stack]<UL><LI>Max Depth = 208<LI>Call Chain = BSP_ACC_Power_Off &rArr; BSP_Read_Int_Status &rArr; OUTLINED_FUNCTION_2 &rArr; BSP_I2C_Read &rArr; HAL_I2C_Mem_Read &rArr; I2C_RequestMemoryRead &rArr; OUTLINED_FUNCTION_31 &rArr; I2C_WaitOnFlagUntilTimeout
</UL>
<BR>[Calls]<UL><LI><a href="#[47]">&gt;&gt;</a>&nbsp;&nbsp;&nbsp;debug_printf
<LI><a href="#[82]">&gt;&gt;</a>&nbsp;&nbsp;&nbsp;BSP_Read_Int_Status
<LI><a href="#[81]">&gt;&gt;</a>&nbsp;&nbsp;&nbsp;delay_ms
<LI><a href="#[84]">&gt;&gt;</a>&nbsp;&nbsp;&nbsp;OUTLINED_FUNCTION_3
<LI><a href="#[46]">&gt;&gt;</a>&nbsp;&nbsp;&nbsp;BSP_I2C_Write
</UL>
<BR>[Called By]<UL><LI><a href="#[1ec]">&gt;&gt;</a>&nbsp;&nbsp;&nbsp;motion_sensor_enable
</UL>

<P><STRONG><a name="[85]"></a>BSP_ACC_Power_On</STRONG> (Thumb, 80 bytes, Stack size 24 bytes, acc.o(.text.BSP_ACC_Power_On))
<BR><BR>[Stack]<UL><LI>Max Depth = 224<LI>Call Chain = BSP_ACC_Power_On &rArr; config_read &rArr; BSP_ROM_Read &rArr; BSP_I2C_Read &rArr; HAL_I2C_Mem_Read &rArr; I2C_RequestMemoryRead &rArr; OUTLINED_FUNCTION_31 &rArr; I2C_WaitOnFlagUntilTimeout
</UL>
<BR>[Calls]<UL><LI><a href="#[47]">&gt;&gt;</a>&nbsp;&nbsp;&nbsp;debug_printf
<LI><a href="#[4e]">&gt;&gt;</a>&nbsp;&nbsp;&nbsp;config_read
<LI><a href="#[82]">&gt;&gt;</a>&nbsp;&nbsp;&nbsp;BSP_Read_Int_Status
<LI><a href="#[7f]">&gt;&gt;</a>&nbsp;&nbsp;&nbsp;BSP_ACC_Threshold_Set
<LI><a href="#[81]">&gt;&gt;</a>&nbsp;&nbsp;&nbsp;delay_ms
<LI><a href="#[84]">&gt;&gt;</a>&nbsp;&nbsp;&nbsp;OUTLINED_FUNCTION_3
<LI><a href="#[46]">&gt;&gt;</a>&nbsp;&nbsp;&nbsp;BSP_I2C_Write
</UL>
<BR>[Called By]<UL><LI><a href="#[1ec]">&gt;&gt;</a>&nbsp;&nbsp;&nbsp;motion_sensor_enable
</UL>

<P><STRONG><a name="[86]"></a>BSP_ACC_Threshold_Get</STRONG> (Thumb, 20 bytes, Stack size 16 bytes, acc.o(.text.BSP_ACC_Threshold_Get))
<BR><BR>[Stack]<UL><LI>Max Depth = 184<LI>Call Chain = BSP_ACC_Threshold_Get &rArr; OUTLINED_FUNCTION_2 &rArr; BSP_I2C_Read &rArr; HAL_I2C_Mem_Read &rArr; I2C_RequestMemoryRead &rArr; OUTLINED_FUNCTION_31 &rArr; I2C_WaitOnFlagUntilTimeout
</UL>
<BR>[Calls]<UL><LI><a href="#[87]">&gt;&gt;</a>&nbsp;&nbsp;&nbsp;OUTLINED_FUNCTION_2
</UL>
<BR>[Called By]<UL><LI><a href="#[1eb]">&gt;&gt;</a>&nbsp;&nbsp;&nbsp;motion_sensor_show
</UL>

<P><STRONG><a name="[7f]"></a>BSP_ACC_Threshold_Set</STRONG> (Thumb, 46 bytes, Stack size 16 bytes, acc.o(.text.BSP_ACC_Threshold_Set))
<BR><BR>[Stack]<UL><LI>Max Depth = 176<LI>Call Chain = BSP_ACC_Threshold_Set &rArr; BSP_I2C_Write &rArr; HAL_I2C_Mem_Write &rArr; I2C_RequestMemoryWrite &rArr; I2C_WaitOnFlagUntilTimeout
</UL>
<BR>[Calls]<UL><LI><a href="#[46]">&gt;&gt;</a>&nbsp;&nbsp;&nbsp;BSP_I2C_Write
</UL>
<BR>[Called By]<UL><LI><a href="#[7b]">&gt;&gt;</a>&nbsp;&nbsp;&nbsp;BSP_ACC_Init
<LI><a href="#[85]">&gt;&gt;</a>&nbsp;&nbsp;&nbsp;BSP_ACC_Power_On
<LI><a href="#[1ed]">&gt;&gt;</a>&nbsp;&nbsp;&nbsp;motion_sensor_set_th
</UL>

<P><STRONG><a name="[88]"></a>BSP_ADC1_Get_Value</STRONG> (Thumb, 92 bytes, Stack size 40 bytes, adc.o(.text.BSP_ADC1_Get_Value))
<BR><BR>[Stack]<UL><LI>Max Depth = 40<LI>Call Chain = BSP_ADC1_Get_Value
</UL>
<BR>[Calls]<UL><LI><a href="#[8a]">&gt;&gt;</a>&nbsp;&nbsp;&nbsp;HAL_RCC_GetHCLKFreq
<LI><a href="#[89]">&gt;&gt;</a>&nbsp;&nbsp;&nbsp;HAL_ADC_GetValue
</UL>
<BR>[Called By]<UL><LI><a href="#[1f5]">&gt;&gt;</a>&nbsp;&nbsp;&nbsp;power_get_bat_voltage
<LI><a href="#[1fe]">&gt;&gt;</a>&nbsp;&nbsp;&nbsp;power_cal_90
<LI><a href="#[1fd]">&gt;&gt;</a>&nbsp;&nbsp;&nbsp;power_cal_65
</UL>

<P><STRONG><a name="[8b]"></a>BSP_ADC1_Init</STRONG> (Thumb, 84 bytes, Stack size 32 bytes, adc.o(.text.BSP_ADC1_Init))
<BR><BR>[Stack]<UL><LI>Max Depth = 124<LI>Call Chain = BSP_ADC1_Init &rArr; HAL_ADC_Init &rArr; HAL_ADC_MspInit &rArr; HAL_GPIO_Init
</UL>
<BR>[Calls]<UL><LI><a href="#[8e]">&gt;&gt;</a>&nbsp;&nbsp;&nbsp;HAL_ADCEx_Calibration_Start
<LI><a href="#[8c]">&gt;&gt;</a>&nbsp;&nbsp;&nbsp;HAL_ADC_Init
<LI><a href="#[8d]">&gt;&gt;</a>&nbsp;&nbsp;&nbsp;HAL_ADC_ConfigChannel
<LI><a href="#[7a]">&gt;&gt;</a>&nbsp;&nbsp;&nbsp;ADC_Enable
</UL>
<BR>[Called By]<UL><LI><a href="#[43]">&gt;&gt;</a>&nbsp;&nbsp;&nbsp;main
</UL>

<P><STRONG><a name="[8f]"></a>BSP_ADC1_Set_WDG</STRONG> (Thumb, 56 bytes, Stack size 40 bytes, adc.o(.text.BSP_ADC1_Set_WDG))
<BR><BR>[Stack]<UL><LI>Max Depth = 56<LI>Call Chain = BSP_ADC1_Set_WDG &rArr; HAL_ADC_AnalogWDGConfig
</UL>
<BR>[Calls]<UL><LI><a href="#[91]">&gt;&gt;</a>&nbsp;&nbsp;&nbsp;HAL_ADC_AnalogWDGConfig
<LI><a href="#[90]">&gt;&gt;</a>&nbsp;&nbsp;&nbsp;__aeabi_memclr4
</UL>
<BR>[Called By]<UL><LI><a href="#[21e]">&gt;&gt;</a>&nbsp;&nbsp;&nbsp;power_init
</UL>

<P><STRONG><a name="[92]"></a>BSP_ADC1_Start</STRONG> (Thumb, 16 bytes, Stack size 8 bytes, adc.o(.text.BSP_ADC1_Start))
<BR><BR>[Stack]<UL><LI>Max Depth = 48<LI>Call Chain = BSP_ADC1_Start &rArr; HAL_ADC_Start_IT &rArr; OUTLINED_FUNCTION_0 &rArr; ADC_Enable
</UL>
<BR>[Calls]<UL><LI><a href="#[93]">&gt;&gt;</a>&nbsp;&nbsp;&nbsp;HAL_ADC_Start_IT
</UL>
<BR>[Called By]<UL><LI><a href="#[23b]">&gt;&gt;</a>&nbsp;&nbsp;&nbsp;power_mon_start
</UL>

<P><STRONG><a name="[94]"></a>BSP_ADC2_Get_Value</STRONG> (Thumb, 68 bytes, Stack size 24 bytes, adc.o(.text.BSP_ADC2_Get_Value))
<BR><BR>[Stack]<UL><LI>Max Depth = 120<LI>Call Chain = BSP_ADC2_Get_Value &rArr; debug_printf &rArr; BSP_USART1_Transmit &rArr; BSP_USART_Transmit &rArr; HAL_UART_Transmit &rArr; UART_WaitOnFlagUntilTimeout
</UL>
<BR>[Calls]<UL><LI><a href="#[95]">&gt;&gt;</a>&nbsp;&nbsp;&nbsp;HAL_ADC_Start
<LI><a href="#[96]">&gt;&gt;</a>&nbsp;&nbsp;&nbsp;HAL_ADC_PollForConversion
<LI><a href="#[89]">&gt;&gt;</a>&nbsp;&nbsp;&nbsp;HAL_ADC_GetValue
<LI><a href="#[47]">&gt;&gt;</a>&nbsp;&nbsp;&nbsp;debug_printf
</UL>
<BR>[Called By]<UL><LI><a href="#[1e9]">&gt;&gt;</a>&nbsp;&nbsp;&nbsp;display_get_light_percent
<LI><a href="#[1e7]">&gt;&gt;</a>&nbsp;&nbsp;&nbsp;display_cal_100
<LI><a href="#[1e6]">&gt;&gt;</a>&nbsp;&nbsp;&nbsp;display_cal_0
</UL>

<P><STRONG><a name="[97]"></a>BSP_ADC2_Init</STRONG> (Thumb, 92 bytes, Stack size 32 bytes, adc.o(.text.BSP_ADC2_Init))
<BR><BR>[Stack]<UL><LI>Max Depth = 124<LI>Call Chain = BSP_ADC2_Init &rArr; HAL_ADC_Init &rArr; HAL_ADC_MspInit &rArr; HAL_GPIO_Init
</UL>
<BR>[Calls]<UL><LI><a href="#[8e]">&gt;&gt;</a>&nbsp;&nbsp;&nbsp;HAL_ADCEx_Calibration_Start
<LI><a href="#[8c]">&gt;&gt;</a>&nbsp;&nbsp;&nbsp;HAL_ADC_Init
<LI><a href="#[8d]">&gt;&gt;</a>&nbsp;&nbsp;&nbsp;HAL_ADC_ConfigChannel
<LI><a href="#[7a]">&gt;&gt;</a>&nbsp;&nbsp;&nbsp;ADC_Enable
</UL>
<BR>[Called By]<UL><LI><a href="#[43]">&gt;&gt;</a>&nbsp;&nbsp;&nbsp;main
</UL>

<P><STRONG><a name="[9c]"></a>BSP_Blue_Tooth_Init</STRONG> (Thumb, 72 bytes, Stack size 32 bytes, blue_tooth.o(.text.BSP_Blue_Tooth_Init))
<BR><BR>[Stack]<UL><LI>Max Depth = 200<LI>Call Chain = BSP_Blue_Tooth_Init &rArr; BSP_Blue_Tooth_Rst &rArr; BSP_Blue_Tooth_AT_Cmd &rArr; debug_printf &rArr; BSP_USART1_Transmit &rArr; BSP_USART_Transmit &rArr; HAL_UART_Transmit &rArr; UART_WaitOnFlagUntilTimeout
</UL>
<BR>[Calls]<UL><LI><a href="#[7d]">&gt;&gt;</a>&nbsp;&nbsp;&nbsp;HAL_NVIC_EnableIRQ
<LI><a href="#[4a]">&gt;&gt;</a>&nbsp;&nbsp;&nbsp;HAL_GPIO_Init
<LI><a href="#[7c]">&gt;&gt;</a>&nbsp;&nbsp;&nbsp;HAL_NVIC_SetPriority
<LI><a href="#[9d]">&gt;&gt;</a>&nbsp;&nbsp;&nbsp;BSP_Blue_Tooth_Rst
</UL>
<BR>[Called By]<UL><LI><a href="#[43]">&gt;&gt;</a>&nbsp;&nbsp;&nbsp;main
</UL>

<P><STRONG><a name="[9d]"></a>BSP_Blue_Tooth_Rst</STRONG> (Thumb, 28 bytes, Stack size 48 bytes, blue_tooth.o(.text.BSP_Blue_Tooth_Rst))
<BR><BR>[Stack]<UL><LI>Max Depth = 168<LI>Call Chain = BSP_Blue_Tooth_Rst &rArr; BSP_Blue_Tooth_AT_Cmd &rArr; debug_printf &rArr; BSP_USART1_Transmit &rArr; BSP_USART_Transmit &rArr; HAL_UART_Transmit &rArr; UART_WaitOnFlagUntilTimeout
</UL>
<BR>[Calls]<UL><LI><a href="#[98]">&gt;&gt;</a>&nbsp;&nbsp;&nbsp;BSP_Blue_Tooth_AT_Cmd
</UL>
<BR>[Called By]<UL><LI><a href="#[9c]">&gt;&gt;</a>&nbsp;&nbsp;&nbsp;BSP_Blue_Tooth_Init
</UL>

<P><STRONG><a name="[9e]"></a>BSP_DS3231_Alarm_Get_Date</STRONG> (Thumb, 28 bytes, Stack size 0 bytes, ds3231.o(.text.BSP_DS3231_Alarm_Get_Date))
<BR><BR>[Calls]<UL><LI><a href="#[9f]">&gt;&gt;</a>&nbsp;&nbsp;&nbsp;OUTLINED_FUNCTION_4
</UL>
<BR>[Called By]<UL><LI><a href="#[b4]">&gt;&gt;</a>&nbsp;&nbsp;&nbsp;BSP_DS3231_Dump
</UL>

<P><STRONG><a name="[a0]"></a>BSP_DS3231_Alarm_Get_Hour</STRONG> (Thumb, 20 bytes, Stack size 0 bytes, ds3231.o(.text.BSP_DS3231_Alarm_Get_Hour))
<BR><BR>[Calls]<UL><LI><a href="#[a1]">&gt;&gt;</a>&nbsp;&nbsp;&nbsp;_ds3231_get_hour
</UL>
<BR>[Called By]<UL><LI><a href="#[b4]">&gt;&gt;</a>&nbsp;&nbsp;&nbsp;BSP_DS3231_Dump
</UL>

<P><STRONG><a name="[b9]"></a>BSP_DS3231_Alarm_Get_Hour_12</STRONG> (Thumb, 20 bytes, Stack size 0 bytes, ds3231.o(.text.BSP_DS3231_Alarm_Get_Hour_12))
<BR><BR>[Called By]<UL><LI><a href="#[b4]">&gt;&gt;</a>&nbsp;&nbsp;&nbsp;BSP_DS3231_Dump
</UL>

<P><STRONG><a name="[a2]"></a>BSP_DS3231_Alarm_Get_Min</STRONG> (Thumb, 20 bytes, Stack size 0 bytes, ds3231.o(.text.BSP_DS3231_Alarm_Get_Min))
<BR><BR>[Calls]<UL><LI><a href="#[a3]">&gt;&gt;</a>&nbsp;&nbsp;&nbsp;OUTLINED_FUNCTION_0
</UL>
<BR>[Called By]<UL><LI><a href="#[b4]">&gt;&gt;</a>&nbsp;&nbsp;&nbsp;BSP_DS3231_Dump
</UL>

<P><STRONG><a name="[a5]"></a>BSP_DS3231_Alarm_Get_Mode</STRONG> (Thumb, 184 bytes, Stack size 16 bytes, ds3231.o(.text.BSP_DS3231_Alarm_Get_Mode))
<BR><BR>[Stack]<UL><LI>Max Depth = 16<LI>Call Chain = BSP_DS3231_Alarm_Get_Mode
</UL>
<BR>[Called By]<UL><LI><a href="#[a4]">&gt;&gt;</a>&nbsp;&nbsp;&nbsp;BSP_DS3231_Alarm_Get_Mode_Str
</UL>

<P><STRONG><a name="[a4]"></a>BSP_DS3231_Alarm_Get_Mode_Str</STRONG> (Thumb, 16 bytes, Stack size 8 bytes, ds3231.o(.text.BSP_DS3231_Alarm_Get_Mode_Str))
<BR><BR>[Stack]<UL><LI>Max Depth = 24<LI>Call Chain = BSP_DS3231_Alarm_Get_Mode_Str &rArr; BSP_DS3231_Alarm_Get_Mode
</UL>
<BR>[Calls]<UL><LI><a href="#[a5]">&gt;&gt;</a>&nbsp;&nbsp;&nbsp;BSP_DS3231_Alarm_Get_Mode
</UL>
<BR>[Called By]<UL><LI><a href="#[b4]">&gt;&gt;</a>&nbsp;&nbsp;&nbsp;BSP_DS3231_Dump
</UL>

<P><STRONG><a name="[a6]"></a>BSP_DS3231_Alarm_Get_Sec</STRONG> (Thumb, 20 bytes, Stack size 0 bytes, ds3231.o(.text.BSP_DS3231_Alarm_Get_Sec))
<BR><BR>[Calls]<UL><LI><a href="#[a3]">&gt;&gt;</a>&nbsp;&nbsp;&nbsp;OUTLINED_FUNCTION_0
</UL>
<BR>[Called By]<UL><LI><a href="#[b4]">&gt;&gt;</a>&nbsp;&nbsp;&nbsp;BSP_DS3231_Dump
</UL>

<P><STRONG><a name="[a7]"></a>BSP_DS3231_Alarm_Set_Hour</STRONG> (Thumb, 16 bytes, Stack size 0 bytes, ds3231.o(.text.BSP_DS3231_Alarm_Set_Hour))
<BR><BR>[Stack]<UL><LI>Max Depth = 16<LI>Call Chain = BSP_DS3231_Alarm_Set_Hour &rArr; _ds3231_set_hour
</UL>
<BR>[Calls]<UL><LI><a href="#[a8]">&gt;&gt;</a>&nbsp;&nbsp;&nbsp;_ds3231_set_hour
</UL>
<BR>[Called By]<UL><LI><a href="#[1bd]">&gt;&gt;</a>&nbsp;&nbsp;&nbsp;alarm1_sync_to_rtc
<LI><a href="#[1b8]">&gt;&gt;</a>&nbsp;&nbsp;&nbsp;alarm0_sync_to_rtc
</UL>

<P><STRONG><a name="[a9]"></a>BSP_DS3231_Alarm_Set_Hour_12</STRONG> (Thumb, 16 bytes, Stack size 0 bytes, ds3231.o(.text.BSP_DS3231_Alarm_Set_Hour_12))
<BR><BR>[Stack]<UL><LI>Max Depth = 32<LI>Call Chain = BSP_DS3231_Alarm_Set_Hour_12 &rArr; _ds3231_set_hour_12 &rArr; _ds3231_set_hour
</UL>
<BR>[Calls]<UL><LI><a href="#[aa]">&gt;&gt;</a>&nbsp;&nbsp;&nbsp;_ds3231_set_hour_12
</UL>
<BR>[Called By]<UL><LI><a href="#[bb]">&gt;&gt;</a>&nbsp;&nbsp;&nbsp;BSP_DS3231_Init
</UL>

<P><STRONG><a name="[1ba]"></a>BSP_DS3231_Alarm_Set_Min</STRONG> (Thumb, 44 bytes, Stack size 0 bytes, ds3231.o(.text.BSP_DS3231_Alarm_Set_Min))
<BR><BR>[Called By]<UL><LI><a href="#[1bd]">&gt;&gt;</a>&nbsp;&nbsp;&nbsp;alarm1_sync_to_rtc
<LI><a href="#[1b8]">&gt;&gt;</a>&nbsp;&nbsp;&nbsp;alarm0_sync_to_rtc
</UL>

<P><STRONG><a name="[1b9]"></a>BSP_DS3231_Alarm_Set_Mode</STRONG> (Thumb, 168 bytes, Stack size 16 bytes, ds3231.o(.text.BSP_DS3231_Alarm_Set_Mode))
<BR><BR>[Stack]<UL><LI>Max Depth = 16<LI>Call Chain = BSP_DS3231_Alarm_Set_Mode
</UL>
<BR>[Called By]<UL><LI><a href="#[1bd]">&gt;&gt;</a>&nbsp;&nbsp;&nbsp;alarm1_sync_to_rtc
<LI><a href="#[1b8]">&gt;&gt;</a>&nbsp;&nbsp;&nbsp;alarm0_sync_to_rtc
</UL>

<P><STRONG><a name="[ab]"></a>BSP_DS3231_Alarm_Set_Sec</STRONG> (Thumb, 32 bytes, Stack size 8 bytes, ds3231.o(.text.BSP_DS3231_Alarm_Set_Sec))
<BR><BR>[Stack]<UL><LI>Max Depth = 8<LI>Call Chain = BSP_DS3231_Alarm_Set_Sec
</UL>
<BR>[Calls]<UL><LI><a href="#[ac]">&gt;&gt;</a>&nbsp;&nbsp;&nbsp;OUTLINED_FUNCTION_5
</UL>
<BR>[Called By]<UL><LI><a href="#[1b8]">&gt;&gt;</a>&nbsp;&nbsp;&nbsp;alarm0_sync_to_rtc
</UL>

<P><STRONG><a name="[1bc]"></a>BSP_DS3231_Clr_Alarm_Int_Flag</STRONG> (Thumb, 24 bytes, Stack size 0 bytes, ds3231.o(.text.BSP_DS3231_Clr_Alarm_Int_Flag))
<BR><BR>[Called By]<UL><LI><a href="#[127]">&gt;&gt;</a>&nbsp;&nbsp;&nbsp;alarm_scan
<LI><a href="#[1bd]">&gt;&gt;</a>&nbsp;&nbsp;&nbsp;alarm1_sync_to_rtc
<LI><a href="#[1b8]">&gt;&gt;</a>&nbsp;&nbsp;&nbsp;alarm0_sync_to_rtc
</UL>

<P><STRONG><a name="[ad]"></a>BSP_DS3231_Date_Get_Date</STRONG> (Thumb, 16 bytes, Stack size 0 bytes, ds3231.o(.text.BSP_DS3231_Date_Get_Date))
<BR><BR>[Calls]<UL><LI><a href="#[9f]">&gt;&gt;</a>&nbsp;&nbsp;&nbsp;OUTLINED_FUNCTION_4
</UL>
<BR>[Called By]<UL><LI><a href="#[1dc]">&gt;&gt;</a>&nbsp;&nbsp;&nbsp;rtc_get_date
</UL>

<P><STRONG><a name="[23e]"></a>BSP_DS3231_Date_Get_Day</STRONG> (Thumb, 8 bytes, Stack size 0 bytes, ds3231.o(.text.BSP_DS3231_Date_Get_Day))
<BR><BR>[Called By]<UL><LI><a href="#[1dc]">&gt;&gt;</a>&nbsp;&nbsp;&nbsp;rtc_get_date
</UL>

<P><STRONG><a name="[ae]"></a>BSP_DS3231_Date_Get_Month</STRONG> (Thumb, 16 bytes, Stack size 0 bytes, ds3231.o(.text.BSP_DS3231_Date_Get_Month))
<BR><BR>[Calls]<UL><LI><a href="#[9f]">&gt;&gt;</a>&nbsp;&nbsp;&nbsp;OUTLINED_FUNCTION_4
</UL>
<BR>[Called By]<UL><LI><a href="#[1dc]">&gt;&gt;</a>&nbsp;&nbsp;&nbsp;rtc_get_date
</UL>

<P><STRONG><a name="[23d]"></a>BSP_DS3231_Date_Get_Year</STRONG> (Thumb, 24 bytes, Stack size 0 bytes, ds3231.o(.text.BSP_DS3231_Date_Get_Year))
<BR><BR>[Called By]<UL><LI><a href="#[1dc]">&gt;&gt;</a>&nbsp;&nbsp;&nbsp;rtc_get_date
</UL>

<P><STRONG><a name="[af]"></a>BSP_DS3231_Date_Set_Date</STRONG> (Thumb, 136 bytes, Stack size 16 bytes, ds3231.o(.text.BSP_DS3231_Date_Set_Date))
<BR><BR>[Stack]<UL><LI>Max Depth = 112<LI>Call Chain = BSP_DS3231_Date_Set_Date &rArr; debug_printf &rArr; BSP_USART1_Transmit &rArr; BSP_USART_Transmit &rArr; HAL_UART_Transmit &rArr; UART_WaitOnFlagUntilTimeout
</UL>
<BR>[Calls]<UL><LI><a href="#[47]">&gt;&gt;</a>&nbsp;&nbsp;&nbsp;debug_printf
<LI><a href="#[b0]">&gt;&gt;</a>&nbsp;&nbsp;&nbsp;OUTLINED_FUNCTION_3
</UL>
<BR>[Called By]<UL><LI><a href="#[1d7]">&gt;&gt;</a>&nbsp;&nbsp;&nbsp;rtc_set_date
</UL>

<P><STRONG><a name="[23f]"></a>BSP_DS3231_Date_Set_Day</STRONG> (Thumb, 12 bytes, Stack size 0 bytes, ds3231.o(.text.BSP_DS3231_Date_Set_Day))
<BR><BR>[Called By]<UL><LI><a href="#[1d7]">&gt;&gt;</a>&nbsp;&nbsp;&nbsp;rtc_set_date
</UL>

<P><STRONG><a name="[b1]"></a>BSP_DS3231_Date_Set_Month</STRONG> (Thumb, 16 bytes, Stack size 0 bytes, ds3231.o(.text.BSP_DS3231_Date_Set_Month))
<BR><BR>[Calls]<UL><LI><a href="#[b2]">&gt;&gt;</a>&nbsp;&nbsp;&nbsp;OUTLINED_FUNCTION_2
</UL>
<BR>[Called By]<UL><LI><a href="#[1d7]">&gt;&gt;</a>&nbsp;&nbsp;&nbsp;rtc_set_date
</UL>

<P><STRONG><a name="[b3]"></a>BSP_DS3231_Date_Set_Year</STRONG> (Thumb, 16 bytes, Stack size 0 bytes, ds3231.o(.text.BSP_DS3231_Date_Set_Year))
<BR><BR>[Calls]<UL><LI><a href="#[b2]">&gt;&gt;</a>&nbsp;&nbsp;&nbsp;OUTLINED_FUNCTION_2
</UL>
<BR>[Called By]<UL><LI><a href="#[1d7]">&gt;&gt;</a>&nbsp;&nbsp;&nbsp;rtc_set_date
</UL>

<P><STRONG><a name="[b4]"></a>BSP_DS3231_Dump</STRONG> (Thumb, 636 bytes, Stack size 48 bytes, ds3231.o(.text.BSP_DS3231_Dump))
<BR><BR>[Stack]<UL><LI>Max Depth = 72<LI>Call Chain = BSP_DS3231_Dump &rArr; BSP_DS3231_Alarm_Get_Mode_Str &rArr; BSP_DS3231_Alarm_Get_Mode
</UL>
<BR>[Calls]<UL><LI><a href="#[b5]">&gt;&gt;</a>&nbsp;&nbsp;&nbsp;BSP_DS3231_Time_Get_Hour
<LI><a href="#[a6]">&gt;&gt;</a>&nbsp;&nbsp;&nbsp;BSP_DS3231_Alarm_Get_Sec
<LI><a href="#[a4]">&gt;&gt;</a>&nbsp;&nbsp;&nbsp;BSP_DS3231_Alarm_Get_Mode_Str
<LI><a href="#[a2]">&gt;&gt;</a>&nbsp;&nbsp;&nbsp;BSP_DS3231_Alarm_Get_Min
<LI><a href="#[b9]">&gt;&gt;</a>&nbsp;&nbsp;&nbsp;BSP_DS3231_Alarm_Get_Hour_12
<LI><a href="#[a0]">&gt;&gt;</a>&nbsp;&nbsp;&nbsp;BSP_DS3231_Alarm_Get_Hour
<LI><a href="#[9e]">&gt;&gt;</a>&nbsp;&nbsp;&nbsp;BSP_DS3231_Alarm_Get_Date
<LI><a href="#[b7]">&gt;&gt;</a>&nbsp;&nbsp;&nbsp;OUTLINED_FUNCTION_7
<LI><a href="#[b8]">&gt;&gt;</a>&nbsp;&nbsp;&nbsp;OUTLINED_FUNCTION_6
<LI><a href="#[b6]">&gt;&gt;</a>&nbsp;&nbsp;&nbsp;OUTLINED_FUNCTION_1
</UL>
<BR>[Called By]<UL><LI><a href="#[1be]">&gt;&gt;</a>&nbsp;&nbsp;&nbsp;alarm_init
<LI><a href="#[bb]">&gt;&gt;</a>&nbsp;&nbsp;&nbsp;BSP_DS3231_Init
</UL>

<P><STRONG><a name="[1bb]"></a>BSP_DS3231_Enable_Alarm_Int</STRONG> (Thumb, 48 bytes, Stack size 0 bytes, ds3231.o(.text.BSP_DS3231_Enable_Alarm_Int))
<BR><BR>[Called By]<UL><LI><a href="#[1bd]">&gt;&gt;</a>&nbsp;&nbsp;&nbsp;alarm1_sync_to_rtc
<LI><a href="#[1b8]">&gt;&gt;</a>&nbsp;&nbsp;&nbsp;alarm0_sync_to_rtc
</UL>

<P><STRONG><a name="[ba]"></a>BSP_DS3231_Get_Temperature</STRONG> (Thumb, 120 bytes, Stack size 32 bytes, ds3231.o(.text.BSP_DS3231_Get_Temperature))
<BR><BR>[Stack]<UL><LI>Max Depth = 128<LI>Call Chain = BSP_DS3231_Get_Temperature &rArr; debug_printf &rArr; BSP_USART1_Transmit &rArr; BSP_USART_Transmit &rArr; HAL_UART_Transmit &rArr; UART_WaitOnFlagUntilTimeout
</UL>
<BR>[Calls]<UL><LI><a href="#[47]">&gt;&gt;</a>&nbsp;&nbsp;&nbsp;debug_printf
</UL>
<BR>[Called By]<UL><LI><a href="#[239]">&gt;&gt;</a>&nbsp;&nbsp;&nbsp;thermometer_read_fah
<LI><a href="#[238]">&gt;&gt;</a>&nbsp;&nbsp;&nbsp;thermometer_read_cen
</UL>

<P><STRONG><a name="[bb]"></a>BSP_DS3231_Init</STRONG> (Thumb, 264 bytes, Stack size 48 bytes, ds3231.o(.text.BSP_DS3231_Init))
<BR><BR>[Stack]<UL><LI>Max Depth = 248<LI>Call Chain = BSP_DS3231_Init &rArr; _ds3231_dump_raw &rArr; BSP_I2C_Read &rArr; HAL_I2C_Mem_Read &rArr; I2C_RequestMemoryRead &rArr; OUTLINED_FUNCTION_31 &rArr; I2C_WaitOnFlagUntilTimeout
</UL>
<BR>[Calls]<UL><LI><a href="#[7d]">&gt;&gt;</a>&nbsp;&nbsp;&nbsp;HAL_NVIC_EnableIRQ
<LI><a href="#[8a]">&gt;&gt;</a>&nbsp;&nbsp;&nbsp;HAL_RCC_GetHCLKFreq
<LI><a href="#[4a]">&gt;&gt;</a>&nbsp;&nbsp;&nbsp;HAL_GPIO_Init
<LI><a href="#[7c]">&gt;&gt;</a>&nbsp;&nbsp;&nbsp;HAL_NVIC_SetPriority
<LI><a href="#[47]">&gt;&gt;</a>&nbsp;&nbsp;&nbsp;debug_printf
<LI><a href="#[bd]">&gt;&gt;</a>&nbsp;&nbsp;&nbsp;BSP_DS3231_Time_Set_Hour_12
<LI><a href="#[be]">&gt;&gt;</a>&nbsp;&nbsp;&nbsp;BSP_DS3231_Time_Set_Hour
<LI><a href="#[b5]">&gt;&gt;</a>&nbsp;&nbsp;&nbsp;BSP_DS3231_Time_Get_Hour
<LI><a href="#[b4]">&gt;&gt;</a>&nbsp;&nbsp;&nbsp;BSP_DS3231_Dump
<LI><a href="#[a9]">&gt;&gt;</a>&nbsp;&nbsp;&nbsp;BSP_DS3231_Alarm_Set_Hour_12
<LI><a href="#[bc]">&gt;&gt;</a>&nbsp;&nbsp;&nbsp;_ds3231_dump_raw
</UL>
<BR>[Called By]<UL><LI><a href="#[43]">&gt;&gt;</a>&nbsp;&nbsp;&nbsp;main
</UL>

<P><STRONG><a name="[48]"></a>BSP_DS3231_Read_Data</STRONG> (Thumb, 60 bytes, Stack size 16 bytes, ds3231.o(.text.BSP_DS3231_Read_Data))
<BR><BR>[Stack]<UL><LI>Max Depth = 184<LI>Call Chain = BSP_DS3231_Read_Data &rArr; BSP_I2C_Read &rArr; HAL_I2C_Mem_Read &rArr; I2C_RequestMemoryRead &rArr; OUTLINED_FUNCTION_31 &rArr; I2C_WaitOnFlagUntilTimeout
</UL>
<BR>[Calls]<UL><LI><a href="#[bf]">&gt;&gt;</a>&nbsp;&nbsp;&nbsp;BSP_I2C_Read
</UL>
<BR>[Called By]<UL><LI><a href="#[127]">&gt;&gt;</a>&nbsp;&nbsp;&nbsp;alarm_scan
<LI><a href="#[1a6]">&gt;&gt;</a>&nbsp;&nbsp;&nbsp;OUTLINED_FUNCTION_1
<LI><a href="#[19b]">&gt;&gt;</a>&nbsp;&nbsp;&nbsp;OUTLINED_FUNCTION_0
<LI><a href="#[239]">&gt;&gt;</a>&nbsp;&nbsp;&nbsp;thermometer_read_fah
<LI><a href="#[238]">&gt;&gt;</a>&nbsp;&nbsp;&nbsp;thermometer_read_cen
<LI><a href="#[1bd]">&gt;&gt;</a>&nbsp;&nbsp;&nbsp;alarm1_sync_to_rtc
<LI><a href="#[1b8]">&gt;&gt;</a>&nbsp;&nbsp;&nbsp;alarm0_sync_to_rtc
</UL>
<BR>[Address Reference Count : 2]<UL><LI> ds3231.o(.text.BSP_DS3231_Dump)
<LI> ds3231.o(.text.BSP_DS3231_Init)
</UL>
<P><STRONG><a name="[23c]"></a>BSP_DS3231_Set_En32khz</STRONG> (Thumb, 24 bytes, Stack size 0 bytes, ds3231.o(.text.BSP_DS3231_Set_En32khz))
<BR><BR>[Called By]<UL><LI><a href="#[1d1]">&gt;&gt;</a>&nbsp;&nbsp;&nbsp;rtc_enable_32768HZ
</UL>

<P><STRONG><a name="[1c2]"></a>BSP_DS3231_Test_Alarm_Int_Flag</STRONG> (Thumb, 32 bytes, Stack size 0 bytes, ds3231.o(.text.BSP_DS3231_Test_Alarm_Int_Flag))
<BR><BR>[Called By]<UL><LI><a href="#[127]">&gt;&gt;</a>&nbsp;&nbsp;&nbsp;alarm_scan
</UL>

<P><STRONG><a name="[b5]"></a>BSP_DS3231_Time_Get_Hour</STRONG> (Thumb, 8 bytes, Stack size 0 bytes, ds3231.o(.text.BSP_DS3231_Time_Get_Hour))
<BR><BR>[Calls]<UL><LI><a href="#[a1]">&gt;&gt;</a>&nbsp;&nbsp;&nbsp;_ds3231_get_hour
</UL>
<BR>[Called By]<UL><LI><a href="#[bb]">&gt;&gt;</a>&nbsp;&nbsp;&nbsp;BSP_DS3231_Init
<LI><a href="#[b4]">&gt;&gt;</a>&nbsp;&nbsp;&nbsp;BSP_DS3231_Dump
<LI><a href="#[1db]">&gt;&gt;</a>&nbsp;&nbsp;&nbsp;rtc_get_time
</UL>

<P><STRONG><a name="[c0]"></a>BSP_DS3231_Time_Get_Min</STRONG> (Thumb, 8 bytes, Stack size 0 bytes, ds3231.o(.text.BSP_DS3231_Time_Get_Min))
<BR><BR>[Calls]<UL><LI><a href="#[a3]">&gt;&gt;</a>&nbsp;&nbsp;&nbsp;OUTLINED_FUNCTION_0
</UL>
<BR>[Called By]<UL><LI><a href="#[127]">&gt;&gt;</a>&nbsp;&nbsp;&nbsp;alarm_scan
<LI><a href="#[1db]">&gt;&gt;</a>&nbsp;&nbsp;&nbsp;rtc_get_time
</UL>

<P><STRONG><a name="[c1]"></a>BSP_DS3231_Time_Get_Sec</STRONG> (Thumb, 8 bytes, Stack size 0 bytes, ds3231.o(.text.BSP_DS3231_Time_Get_Sec))
<BR><BR>[Calls]<UL><LI><a href="#[a3]">&gt;&gt;</a>&nbsp;&nbsp;&nbsp;OUTLINED_FUNCTION_0
</UL>
<BR>[Called By]<UL><LI><a href="#[127]">&gt;&gt;</a>&nbsp;&nbsp;&nbsp;alarm_scan
<LI><a href="#[1db]">&gt;&gt;</a>&nbsp;&nbsp;&nbsp;rtc_get_time
</UL>

<P><STRONG><a name="[be]"></a>BSP_DS3231_Time_Set_Hour</STRONG> (Thumb, 8 bytes, Stack size 0 bytes, ds3231.o(.text.BSP_DS3231_Time_Set_Hour))
<BR><BR>[Stack]<UL><LI>Max Depth = 16<LI>Call Chain = BSP_DS3231_Time_Set_Hour &rArr; _ds3231_set_hour
</UL>
<BR>[Calls]<UL><LI><a href="#[a8]">&gt;&gt;</a>&nbsp;&nbsp;&nbsp;_ds3231_set_hour
</UL>
<BR>[Called By]<UL><LI><a href="#[bb]">&gt;&gt;</a>&nbsp;&nbsp;&nbsp;BSP_DS3231_Init
<LI><a href="#[1d6]">&gt;&gt;</a>&nbsp;&nbsp;&nbsp;rtc_set_time
</UL>

<P><STRONG><a name="[bd]"></a>BSP_DS3231_Time_Set_Hour_12</STRONG> (Thumb, 8 bytes, Stack size 0 bytes, ds3231.o(.text.BSP_DS3231_Time_Set_Hour_12))
<BR><BR>[Stack]<UL><LI>Max Depth = 32<LI>Call Chain = BSP_DS3231_Time_Set_Hour_12 &rArr; _ds3231_set_hour_12 &rArr; _ds3231_set_hour
</UL>
<BR>[Calls]<UL><LI><a href="#[aa]">&gt;&gt;</a>&nbsp;&nbsp;&nbsp;_ds3231_set_hour_12
</UL>
<BR>[Called By]<UL><LI><a href="#[bb]">&gt;&gt;</a>&nbsp;&nbsp;&nbsp;BSP_DS3231_Init
</UL>

<P><STRONG><a name="[c2]"></a>BSP_DS3231_Time_Set_Min</STRONG> (Thumb, 24 bytes, Stack size 0 bytes, ds3231.o(.text.BSP_DS3231_Time_Set_Min))
<BR><BR>[Calls]<UL><LI><a href="#[b2]">&gt;&gt;</a>&nbsp;&nbsp;&nbsp;OUTLINED_FUNCTION_2
</UL>
<BR>[Called By]<UL><LI><a href="#[1d6]">&gt;&gt;</a>&nbsp;&nbsp;&nbsp;rtc_set_time
</UL>

<P><STRONG><a name="[c3]"></a>BSP_DS3231_Time_Set_Sec</STRONG> (Thumb, 24 bytes, Stack size 0 bytes, ds3231.o(.text.BSP_DS3231_Time_Set_Sec))
<BR><BR>[Calls]<UL><LI><a href="#[b2]">&gt;&gt;</a>&nbsp;&nbsp;&nbsp;OUTLINED_FUNCTION_2
</UL>
<BR>[Called By]<UL><LI><a href="#[1d6]">&gt;&gt;</a>&nbsp;&nbsp;&nbsp;rtc_set_time
</UL>

<P><STRONG><a name="[49]"></a>BSP_DS3231_Write_Data</STRONG> (Thumb, 60 bytes, Stack size 16 bytes, ds3231.o(.text.BSP_DS3231_Write_Data))
<BR><BR>[Stack]<UL><LI>Max Depth = 176<LI>Call Chain = BSP_DS3231_Write_Data &rArr; BSP_I2C_Write &rArr; HAL_I2C_Mem_Write &rArr; I2C_RequestMemoryWrite &rArr; I2C_WaitOnFlagUntilTimeout
</UL>
<BR>[Calls]<UL><LI><a href="#[46]">&gt;&gt;</a>&nbsp;&nbsp;&nbsp;BSP_I2C_Write
</UL>
<BR>[Called By]<UL><LI><a href="#[127]">&gt;&gt;</a>&nbsp;&nbsp;&nbsp;alarm_scan
<LI><a href="#[1d6]">&gt;&gt;</a>&nbsp;&nbsp;&nbsp;rtc_set_time
<LI><a href="#[1d7]">&gt;&gt;</a>&nbsp;&nbsp;&nbsp;rtc_set_date
<LI><a href="#[1bd]">&gt;&gt;</a>&nbsp;&nbsp;&nbsp;alarm1_sync_to_rtc
<LI><a href="#[1b8]">&gt;&gt;</a>&nbsp;&nbsp;&nbsp;alarm0_sync_to_rtc
</UL>
<BR>[Address Reference Count : 1]<UL><LI> ds3231.o(.text.BSP_DS3231_Init)
</UL>
<P><STRONG><a name="[21b]"></a>BSP_GPIO_Init</STRONG> (Thumb, 184 bytes, Stack size 56 bytes, gpio.o(.text.BSP_GPIO_Init))
<BR><BR>[Stack]<UL><LI>Max Depth = 56<LI>Call Chain = BSP_GPIO_Init
</UL>
<BR>[Called By]<UL><LI><a href="#[43]">&gt;&gt;</a>&nbsp;&nbsp;&nbsp;main
</UL>

<P><STRONG><a name="[c4]"></a>BSP_GPIO_Power_33_Enable</STRONG> (Thumb, 20 bytes, Stack size 0 bytes, gpio.o(.text.BSP_GPIO_Power_33_Enable))
<BR><BR>[Calls]<UL><LI><a href="#[4b]">&gt;&gt;</a>&nbsp;&nbsp;&nbsp;HAL_GPIO_WritePin
</UL>
<BR>[Called By]<UL><LI><a href="#[1fa]">&gt;&gt;</a>&nbsp;&nbsp;&nbsp;power_33_enable
</UL>

<P><STRONG><a name="[c5]"></a>BSP_GPIO_Power_33_Enabled</STRONG> (Thumb, 16 bytes, Stack size 8 bytes, gpio.o(.text.BSP_GPIO_Power_33_Enabled))
<BR><BR>[Stack]<UL><LI>Max Depth = 8<LI>Call Chain = BSP_GPIO_Power_33_Enabled
</UL>
<BR>[Calls]<UL><LI><a href="#[c6]">&gt;&gt;</a>&nbsp;&nbsp;&nbsp;HAL_GPIO_ReadPin
<LI><a href="#[c7]">&gt;&gt;</a>&nbsp;&nbsp;&nbsp;OUTLINED_FUNCTION_0
</UL>
<BR>[Called By]<UL><LI><a href="#[1f6]">&gt;&gt;</a>&nbsp;&nbsp;&nbsp;power_33_enabled
</UL>

<P><STRONG><a name="[c8]"></a>BSP_GPIO_Power_490_Enable</STRONG> (Thumb, 20 bytes, Stack size 0 bytes, gpio.o(.text.BSP_GPIO_Power_490_Enable))
<BR><BR>[Calls]<UL><LI><a href="#[4b]">&gt;&gt;</a>&nbsp;&nbsp;&nbsp;HAL_GPIO_WritePin
</UL>
<BR>[Called By]<UL><LI><a href="#[1fc]">&gt;&gt;</a>&nbsp;&nbsp;&nbsp;power_490_enable
</UL>

<P><STRONG><a name="[c9]"></a>BSP_GPIO_Power_490_Enabled</STRONG> (Thumb, 16 bytes, Stack size 8 bytes, gpio.o(.text.BSP_GPIO_Power_490_Enabled))
<BR><BR>[Stack]<UL><LI>Max Depth = 8<LI>Call Chain = BSP_GPIO_Power_490_Enabled
</UL>
<BR>[Calls]<UL><LI><a href="#[c6]">&gt;&gt;</a>&nbsp;&nbsp;&nbsp;HAL_GPIO_ReadPin
<LI><a href="#[c7]">&gt;&gt;</a>&nbsp;&nbsp;&nbsp;OUTLINED_FUNCTION_0
</UL>
<BR>[Called By]<UL><LI><a href="#[1f8]">&gt;&gt;</a>&nbsp;&nbsp;&nbsp;power_490_enabled
</UL>

<P><STRONG><a name="[ca]"></a>BSP_GPIO_Power_50_Enable</STRONG> (Thumb, 16 bytes, Stack size 0 bytes, gpio.o(.text.BSP_GPIO_Power_50_Enable))
<BR><BR>[Calls]<UL><LI><a href="#[4b]">&gt;&gt;</a>&nbsp;&nbsp;&nbsp;HAL_GPIO_WritePin
</UL>
<BR>[Called By]<UL><LI><a href="#[21e]">&gt;&gt;</a>&nbsp;&nbsp;&nbsp;power_init
<LI><a href="#[1fb]">&gt;&gt;</a>&nbsp;&nbsp;&nbsp;power_50_enable
</UL>

<P><STRONG><a name="[cb]"></a>BSP_GPIO_Power_50_Enabled</STRONG> (Thumb, 16 bytes, Stack size 8 bytes, gpio.o(.text.BSP_GPIO_Power_50_Enabled))
<BR><BR>[Stack]<UL><LI>Max Depth = 8<LI>Call Chain = BSP_GPIO_Power_50_Enabled
</UL>
<BR>[Calls]<UL><LI><a href="#[c6]">&gt;&gt;</a>&nbsp;&nbsp;&nbsp;HAL_GPIO_ReadPin
<LI><a href="#[c7]">&gt;&gt;</a>&nbsp;&nbsp;&nbsp;OUTLINED_FUNCTION_0
</UL>
<BR>[Called By]<UL><LI><a href="#[1f7]">&gt;&gt;</a>&nbsp;&nbsp;&nbsp;power_50_enabled
</UL>

<P><STRONG><a name="[cc]"></a>BSP_GPIO_Power_IV18_Enable</STRONG> (Thumb, 20 bytes, Stack size 0 bytes, gpio.o(.text.BSP_GPIO_Power_IV18_Enable))
<BR><BR>[Calls]<UL><LI><a href="#[4b]">&gt;&gt;</a>&nbsp;&nbsp;&nbsp;HAL_GPIO_WritePin
</UL>
<BR>[Called By]<UL><LI><a href="#[1ff]">&gt;&gt;</a>&nbsp;&nbsp;&nbsp;power_iv18_enable
</UL>

<P><STRONG><a name="[cd]"></a>BSP_GPIO_Power_IV18_Enabled</STRONG> (Thumb, 16 bytes, Stack size 8 bytes, gpio.o(.text.BSP_GPIO_Power_IV18_Enabled))
<BR><BR>[Stack]<UL><LI>Max Depth = 8<LI>Call Chain = BSP_GPIO_Power_IV18_Enabled
</UL>
<BR>[Calls]<UL><LI><a href="#[c6]">&gt;&gt;</a>&nbsp;&nbsp;&nbsp;HAL_GPIO_ReadPin
<LI><a href="#[c7]">&gt;&gt;</a>&nbsp;&nbsp;&nbsp;OUTLINED_FUNCTION_0
</UL>
<BR>[Called By]<UL><LI><a href="#[1f9]">&gt;&gt;</a>&nbsp;&nbsp;&nbsp;power_iv18_enabled
</UL>

<P><STRONG><a name="[ce]"></a>BSP_I2C_Init</STRONG> (Thumb, 44 bytes, Stack size 8 bytes, i2c.o(.text.BSP_I2C_Init))
<BR><BR>[Stack]<UL><LI>Max Depth = 116<LI>Call Chain = BSP_I2C_Init &rArr; HAL_I2C_Init &rArr; HAL_I2C_MspInit &rArr; HAL_GPIO_Init
</UL>
<BR>[Calls]<UL><LI><a href="#[cf]">&gt;&gt;</a>&nbsp;&nbsp;&nbsp;HAL_I2C_Init
</UL>
<BR>[Called By]<UL><LI><a href="#[43]">&gt;&gt;</a>&nbsp;&nbsp;&nbsp;main
</UL>

<P><STRONG><a name="[bf]"></a>BSP_I2C_Read</STRONG> (Thumb, 64 bytes, Stack size 48 bytes, i2c.o(.text.BSP_I2C_Read))
<BR><BR>[Stack]<UL><LI>Max Depth = 168<LI>Call Chain = BSP_I2C_Read &rArr; HAL_I2C_Mem_Read &rArr; I2C_RequestMemoryRead &rArr; OUTLINED_FUNCTION_31 &rArr; I2C_WaitOnFlagUntilTimeout
</UL>
<BR>[Calls]<UL><LI><a href="#[47]">&gt;&gt;</a>&nbsp;&nbsp;&nbsp;debug_printf
<LI><a href="#[d0]">&gt;&gt;</a>&nbsp;&nbsp;&nbsp;OUTLINED_FUNCTION_0
<LI><a href="#[d1]">&gt;&gt;</a>&nbsp;&nbsp;&nbsp;HAL_I2C_Mem_Read
</UL>
<BR>[Called By]<UL><LI><a href="#[48]">&gt;&gt;</a>&nbsp;&nbsp;&nbsp;BSP_DS3231_Read_Data
<LI><a href="#[bc]">&gt;&gt;</a>&nbsp;&nbsp;&nbsp;_ds3231_dump_raw
<LI><a href="#[ee]">&gt;&gt;</a>&nbsp;&nbsp;&nbsp;BSP_ROM_Read
<LI><a href="#[87]">&gt;&gt;</a>&nbsp;&nbsp;&nbsp;OUTLINED_FUNCTION_2
</UL>

<P><STRONG><a name="[46]"></a>BSP_I2C_Write</STRONG> (Thumb, 64 bytes, Stack size 48 bytes, i2c.o(.text.BSP_I2C_Write))
<BR><BR>[Stack]<UL><LI>Max Depth = 160<LI>Call Chain = BSP_I2C_Write &rArr; HAL_I2C_Mem_Write &rArr; I2C_RequestMemoryWrite &rArr; I2C_WaitOnFlagUntilTimeout
</UL>
<BR>[Calls]<UL><LI><a href="#[47]">&gt;&gt;</a>&nbsp;&nbsp;&nbsp;debug_printf
<LI><a href="#[d0]">&gt;&gt;</a>&nbsp;&nbsp;&nbsp;OUTLINED_FUNCTION_0
<LI><a href="#[d2]">&gt;&gt;</a>&nbsp;&nbsp;&nbsp;HAL_I2C_Mem_Write
</UL>
<BR>[Called By]<UL><LI><a href="#[49]">&gt;&gt;</a>&nbsp;&nbsp;&nbsp;BSP_DS3231_Write_Data
<LI><a href="#[ef]">&gt;&gt;</a>&nbsp;&nbsp;&nbsp;BSP_ROM_Write
<LI><a href="#[7f]">&gt;&gt;</a>&nbsp;&nbsp;&nbsp;BSP_ACC_Threshold_Set
<LI><a href="#[85]">&gt;&gt;</a>&nbsp;&nbsp;&nbsp;BSP_ACC_Power_On
<LI><a href="#[83]">&gt;&gt;</a>&nbsp;&nbsp;&nbsp;BSP_ACC_Power_Off
<LI><a href="#[84]">&gt;&gt;</a>&nbsp;&nbsp;&nbsp;OUTLINED_FUNCTION_3
</UL>
<BR>[Address Reference Count : 1]<UL><LI> acc.o(.text.BSP_ACC_Init)
</UL>
<P><STRONG><a name="[207]"></a>BSP_IV18_Clr</STRONG> (Thumb, 32 bytes, Stack size 8 bytes, iv18.o(.text.BSP_IV18_Clr))
<BR><BR>[Stack]<UL><LI>Max Depth = 8<LI>Call Chain = BSP_IV18_Clr
</UL>
<BR>[Called By]<UL><LI><a href="#[20a]">&gt;&gt;</a>&nbsp;&nbsp;&nbsp;display_enter_powersave
<LI><a href="#[206]">&gt;&gt;</a>&nbsp;&nbsp;&nbsp;display_clr
</UL>

<P><STRONG><a name="[208]"></a>BSP_IV18_Clr_Blink</STRONG> (Thumb, 24 bytes, Stack size 0 bytes, iv18.o(.text.BSP_IV18_Clr_Blink))
<BR><BR>[Called By]<UL><LI><a href="#[1e4]">&gt;&gt;</a>&nbsp;&nbsp;&nbsp;display_clr_blink
</UL>

<P><STRONG><a name="[209]"></a>BSP_IV18_Clr_DP</STRONG> (Thumb, 24 bytes, Stack size 0 bytes, iv18.o(.text.BSP_IV18_Clr_DP))
<BR><BR>[Called By]<UL><LI><a href="#[1e2]">&gt;&gt;</a>&nbsp;&nbsp;&nbsp;display_clr_dp
<LI><a href="#[1d4]">&gt;&gt;</a>&nbsp;&nbsp;&nbsp;display_format_clock
</UL>

<P><STRONG><a name="[d3]"></a>BSP_IV18_Init</STRONG> (Thumb, 196 bytes, Stack size 56 bytes, iv18.o(.text.BSP_IV18_Init))
<BR><BR>[Stack]<UL><LI>Max Depth = 56<LI>Call Chain = BSP_IV18_Init
</UL>
<BR>[Calls]<UL><LI><a href="#[50]">&gt;&gt;</a>&nbsp;&nbsp;&nbsp;BSP_IV18_Set_Dig
<LI><a href="#[90]">&gt;&gt;</a>&nbsp;&nbsp;&nbsp;__aeabi_memclr4
</UL>
<BR>[Called By]<UL><LI><a href="#[43]">&gt;&gt;</a>&nbsp;&nbsp;&nbsp;main
</UL>

<P><STRONG><a name="[d4]"></a>BSP_IV18_Load_Data</STRONG> (Thumb, 20 bytes, Stack size 0 bytes, iv18.o(.text.BSP_IV18_Load_Data))
<BR><BR>[Stack]<UL><LI>Max Depth = 32<LI>Call Chain = BSP_IV18_Load_Data &rArr; BSP_IV18_Show_Data
</UL>
<BR>[Calls]<UL><LI><a href="#[d5]">&gt;&gt;</a>&nbsp;&nbsp;&nbsp;BSP_IV18_Show_Data
</UL>
<BR>[Called By]<UL><LI><a href="#[d6]">&gt;&gt;</a>&nbsp;&nbsp;&nbsp;BSP_IV18_Scan
</UL>

<P><STRONG><a name="[d6]"></a>BSP_IV18_Scan</STRONG> (Thumb, 68 bytes, Stack size 8 bytes, iv18.o(.text.BSP_IV18_Scan))
<BR><BR>[Stack]<UL><LI>Max Depth = 40<LI>Call Chain = BSP_IV18_Scan &rArr; BSP_IV18_Load_Data &rArr; BSP_IV18_Show_Data
</UL>
<BR>[Calls]<UL><LI><a href="#[d4]">&gt;&gt;</a>&nbsp;&nbsp;&nbsp;BSP_IV18_Load_Data
<LI><a href="#[d5]">&gt;&gt;</a>&nbsp;&nbsp;&nbsp;BSP_IV18_Show_Data
</UL>
<BR>[Called By]<UL><LI><a href="#[36]">&gt;&gt;</a>&nbsp;&nbsp;&nbsp;TIM4_IRQHandler
</UL>

<P><STRONG><a name="[214]"></a>BSP_IV18_Set_Blink</STRONG> (Thumb, 24 bytes, Stack size 0 bytes, iv18.o(.text.BSP_IV18_Set_Blink))
<BR><BR>[Called By]<UL><LI><a href="#[1e3]">&gt;&gt;</a>&nbsp;&nbsp;&nbsp;display_set_blink
</UL>

<P><STRONG><a name="[20b]"></a>BSP_IV18_Set_DP</STRONG> (Thumb, 24 bytes, Stack size 0 bytes, iv18.o(.text.BSP_IV18_Set_DP))
<BR><BR>[Called By]<UL><LI><a href="#[1e1]">&gt;&gt;</a>&nbsp;&nbsp;&nbsp;display_set_dp
<LI><a href="#[210]">&gt;&gt;</a>&nbsp;&nbsp;&nbsp;display_format_timer
<LI><a href="#[1d4]">&gt;&gt;</a>&nbsp;&nbsp;&nbsp;display_format_clock
</UL>

<P><STRONG><a name="[50]"></a>BSP_IV18_Set_Dig</STRONG> (Thumb, 48 bytes, Stack size 0 bytes, iv18.o(.text.BSP_IV18_Set_Dig))
<BR><BR>[Called By]<UL><LI><a href="#[d3]">&gt;&gt;</a>&nbsp;&nbsp;&nbsp;BSP_IV18_Init
<LI><a href="#[52]">&gt;&gt;</a>&nbsp;&nbsp;&nbsp;display_set_dig
<LI><a href="#[1d4]">&gt;&gt;</a>&nbsp;&nbsp;&nbsp;display_format_clock
</UL>
<BR>[Address Reference Count : 1]<UL><LI> display.o(.text.display_format_timer)
</UL>
<P><STRONG><a name="[d7]"></a>BSP_Key_Init</STRONG> (Thumb, 108 bytes, Stack size 40 bytes, key.o(.text.BSP_Key_Init))
<BR><BR>[Stack]<UL><LI>Max Depth = 84<LI>Call Chain = BSP_Key_Init &rArr; HAL_GPIO_Init
</UL>
<BR>[Calls]<UL><LI><a href="#[7d]">&gt;&gt;</a>&nbsp;&nbsp;&nbsp;HAL_NVIC_EnableIRQ
<LI><a href="#[4a]">&gt;&gt;</a>&nbsp;&nbsp;&nbsp;HAL_GPIO_Init
<LI><a href="#[7c]">&gt;&gt;</a>&nbsp;&nbsp;&nbsp;HAL_NVIC_SetPriority
</UL>
<BR>[Called By]<UL><LI><a href="#[43]">&gt;&gt;</a>&nbsp;&nbsp;&nbsp;main
</UL>

<P><STRONG><a name="[d8]"></a>BSP_Key_Mod_Pressed</STRONG> (Thumb, 20 bytes, Stack size 8 bytes, key.o(.text.BSP_Key_Mod_Pressed))
<BR><BR>[Stack]<UL><LI>Max Depth = 8<LI>Call Chain = BSP_Key_Mod_Pressed
</UL>
<BR>[Calls]<UL><LI><a href="#[c6]">&gt;&gt;</a>&nbsp;&nbsp;&nbsp;HAL_GPIO_ReadPin
</UL>
<BR>[Called By]<UL><LI><a href="#[56]">&gt;&gt;</a>&nbsp;&nbsp;&nbsp;button_scan_proc
</UL>

<P><STRONG><a name="[d9]"></a>BSP_Key_Set_Pressed</STRONG> (Thumb, 20 bytes, Stack size 8 bytes, key.o(.text.BSP_Key_Set_Pressed))
<BR><BR>[Stack]<UL><LI>Max Depth = 8<LI>Call Chain = BSP_Key_Set_Pressed
</UL>
<BR>[Calls]<UL><LI><a href="#[c6]">&gt;&gt;</a>&nbsp;&nbsp;&nbsp;HAL_GPIO_ReadPin
</UL>
<BR>[Called By]<UL><LI><a href="#[56]">&gt;&gt;</a>&nbsp;&nbsp;&nbsp;button_scan_proc
<LI><a href="#[1ca]">&gt;&gt;</a>&nbsp;&nbsp;&nbsp;button_is_factory_reset
</UL>

<P><STRONG><a name="[da]"></a>BSP_MP3_Dump_Msg</STRONG> (Thumb, 48 bytes, Stack size 56 bytes, mp3.o(.text.BSP_MP3_Dump_Msg))
<BR><BR>[Stack]<UL><LI>Max Depth = 152<LI>Call Chain = BSP_MP3_Dump_Msg &rArr; debug_printf &rArr; BSP_USART1_Transmit &rArr; BSP_USART_Transmit &rArr; HAL_UART_Transmit &rArr; UART_WaitOnFlagUntilTimeout
</UL>
<BR>[Calls]<UL><LI><a href="#[47]">&gt;&gt;</a>&nbsp;&nbsp;&nbsp;debug_printf
</UL>
<BR>[Called By]<UL><LI><a href="#[dd]">&gt;&gt;</a>&nbsp;&nbsp;&nbsp;BSP_MP3_Wait_Response
<LI><a href="#[e0]">&gt;&gt;</a>&nbsp;&nbsp;&nbsp;BSP_MP3_Send_Message
</UL>

<P><STRONG><a name="[db]"></a>BSP_MP3_Init</STRONG> (Thumb, 220 bytes, Stack size 56 bytes, mp3.o(.text.BSP_MP3_Init))
<BR><BR>[Stack]<UL><LI>Max Depth = 232<LI>Call Chain = BSP_MP3_Init &rArr; BSP_MP3_Wait_Response &rArr; BSP_MP3_Dump_Msg &rArr; debug_printf &rArr; BSP_USART1_Transmit &rArr; BSP_USART_Transmit &rArr; HAL_UART_Transmit &rArr; UART_WaitOnFlagUntilTimeout
</UL>
<BR>[Calls]<UL><LI><a href="#[7d]">&gt;&gt;</a>&nbsp;&nbsp;&nbsp;HAL_NVIC_EnableIRQ
<LI><a href="#[8a]">&gt;&gt;</a>&nbsp;&nbsp;&nbsp;HAL_RCC_GetHCLKFreq
<LI><a href="#[4a]">&gt;&gt;</a>&nbsp;&nbsp;&nbsp;HAL_GPIO_Init
<LI><a href="#[7c]">&gt;&gt;</a>&nbsp;&nbsp;&nbsp;HAL_NVIC_SetPriority
<LI><a href="#[79]">&gt;&gt;</a>&nbsp;&nbsp;&nbsp;HAL_GetTick
<LI><a href="#[47]">&gt;&gt;</a>&nbsp;&nbsp;&nbsp;debug_printf
<LI><a href="#[dc]">&gt;&gt;</a>&nbsp;&nbsp;&nbsp;BSP_MP3_Reset
<LI><a href="#[dd]">&gt;&gt;</a>&nbsp;&nbsp;&nbsp;BSP_MP3_Wait_Response
</UL>
<BR>[Called By]<UL><LI><a href="#[43]">&gt;&gt;</a>&nbsp;&nbsp;&nbsp;main
</UL>

<P><STRONG><a name="[de]"></a>BSP_MP3_Play_Dir_File</STRONG> (Thumb, 60 bytes, Stack size 24 bytes, mp3.o(.text.BSP_MP3_Play_Dir_File))
<BR><BR>[Stack]<UL><LI>Max Depth = 216<LI>Call Chain = BSP_MP3_Play_Dir_File &rArr; BSP_MP3_Send_Message &rArr; BSP_MP3_Wait_Response &rArr; BSP_MP3_Dump_Msg &rArr; debug_printf &rArr; BSP_USART1_Transmit &rArr; BSP_USART_Transmit &rArr; HAL_UART_Transmit &rArr; UART_WaitOnFlagUntilTimeout
</UL>
<BR>[Calls]<UL><LI><a href="#[47]">&gt;&gt;</a>&nbsp;&nbsp;&nbsp;debug_printf
<LI><a href="#[e0]">&gt;&gt;</a>&nbsp;&nbsp;&nbsp;BSP_MP3_Send_Message
<LI><a href="#[df]">&gt;&gt;</a>&nbsp;&nbsp;&nbsp;BSP_MP3_Fill_Msg
</UL>
<BR>[Called By]<UL><LI><a href="#[128]">&gt;&gt;</a>&nbsp;&nbsp;&nbsp;player_scan
<LI><a href="#[22c]">&gt;&gt;</a>&nbsp;&nbsp;&nbsp;player_play_sequence_start
</UL>

<P><STRONG><a name="[dc]"></a>BSP_MP3_Reset</STRONG> (Thumb, 20 bytes, Stack size 8 bytes, mp3.o(.text.BSP_MP3_Reset))
<BR><BR>[Stack]<UL><LI>Max Depth = 8<LI>Call Chain = BSP_MP3_Reset
</UL>
<BR>[Calls]<UL><LI><a href="#[df]">&gt;&gt;</a>&nbsp;&nbsp;&nbsp;BSP_MP3_Fill_Msg
</UL>
<BR>[Called By]<UL><LI><a href="#[db]">&gt;&gt;</a>&nbsp;&nbsp;&nbsp;BSP_MP3_Init
</UL>

<P><STRONG><a name="[e4]"></a>BSP_MP3_Stop</STRONG> (Thumb, 20 bytes, Stack size 8 bytes, mp3.o(.text.BSP_MP3_Stop))
<BR><BR>[Stack]<UL><LI>Max Depth = 200<LI>Call Chain = BSP_MP3_Stop &rArr; BSP_MP3_Send_Message &rArr; BSP_MP3_Wait_Response &rArr; BSP_MP3_Dump_Msg &rArr; debug_printf &rArr; BSP_USART1_Transmit &rArr; BSP_USART_Transmit &rArr; HAL_UART_Transmit &rArr; UART_WaitOnFlagUntilTimeout
</UL>
[...]
<LI><a href="#[1d4]">&gt;&gt;</a>&nbsp;&nbsp;&nbsp;display_format_clock
</UL>

<P><STRONG><a name="[1a5]"></a>OUTLINED_FUNCTION_1</STRONG> (Thumb, 10 bytes, Stack size 0 bytes, display.o(.text.OUTLINED_FUNCTION_1))
<BR><BR>[Stack]<UL><LI>Max Depth = 96<LI>Call Chain = OUTLINED_FUNCTION_1 &rArr; debug_printf &rArr; BSP_USART1_Transmit &rArr; BSP_USART_Transmit &rArr; HAL_UART_Transmit &rArr; UART_WaitOnFlagUntilTimeout
</UL>
<BR>[Calls]<UL><LI><a href="#[47]">&gt;&gt;</a>&nbsp;&nbsp;&nbsp;debug_printf
</UL>
<BR>[Called By]<UL><LI><a href="#[1e1]">&gt;&gt;</a>&nbsp;&nbsp;&nbsp;display_set_dp
<LI><a href="#[1e3]">&gt;&gt;</a>&nbsp;&nbsp;&nbsp;display_set_blink
<LI><a href="#[1e2]">&gt;&gt;</a>&nbsp;&nbsp;&nbsp;display_clr_dp
<LI><a href="#[1e4]">&gt;&gt;</a>&nbsp;&nbsp;&nbsp;display_clr_blink
<LI><a href="#[1dd]">&gt;&gt;</a>&nbsp;&nbsp;&nbsp;display_mon_light
</UL>

<P><STRONG><a name="[211]"></a>OUTLINED_FUNCTION_2</STRONG> (Thumb, 12 bytes, Stack size 0 bytes, display.o(.text.OUTLINED_FUNCTION_2))
<BR><BR>[Called By]<UL><LI><a href="#[210]">&gt;&gt;</a>&nbsp;&nbsp;&nbsp;display_format_timer
</UL>

<P><STRONG><a name="[20f]"></a>OUTLINED_FUNCTION_3</STRONG> (Thumb, 14 bytes, Stack size 0 bytes, display.o(.text.OUTLINED_FUNCTION_3))
<BR><BR>[Called By]<UL><LI><a href="#[1d4]">&gt;&gt;</a>&nbsp;&nbsp;&nbsp;display_format_clock
</UL>

<P><STRONG><a name="[20e]"></a>OUTLINED_FUNCTION_4</STRONG> (Thumb, 20 bytes, Stack size 0 bytes, display.o(.text.OUTLINED_FUNCTION_4))
<BR><BR>[Called By]<UL><LI><a href="#[1d4]">&gt;&gt;</a>&nbsp;&nbsp;&nbsp;display_format_clock
</UL>

<P><STRONG><a name="[1ad]"></a>OUTLINED_FUNCTION_5</STRONG> (Thumb, 12 bytes, Stack size 0 bytes, display.o(.text.OUTLINED_FUNCTION_5))
<BR><BR>[Stack]<UL><LI>Max Depth = 88<LI>Call Chain = OUTLINED_FUNCTION_5 &rArr; __aeabi_dmul &rArr; _double_epilogue &rArr; _double_round
</UL>
<BR>[Calls]<UL><LI><a href="#[6d]">&gt;&gt;</a>&nbsp;&nbsp;&nbsp;__aeabi_dmul
</UL>
<BR>[Called By]<UL><LI><a href="#[1e9]">&gt;&gt;</a>&nbsp;&nbsp;&nbsp;display_get_light_percent
</UL>

<P><STRONG><a name="[20c]"></a>OUTLINED_FUNCTION_6</STRONG> (Thumb, 10 bytes, Stack size 0 bytes, display.o(.text.OUTLINED_FUNCTION_6))
<BR><BR>[Called By]<UL><LI><a href="#[1d4]">&gt;&gt;</a>&nbsp;&nbsp;&nbsp;display_format_clock
</UL>

<P><STRONG><a name="[198]"></a>OUTLINED_FUNCTION_0</STRONG> (Thumb, 10 bytes, Stack size 0 bytes, player.o(.text.OUTLINED_FUNCTION_0))
<BR><BR>[Stack]<UL><LI>Max Depth = 96<LI>Call Chain = OUTLINED_FUNCTION_0 &rArr; debug_printf &rArr; BSP_USART1_Transmit &rArr; BSP_USART_Transmit &rArr; HAL_UART_Transmit &rArr; UART_WaitOnFlagUntilTimeout
</UL>
<BR>[Calls]<UL><LI><a href="#[47]">&gt;&gt;</a>&nbsp;&nbsp;&nbsp;debug_printf
</UL>
<BR>[Called By]<UL><LI><a href="#[22e]">&gt;&gt;</a>&nbsp;&nbsp;&nbsp;player_play_sequence_stop
<LI><a href="#[22b]">&gt;&gt;</a>&nbsp;&nbsp;&nbsp;player_dump_seq
</UL>

<P><STRONG><a name="[22b]"></a>player_dump_seq</STRONG> (Thumb, 64 bytes, Stack size 24 bytes, player.o(.text.player_dump_seq))
<BR><BR>[Stack]<UL><LI>Max Depth = 120<LI>Call Chain = player_dump_seq &rArr; debug_printf &rArr; BSP_USART1_Transmit &rArr; BSP_USART_Transmit &rArr; HAL_UART_Transmit &rArr; UART_WaitOnFlagUntilTimeout
</UL>
<BR>[Calls]<UL><LI><a href="#[47]">&gt;&gt;</a>&nbsp;&nbsp;&nbsp;debug_printf
<LI><a href="#[198]">&gt;&gt;</a>&nbsp;&nbsp;&nbsp;OUTLINED_FUNCTION_0
</UL>
<BR>[Called By]<UL><LI><a href="#[1f3]">&gt;&gt;</a>&nbsp;&nbsp;&nbsp;player_report_temperature
<LI><a href="#[1f2]">&gt;&gt;</a>&nbsp;&nbsp;&nbsp;player_report_clk
</UL>

<P><STRONG><a name="[22d]"></a>player_number_to_tune</STRONG> (Thumb, 84 bytes, Stack size 8 bytes, player.o(.text.player_number_to_tune))
<BR><BR>[Stack]<UL><LI>Max Depth = 104<LI>Call Chain = player_number_to_tune &rArr; debug_printf &rArr; BSP_USART1_Transmit &rArr; BSP_USART_Transmit &rArr; HAL_UART_Transmit &rArr; UART_WaitOnFlagUntilTimeout
</UL>
<BR>[Calls]<UL><LI><a href="#[47]">&gt;&gt;</a>&nbsp;&nbsp;&nbsp;debug_printf
</UL>
<BR>[Called By]<UL><LI><a href="#[1f3]">&gt;&gt;</a>&nbsp;&nbsp;&nbsp;player_report_temperature
<LI><a href="#[1f2]">&gt;&gt;</a>&nbsp;&nbsp;&nbsp;player_report_clk
<LI><a href="#[231]">&gt;&gt;</a>&nbsp;&nbsp;&nbsp;player_synthetise_number
</UL>

<P><STRONG><a name="[22c]"></a>player_play_sequence_start</STRONG> (Thumb, 44 bytes, Stack size 8 bytes, player.o(.text.player_play_sequence_start))
<BR><BR>[Stack]<UL><LI>Max Depth = 224<LI>Call Chain = player_play_sequence_start &rArr; BSP_MP3_Play_Dir_File &rArr; BSP_MP3_Send_Message &rArr; BSP_MP3_Wait_Response &rArr; BSP_MP3_Dump_Msg &rArr; debug_printf &rArr; BSP_USART1_Transmit &rArr; BSP_USART_Transmit &rArr; HAL_UART_Transmit &rArr; UART_WaitOnFlagUntilTimeout
</UL>
<BR>[Calls]<UL><LI><a href="#[47]">&gt;&gt;</a>&nbsp;&nbsp;&nbsp;debug_printf
<LI><a href="#[de]">&gt;&gt;</a>&nbsp;&nbsp;&nbsp;BSP_MP3_Play_Dir_File
</UL>
<BR>[Called By]<UL><LI><a href="#[222]">&gt;&gt;</a>&nbsp;&nbsp;&nbsp;player_init
<LI><a href="#[1f3]">&gt;&gt;</a>&nbsp;&nbsp;&nbsp;player_report_temperature
<LI><a href="#[1f2]">&gt;&gt;</a>&nbsp;&nbsp;&nbsp;player_report_clk
<LI><a href="#[1f4]">&gt;&gt;</a>&nbsp;&nbsp;&nbsp;player_play_snd
</UL>

<P><STRONG><a name="[22e]"></a>player_play_sequence_stop</STRONG> (Thumb, 24 bytes, Stack size 16 bytes, player.o(.text.player_play_sequence_stop))
<BR><BR>[Stack]<UL><LI>Max Depth = 216<LI>Call Chain = player_play_sequence_stop &rArr; BSP_MP3_Stop &rArr; BSP_MP3_Send_Message &rArr; BSP_MP3_Wait_Response &rArr; BSP_MP3_Dump_Msg &rArr; debug_printf &rArr; BSP_USART1_Transmit &rArr; BSP_USART_Transmit &rArr; HAL_UART_Transmit &rArr; UART_WaitOnFlagUntilTimeout
</UL>
<BR>[Calls]<UL><LI><a href="#[e4]">&gt;&gt;</a>&nbsp;&nbsp;&nbsp;BSP_MP3_Stop
<LI><a href="#[198]">&gt;&gt;</a>&nbsp;&nbsp;&nbsp;OUTLINED_FUNCTION_0
</UL>
<BR>[Called By]<UL><LI><a href="#[128]">&gt;&gt;</a>&nbsp;&nbsp;&nbsp;player_scan
<LI><a href="#[1ee]">&gt;&gt;</a>&nbsp;&nbsp;&nbsp;player_stop_play
</UL>

<P><STRONG><a name="[231]"></a>player_synthetise_number</STRONG> (Thumb, 168 bytes, Stack size 24 bytes, player.o(.text.player_synthetise_number))
<BR><BR>[Stack]<UL><LI>Max Depth = 128<LI>Call Chain = player_synthetise_number &rArr; player_number_to_tune &rArr; debug_printf &rArr; BSP_USART1_Transmit &rArr; BSP_USART_Transmit &rArr; HAL_UART_Transmit &rArr; UART_WaitOnFlagUntilTimeout
</UL>
<BR>[Calls]<UL><LI><a href="#[22d]">&gt;&gt;</a>&nbsp;&nbsp;&nbsp;player_number_to_tune
</UL>
<BR>[Called By]<UL><LI><a href="#[1f3]">&gt;&gt;</a>&nbsp;&nbsp;&nbsp;player_report_temperature
<LI><a href="#[1f2]">&gt;&gt;</a>&nbsp;&nbsp;&nbsp;player_report_clk
</UL>

<P><STRONG><a name="[199]"></a>OUTLINED_FUNCTION_0</STRONG> (Thumb, 12 bytes, Stack size 0 bytes, power.o(.text.OUTLINED_FUNCTION_0))
<BR><BR>[Stack]<UL><LI>Max Depth = 88<LI>Call Chain = OUTLINED_FUNCTION_0 &rArr; __aeabi_dmul &rArr; _double_epilogue &rArr; _double_round
</UL>
<BR>[Calls]<UL><LI><a href="#[6d]">&gt;&gt;</a>&nbsp;&nbsp;&nbsp;__aeabi_dmul
</UL>
<BR>[Called By]<UL><LI><a href="#[1f5]">&gt;&gt;</a>&nbsp;&nbsp;&nbsp;power_get_bat_voltage
</UL>

<P><STRONG><a name="[19a]"></a>OUTLINED_FUNCTION_0</STRONG> (Thumb, 10 bytes, Stack size 0 bytes, timer.o(.text.OUTLINED_FUNCTION_0))
<BR><BR>[Stack]<UL><LI>Max Depth = 96<LI>Call Chain = OUTLINED_FUNCTION_0 &rArr; debug_printf &rArr; BSP_USART1_Transmit &rArr; BSP_USART_Transmit &rArr; HAL_UART_Transmit &rArr; UART_WaitOnFlagUntilTimeout
</UL>
<BR>[Calls]<UL><LI><a href="#[47]">&gt;&gt;</a>&nbsp;&nbsp;&nbsp;debug_printf
</UL>
<BR>[Called By]<UL><LI><a href="#[220]">&gt;&gt;</a>&nbsp;&nbsp;&nbsp;timer_init
</UL>

<P><STRONG><a name="[1b6]"></a>_call_cmd</STRONG> (Thumb, 68 bytes, Stack size 24 bytes, console.o(.text._call_cmd))
<BR><BR>[Stack]<UL><LI>Max Depth = 48<LI>Call Chain = _call_cmd &rArr; console_search_cmd_by_name &rArr; strcmp
</UL>
<BR>[Calls]<UL><LI><a href="#[1b7]">&gt;&gt;</a>&nbsp;&nbsp;&nbsp;console_search_cmd_by_name
<LI><a href="#[4f]">&gt;&gt;</a>&nbsp;&nbsp;&nbsp;console_printf
</UL>
<BR>[Called By]<UL><LI><a href="#[203]">&gt;&gt;</a>&nbsp;&nbsp;&nbsp;console_run
</UL>

<P><STRONG><a name="[7]"></a>con_quit</STRONG> (Thumb, 12 bytes, Stack size 8 bytes, console.o(.text.con_quit))
<BR><BR>[Stack]<UL><LI>Max Depth = 32<LI>Call Chain = con_quit &rArr; console_printf
</UL>
<BR>[Calls]<UL><LI><a href="#[4f]">&gt;&gt;</a>&nbsp;&nbsp;&nbsp;console_printf
</UL>
<BR>[Address Reference Count : 1]<UL><LI> console.o(.data.cmds)
</UL>
<P><STRONG><a name="[5a]"></a>null_proc</STRONG> (Thumb, 4 bytes, Stack size 0 bytes, task.o(.text.null_proc))
<BR><BR>[Stack]<UL><LI>Max Depth = 136<LI>Call Chain = null_proc &rArr; sm_run &rArr; debug_printf &rArr; BSP_USART1_Transmit &rArr; BSP_USART_Transmit &rArr; HAL_UART_Transmit &rArr; UART_WaitOnFlagUntilTimeout
</UL>
<BR>[Calls]<UL><LI><a href="#[1c1]">&gt;&gt;</a>&nbsp;&nbsp;&nbsp;sm_run
</UL>
<BR>[Address Reference Count : 1]<UL><LI> task.o(.rodata.task_procs)
</UL>
<P><STRONG><a name="[19b]"></a>OUTLINED_FUNCTION_0</STRONG> (Thumb, 14 bytes, Stack size 0 bytes, rtc.o(.text.OUTLINED_FUNCTION_0))
<BR><BR>[Stack]<UL><LI>Max Depth = 184<LI>Call Chain = OUTLINED_FUNCTION_0 &rArr; BSP_DS3231_Read_Data &rArr; BSP_I2C_Read &rArr; HAL_I2C_Mem_Read &rArr; I2C_RequestMemoryRead &rArr; OUTLINED_FUNCTION_31 &rArr; I2C_WaitOnFlagUntilTimeout
</UL>
<BR>[Calls]<UL><LI><a href="#[48]">&gt;&gt;</a>&nbsp;&nbsp;&nbsp;BSP_DS3231_Read_Data
</UL>
<BR>[Called By]<UL><LI><a href="#[1d7]">&gt;&gt;</a>&nbsp;&nbsp;&nbsp;rtc_set_date
<LI><a href="#[1dc]">&gt;&gt;</a>&nbsp;&nbsp;&nbsp;rtc_get_date
</UL>

<P><STRONG><a name="[1a6]"></a>OUTLINED_FUNCTION_1</STRONG> (Thumb, 12 bytes, Stack size 0 bytes, rtc.o(.text.OUTLINED_FUNCTION_1))
<BR><BR>[Stack]<UL><LI>Max Depth = 184<LI>Call Chain = OUTLINED_FUNCTION_1 &rArr; BSP_DS3231_Read_Data &rArr; BSP_I2C_Read &rArr; HAL_I2C_Mem_Read &rArr; I2C_RequestMemoryRead &rArr; OUTLINED_FUNCTION_31 &rArr; I2C_WaitOnFlagUntilTimeout
</UL>
<BR>[Calls]<UL><LI><a href="#[48]">&gt;&gt;</a>&nbsp;&nbsp;&nbsp;BSP_DS3231_Read_Data
</UL>
<BR>[Called By]<UL><LI><a href="#[1d6]">&gt;&gt;</a>&nbsp;&nbsp;&nbsp;rtc_set_time
<LI><a href="#[1db]">&gt;&gt;</a>&nbsp;&nbsp;&nbsp;rtc_get_time
</UL>

<P><STRONG><a name="[19c]"></a>OUTLINED_FUNCTION_0</STRONG> (Thumb, 6 bytes, Stack size 0 bytes, con_motion_sensor.o(.text.OUTLINED_FUNCTION_0))
<BR><BR>[Stack]<UL><LI>Max Depth = 8<LI>Call Chain = OUTLINED_FUNCTION_0 &rArr; strcmp
</UL>
<BR>[Calls]<UL><LI><a href="#[19d]">&gt;&gt;</a>&nbsp;&nbsp;&nbsp;strcmp
</UL>
<BR>[Called By]<UL><LI><a href="#[2]">&gt;&gt;</a>&nbsp;&nbsp;&nbsp;con_motion_sensor
</UL>

<P><STRONG><a name="[19e]"></a>OUTLINED_FUNCTION_0</STRONG> (Thumb, 6 bytes, Stack size 0 bytes, con_power.o(.text.OUTLINED_FUNCTION_0))
<BR><BR>[Stack]<UL><LI>Max Depth = 8<LI>Call Chain = OUTLINED_FUNCTION_0 &rArr; strcmp
</UL>
<BR>[Calls]<UL><LI><a href="#[19d]">&gt;&gt;</a>&nbsp;&nbsp;&nbsp;strcmp
</UL>
<BR>[Called By]<UL><LI><a href="#[3]">&gt;&gt;</a>&nbsp;&nbsp;&nbsp;con_power
</UL>

<P><STRONG><a name="[19f]"></a>OUTLINED_FUNCTION_0</STRONG> (Thumb, 6 bytes, Stack size 0 bytes, con_beeper.o(.text.OUTLINED_FUNCTION_0))
<BR><BR>[Stack]<UL><LI>Max Depth = 8<LI>Call Chain = OUTLINED_FUNCTION_0 &rArr; strcmp
</UL>
<BR>[Calls]<UL><LI><a href="#[19d]">&gt;&gt;</a>&nbsp;&nbsp;&nbsp;strcmp
</UL>
<BR>[Called By]<UL><LI><a href="#[4]">&gt;&gt;</a>&nbsp;&nbsp;&nbsp;con_beeper
</UL>

<P><STRONG><a name="[1a0]"></a>OUTLINED_FUNCTION_0</STRONG> (Thumb, 8 bytes, Stack size 0 bytes, con_display.o(.text.OUTLINED_FUNCTION_0))
<BR><BR>[Stack]<UL><LI>Max Depth = 88<LI>Call Chain = OUTLINED_FUNCTION_0 &rArr; atoi &rArr; strtol &rArr; _strtoul
</UL>
<BR>[Calls]<UL><LI><a href="#[64]">&gt;&gt;</a>&nbsp;&nbsp;&nbsp;atoi
</UL>
<BR>[Called By]<UL><LI><a href="#[5]">&gt;&gt;</a>&nbsp;&nbsp;&nbsp;con_display
</UL>

<P><STRONG><a name="[1a7]"></a>OUTLINED_FUNCTION_1</STRONG> (Thumb, 6 bytes, Stack size 0 bytes, con_display.o(.text.OUTLINED_FUNCTION_1))
<BR><BR>[Stack]<UL><LI>Max Depth = 8<LI>Call Chain = OUTLINED_FUNCTION_1 &rArr; strcmp
</UL>
<BR>[Calls]<UL><LI><a href="#[19d]">&gt;&gt;</a>&nbsp;&nbsp;&nbsp;strcmp
</UL>
<BR>[Called By]<UL><LI><a href="#[5]">&gt;&gt;</a>&nbsp;&nbsp;&nbsp;con_display
</UL>

<P><STRONG><a name="[1a1]"></a>OUTLINED_FUNCTION_0</STRONG> (Thumb, 6 bytes, Stack size 0 bytes, con_player.o(.text.OUTLINED_FUNCTION_0))
<BR><BR>[Stack]<UL><LI>Max Depth = 8<LI>Call Chain = OUTLINED_FUNCTION_0 &rArr; strcmp
</UL>
<BR>[Calls]<UL><LI><a href="#[19d]">&gt;&gt;</a>&nbsp;&nbsp;&nbsp;strcmp
</UL>
<BR>[Called By]<UL><LI><a href="#[6]">&gt;&gt;</a>&nbsp;&nbsp;&nbsp;con_player
</UL>

<P><STRONG><a name="[1a2]"></a>OUTLINED_FUNCTION_0</STRONG> (Thumb, 6 bytes, Stack size 0 bytes, sm_clock_display.o(.text.OUTLINED_FUNCTION_0))
<BR><BR>[Calls]<UL><LI><a href="#[1a3]">&gt;&gt;</a>&nbsp;&nbsp;&nbsp;clock_display
</UL>
<BR>[Called By]<UL><LI><a href="#[9]">&gt;&gt;</a>&nbsp;&nbsp;&nbsp;do_clock_display_week
<LI><a href="#[a]">&gt;&gt;</a>&nbsp;&nbsp;&nbsp;do_clock_display_time
<LI><a href="#[d]">&gt;&gt;</a>&nbsp;&nbsp;&nbsp;do_clock_display_temp
<LI><a href="#[8]">&gt;&gt;</a>&nbsp;&nbsp;&nbsp;do_clock_display_date
</UL>

<P><STRONG><a name="[8]"></a>do_clock_display_date</STRONG> (Thumb, 44 bytes, Stack size 8 bytes, sm_clock_display.o(.text.do_clock_display_date))
<BR><BR>[Stack]<UL><LI>Max Depth = 248<LI>Call Chain = do_clock_display_date &rArr; power_test_powersave &rArr; power_enter_powersave &rArr; clock_leave_powersave &rArr; clock_sync_from_rtc &rArr; rtc_get_date &rArr; OUTLINED_FUNCTION_0 &rArr; BSP_DS3231_Read_Data &rArr; BSP_I2C_Read &rArr; HAL_I2C_Mem_Read &rArr; I2C_RequestMemoryRead &rArr; OUTLINED_FUNCTION_31 &rArr; I2C_WaitOnFlagUntilTimeout
</UL>
<BR>[Calls]<UL><LI><a href="#[1a2]">&gt;&gt;</a>&nbsp;&nbsp;&nbsp;OUTLINED_FUNCTION_0
<LI><a href="#[215]">&gt;&gt;</a>&nbsp;&nbsp;&nbsp;power_test_powersave
<LI><a href="#[216]">&gt;&gt;</a>&nbsp;&nbsp;&nbsp;power_reset_timeo
<LI><a href="#[206]">&gt;&gt;</a>&nbsp;&nbsp;&nbsp;display_clr
<LI><a href="#[217]">&gt;&gt;</a>&nbsp;&nbsp;&nbsp;clock_switch_display_mode
<LI><a href="#[1a3]">&gt;&gt;</a>&nbsp;&nbsp;&nbsp;clock_display
</UL>
<BR>[Address Reference Count : 3]<UL><LI> sm_clock_display.o(.data.sm_trans_clock_display_time)
<LI> sm_clock_display.o(.data.sm_trans_clock_display_date)
<LI> sm_clock_display.o(.data.sm_trans_clock_display_week)
</UL>
<P><STRONG><a name="[d]"></a>do_clock_display_temp</STRONG> (Thumb, 36 bytes, Stack size 8 bytes, sm_clock_display.o(.text.do_clock_display_temp))
<BR><BR>[Stack]<UL><LI>Max Depth = 248<LI>Call Chain = do_clock_display_temp &rArr; thermometer_display &rArr; thermometer_read_fah &rArr; BSP_DS3231_Read_Data &rArr; BSP_I2C_Read &rArr; HAL_I2C_Mem_Read &rArr; I2C_RequestMemoryRead &rArr; OUTLINED_FUNCTION_31 &rArr; I2C_WaitOnFlagUntilTimeout
</UL>
<BR>[Calls]<UL><LI><a href="#[1a2]">&gt;&gt;</a>&nbsp;&nbsp;&nbsp;OUTLINED_FUNCTION_0
<LI><a href="#[218]">&gt;&gt;</a>&nbsp;&nbsp;&nbsp;thermometer_display
<LI><a href="#[215]">&gt;&gt;</a>&nbsp;&nbsp;&nbsp;power_test_powersave
<LI><a href="#[216]">&gt;&gt;</a>&nbsp;&nbsp;&nbsp;power_reset_timeo
<LI><a href="#[206]">&gt;&gt;</a>&nbsp;&nbsp;&nbsp;display_clr
</UL>
<BR>[Address Reference Count : 3]<UL><LI> sm_clock_display.o(.data.sm_trans_clock_display_time)
<LI> sm_clock_display.o(.data.sm_trans_clock_display_week)
<LI> sm_clock_display.o(.data.sm_trans_clock_display_temp)
</UL>
<P><STRONG><a name="[a]"></a>do_clock_display_time</STRONG> (Thumb, 44 bytes, Stack size 8 bytes, sm_clock_display.o(.text.do_clock_display_time))
<BR><BR>[Stack]<UL><LI>Max Depth = 248<LI>Call Chain = do_clock_display_time &rArr; power_test_powersave &rArr; power_enter_powersave &rArr; clock_leave_powersave &rArr; clock_sync_from_rtc &rArr; rtc_get_date &rArr; OUTLINED_FUNCTION_0 &rArr; BSP_DS3231_Read_Data &rArr; BSP_I2C_Read &rArr; HAL_I2C_Mem_Read &rArr; I2C_RequestMemoryRead &rArr; OUTLINED_FUNCTION_31 &rArr; I2C_WaitOnFlagUntilTimeout
</UL>
<BR>[Calls]<UL><LI><a href="#[1a2]">&gt;&gt;</a>&nbsp;&nbsp;&nbsp;OUTLINED_FUNCTION_0
<LI><a href="#[215]">&gt;&gt;</a>&nbsp;&nbsp;&nbsp;power_test_powersave
<LI><a href="#[216]">&gt;&gt;</a>&nbsp;&nbsp;&nbsp;power_reset_timeo
<LI><a href="#[206]">&gt;&gt;</a>&nbsp;&nbsp;&nbsp;display_clr
<LI><a href="#[217]">&gt;&gt;</a>&nbsp;&nbsp;&nbsp;clock_switch_display_mode
<LI><a href="#[1a3]">&gt;&gt;</a>&nbsp;&nbsp;&nbsp;clock_display
</UL>
<BR>[Address Reference Count : 4]<UL><LI> sm_clock_display.o(.data.sm_trans_clock_display_init)
<LI> sm_clock_display.o(.data.sm_trans_clock_display_time)
<LI> sm_clock_display.o(.data.sm_trans_clock_display_date)
<LI> sm_clock_display.o(.data.sm_trans_clock_display_temp)
</UL>
<P><STRONG><a name="[9]"></a>do_clock_display_week</STRONG> (Thumb, 44 bytes, Stack size 8 bytes, sm_clock_display.o(.text.do_clock_display_week))
<BR><BR>[Stack]<UL><LI>Max Depth = 248<LI>Call Chain = do_clock_display_week &rArr; power_test_powersave &rArr; power_enter_powersave &rArr; clock_leave_powersave &rArr; clock_sync_from_rtc &rArr; rtc_get_date &rArr; OUTLINED_FUNCTION_0 &rArr; BSP_DS3231_Read_Data &rArr; BSP_I2C_Read &rArr; HAL_I2C_Mem_Read &rArr; I2C_RequestMemoryRead &rArr; OUTLINED_FUNCTION_31 &rArr; I2C_WaitOnFlagUntilTimeout
</UL>
<BR>[Calls]<UL><LI><a href="#[1a2]">&gt;&gt;</a>&nbsp;&nbsp;&nbsp;OUTLINED_FUNCTION_0
<LI><a href="#[215]">&gt;&gt;</a>&nbsp;&nbsp;&nbsp;power_test_powersave
<LI><a href="#[216]">&gt;&gt;</a>&nbsp;&nbsp;&nbsp;power_reset_timeo
<LI><a href="#[206]">&gt;&gt;</a>&nbsp;&nbsp;&nbsp;display_clr
<LI><a href="#[217]">&gt;&gt;</a>&nbsp;&nbsp;&nbsp;clock_switch_display_mode
<LI><a href="#[1a3]">&gt;&gt;</a>&nbsp;&nbsp;&nbsp;clock_display
</UL>
<BR>[Address Reference Count : 3]<UL><LI> sm_clock_display.o(.data.sm_trans_clock_display_date)
<LI> sm_clock_display.o(.data.sm_trans_clock_display_week)
<LI> sm_clock_display.o(.data.sm_trans_clock_display_temp)
</UL>
<P><STRONG><a name="[245]"></a>_fp_digits</STRONG> (Thumb, 366 bytes, Stack size 64 bytes, printfa.o(i._fp_digits), UNUSED)
<BR><BR>[Calls]<UL><LI><a href="#[6d]">&gt;&gt;</a>&nbsp;&nbsp;&nbsp;__aeabi_dmul
<LI><a href="#[6e]">&gt;&gt;</a>&nbsp;&nbsp;&nbsp;__aeabi_ddiv
<LI><a href="#[67]">&gt;&gt;</a>&nbsp;&nbsp;&nbsp;__aeabi_dadd
<LI><a href="#[74]">&gt;&gt;</a>&nbsp;&nbsp;&nbsp;__aeabi_d2ulz
<LI><a href="#[246]">&gt;&gt;</a>&nbsp;&nbsp;&nbsp;__aeabi_cdrcmple
<LI><a href="#[5e]">&gt;&gt;</a>&nbsp;&nbsp;&nbsp;__aeabi_uldivmod
</UL>
<BR>[Called By]<UL><LI><a href="#[242]">&gt;&gt;</a>&nbsp;&nbsp;&nbsp;_printf_core
</UL>

<P><STRONG><a name="[242]"></a>_printf_core</STRONG> (Thumb, 1744 bytes, Stack size 136 bytes, printfa.o(i._printf_core), UNUSED)
<BR><BR>[Calls]<UL><LI><a href="#[249]">&gt;&gt;</a>&nbsp;&nbsp;&nbsp;__aeabi_uidivmod
<LI><a href="#[247]">&gt;&gt;</a>&nbsp;&nbsp;&nbsp;_printf_pre_padding
<LI><a href="#[248]">&gt;&gt;</a>&nbsp;&nbsp;&nbsp;_printf_post_padding
<LI><a href="#[245]">&gt;&gt;</a>&nbsp;&nbsp;&nbsp;_fp_digits
<LI><a href="#[5e]">&gt;&gt;</a>&nbsp;&nbsp;&nbsp;__aeabi_uldivmod
</UL>
<BR>[Called By]<UL><LI><a href="#[244]">&gt;&gt;</a>&nbsp;&nbsp;&nbsp;__0vsnprintf
<LI><a href="#[243]">&gt;&gt;</a>&nbsp;&nbsp;&nbsp;__0vprintf
<LI><a href="#[241]">&gt;&gt;</a>&nbsp;&nbsp;&nbsp;__0snprintf
</UL>

<P><STRONG><a name="[248]"></a>_printf_post_padding</STRONG> (Thumb, 36 bytes, Stack size 24 bytes, printfa.o(i._printf_post_padding), UNUSED)
<BR><BR>[Called By]<UL><LI><a href="#[242]">&gt;&gt;</a>&nbsp;&nbsp;&nbsp;_printf_core
</UL>

<P><STRONG><a name="[247]"></a>_printf_pre_padding</STRONG> (Thumb, 46 bytes, Stack size 24 bytes, printfa.o(i._printf_pre_padding), UNUSED)
<BR><BR>[Called By]<UL><LI><a href="#[242]">&gt;&gt;</a>&nbsp;&nbsp;&nbsp;_printf_core
</UL>

<P><STRONG><a name="[53]"></a>_snputc</STRONG> (Thumb, 22 bytes, Stack size 0 bytes, printfa.o(i._snputc))
<BR>[Address Reference Count : 2]<UL><LI> printfa.o(i.__0snprintf)
<LI> printfa.o(i.__0vsnprintf)
</UL><P>
<H3>
Undefined Global Symbols
</H3><HR></body></html>
