<!doctype html public "-//w3c//dtd html 4.0 transitional//en">
<html><head>
<title>Static Call Graph - [IVClock\IVClock.axf]</title></head>
<body><HR>
<H1>Static Call Graph for image IVClock\IVClock.axf</H1><HR>
<BR><P>#&#060CALLGRAPH&#062# ARM Linker, 6160001: Last Updated: Tue Aug 17 22:27:33 2021
<BR><P>
<H3>Maximum Stack Usage =        304 bytes + Unknown(Cycles, Untraceable Function Pointers)</H3><H3>
Call chain for Maximum Stack Depth:</H3>
con_power &rArr; power_get_bat_voltage &rArr; config_read_int &rArr; BSP_ROM_Read &rArr; BSP_I2C_Read &rArr; HAL_I2C_Mem_Read &rArr; I2C_RequestMemoryRead &rArr; OUTLINED_FUNCTION_31 &rArr; I2C_WaitOnFlagUntilTimeout
<P>
<H3>
Mutually Recursive functions
</H3> <LI><a href="#[5a]">CAN1_RX1_IRQHandler</a>&nbsp;&nbsp;&nbsp;&rArr;&nbsp;&nbsp;&nbsp;<a href="#[5a]">CAN1_RX1_IRQHandler</a><BR>
 <LI><a href="#[3f]">BusFault_Handler</a>&nbsp;&nbsp;&nbsp;&rArr;&nbsp;&nbsp;&nbsp;<a href="#[3f]">BusFault_Handler</a><BR>
 <LI><a href="#[3d]">HardFault_Handler</a>&nbsp;&nbsp;&nbsp;&rArr;&nbsp;&nbsp;&nbsp;<a href="#[3d]">HardFault_Handler</a><BR>
 <LI><a href="#[3e]">MemManage_Handler</a>&nbsp;&nbsp;&nbsp;&rArr;&nbsp;&nbsp;&nbsp;<a href="#[3e]">MemManage_Handler</a><BR>
 <LI><a href="#[3c]">NMI_Handler</a>&nbsp;&nbsp;&nbsp;&rArr;&nbsp;&nbsp;&nbsp;<a href="#[3c]">NMI_Handler</a><BR>
 <LI><a href="#[40]">UsageFault_Handler</a>&nbsp;&nbsp;&nbsp;&rArr;&nbsp;&nbsp;&nbsp;<a href="#[40]">UsageFault_Handler</a><BR>
</UL>
<P>
<H3>
Function Pointers
</H3><UL>
 <LI><a href="#[57]">ADC1_2_IRQHandler</a> from adc.o(.text.ADC1_2_IRQHandler) referenced from startup_stm32f103xb.o(RESET)
 <LI><a href="#[75]">BSP_DS3231_Read_Data</a> from ds3231.o(.text.BSP_DS3231_Read_Data) referenced from ds3231.o(.text.BSP_DS3231_Dump)
 <LI><a href="#[73]">BSP_I2C_Write</a> from i2c.o(.text.BSP_I2C_Write) referenced from acc.o(.text.BSP_ACC_Threshold_Set)
 <LI><a href="#[7c]">BSP_IV18_Set_Blink</a> from iv18.o(.text.BSP_IV18_Set_Blink) referenced from display.o(.text.display_format_param_beeper)
 <LI><a href="#[7c]">BSP_IV18_Set_Blink</a> from iv18.o(.text.BSP_IV18_Set_Blink) referenced from display.o(.text.display_format_power)
 <LI><a href="#[7d]">BSP_IV18_Set_DP</a> from iv18.o(.text.BSP_IV18_Set_DP) referenced from display.o(.text.display_format_timer)
 <LI><a href="#[7b]">BSP_IV18_Set_Dig</a> from iv18.o(.text.BSP_IV18_Set_Dig) referenced from display.o(.text.display_format_clock)
 <LI><a href="#[7b]">BSP_IV18_Set_Dig</a> from iv18.o(.text.BSP_IV18_Set_Dig) referenced from display.o(.text.display_format_hour12)
 <LI><a href="#[7b]">BSP_IV18_Set_Dig</a> from iv18.o(.text.BSP_IV18_Set_Dig) referenced from display.o(.text.display_format_light_mon)
 <LI><a href="#[7b]">BSP_IV18_Set_Dig</a> from iv18.o(.text.BSP_IV18_Set_Dig) referenced from display.o(.text.display_format_param_beeper)
 <LI><a href="#[7b]">BSP_IV18_Set_Dig</a> from iv18.o(.text.BSP_IV18_Set_Dig) referenced from display.o(.text.display_format_thermo_unit)
 <LI><a href="#[7b]">BSP_IV18_Set_Dig</a> from iv18.o(.text.BSP_IV18_Set_Dig) referenced from display.o(.text.display_format_timer)
 <LI><a href="#[3f]">BusFault_Handler</a> from stm32f1xx_it.o(.text.BusFault_Handler) referenced from startup_stm32f103xb.o(RESET)
 <LI><a href="#[5a]">CAN1_RX1_IRQHandler</a> from startup_stm32f103xb.o(.text) referenced from startup_stm32f103xb.o(RESET)
 <LI><a href="#[5b]">CAN1_SCE_IRQHandler</a> from startup_stm32f103xb.o(.text) referenced from startup_stm32f103xb.o(RESET)
 <LI><a href="#[50]">DMA1_Channel1_IRQHandler</a> from startup_stm32f103xb.o(.text) referenced from startup_stm32f103xb.o(RESET)
 <LI><a href="#[51]">DMA1_Channel2_IRQHandler</a> from startup_stm32f103xb.o(.text) referenced from startup_stm32f103xb.o(RESET)
 <LI><a href="#[52]">DMA1_Channel3_IRQHandler</a> from startup_stm32f103xb.o(.text) referenced from startup_stm32f103xb.o(RESET)
 <LI><a href="#[53]">DMA1_Channel4_IRQHandler</a> from startup_stm32f103xb.o(.text) referenced from startup_stm32f103xb.o(RESET)
 <LI><a href="#[54]">DMA1_Channel5_IRQHandler</a> from startup_stm32f103xb.o(.text) referenced from startup_stm32f103xb.o(RESET)
 <LI><a href="#[55]">DMA1_Channel6_IRQHandler</a> from startup_stm32f103xb.o(.text) referenced from startup_stm32f103xb.o(RESET)
 <LI><a href="#[56]">DMA1_Channel7_IRQHandler</a> from startup_stm32f103xb.o(.text) referenced from startup_stm32f103xb.o(RESET)
 <LI><a href="#[42]">DebugMon_Handler</a> from stm32f1xx_it.o(.text.DebugMon_Handler) referenced from startup_stm32f103xb.o(RESET)
 <LI><a href="#[4b]">EXTI0_IRQHandler</a> from startup_stm32f103xb.o(.text) referenced from startup_stm32f103xb.o(RESET)
 <LI><a href="#[6d]">EXTI15_10_IRQHandler</a> from startup_stm32f103xb.o(.text) referenced from startup_stm32f103xb.o(RESET)
 <LI><a href="#[4c]">EXTI1_IRQHandler</a> from extint.o(.text.EXTI1_IRQHandler) referenced from startup_stm32f103xb.o(RESET)
 <LI><a href="#[4d]">EXTI2_IRQHandler</a> from startup_stm32f103xb.o(.text) referenced from startup_stm32f103xb.o(RESET)
 <LI><a href="#[4e]">EXTI3_IRQHandler</a> from extint.o(.text.EXTI3_IRQHandler) referenced from startup_stm32f103xb.o(RESET)
 <LI><a href="#[4f]">EXTI4_IRQHandler</a> from extint.o(.text.EXTI4_IRQHandler) referenced from startup_stm32f103xb.o(RESET)
 <LI><a href="#[5c]">EXTI9_5_IRQHandler</a> from extint.o(.text.EXTI9_5_IRQHandler) referenced from startup_stm32f103xb.o(RESET)
 <LI><a href="#[49]">FLASH_IRQHandler</a> from startup_stm32f103xb.o(.text) referenced from startup_stm32f103xb.o(RESET)
 <LI><a href="#[78]">HAL_GPIO_EXTI_IRQHandler</a> from stm32f1xx_hal_gpio.o(.text.HAL_GPIO_EXTI_IRQHandler) referenced from extint.o(.text.EXTI9_5_IRQHandler)
 <LI><a href="#[76]">HAL_GPIO_Init</a> from stm32f1xx_hal_gpio.o(.text.HAL_GPIO_Init) referenced from gpio.o(.text.BSP_GPIO_Init)
 <LI><a href="#[76]">HAL_GPIO_Init</a> from stm32f1xx_hal_gpio.o(.text.HAL_GPIO_Init) referenced from iv18.o(.text.BSP_IV18_Init)
 <LI><a href="#[77]">HAL_GPIO_WritePin</a> from stm32f1xx_hal_gpio.o(.text.HAL_GPIO_WritePin) referenced from iv18.o(.text.BSP_IV18_Show_Data)
 <LI><a href="#[3d]">HardFault_Handler</a> from stm32f1xx_it.o(.text.HardFault_Handler) referenced from startup_stm32f103xb.o(RESET)
 <LI><a href="#[65]">I2C1_ER_IRQHandler</a> from startup_stm32f103xb.o(.text) referenced from startup_stm32f103xb.o(RESET)
 <LI><a href="#[64]">I2C1_EV_IRQHandler</a> from startup_stm32f103xb.o(.text) referenced from startup_stm32f103xb.o(RESET)
 <LI><a href="#[67]">I2C2_ER_IRQHandler</a> from startup_stm32f103xb.o(.text) referenced from startup_stm32f103xb.o(RESET)
 <LI><a href="#[66]">I2C2_EV_IRQHandler</a> from startup_stm32f103xb.o(.text) referenced from startup_stm32f103xb.o(RESET)
 <LI><a href="#[3e]">MemManage_Handler</a> from stm32f1xx_it.o(.text.MemManage_Handler) referenced from startup_stm32f103xb.o(RESET)
 <LI><a href="#[3c]">NMI_Handler</a> from stm32f1xx_it.o(.text.NMI_Handler) referenced from startup_stm32f103xb.o(RESET)
 <LI><a href="#[46]">PVD_IRQHandler</a> from startup_stm32f103xb.o(.text) referenced from startup_stm32f103xb.o(RESET)
 <LI><a href="#[43]">PendSV_Handler</a> from stm32f1xx_it.o(.text.PendSV_Handler) referenced from startup_stm32f103xb.o(RESET)
 <LI><a href="#[80]">PrintBsp</a> from main.o(.text.PrintBsp) referenced from main.o(.text.main)
 <LI><a href="#[4a]">RCC_IRQHandler</a> from startup_stm32f103xb.o(.text) referenced from startup_stm32f103xb.o(RESET)
 <LI><a href="#[6e]">RTC_Alarm_IRQHandler</a> from startup_stm32f103xb.o(.text) referenced from startup_stm32f103xb.o(RESET)
 <LI><a href="#[48]">RTC_IRQHandler</a> from startup_stm32f103xb.o(.text) referenced from startup_stm32f103xb.o(RESET)
 <LI><a href="#[3b]">Reset_Handler</a> from startup_stm32f103xb.o(.text) referenced from startup_stm32f103xb.o(RESET)
 <LI><a href="#[68]">SPI1_IRQHandler</a> from startup_stm32f103xb.o(.text) referenced from startup_stm32f103xb.o(RESET)
 <LI><a href="#[69]">SPI2_IRQHandler</a> from startup_stm32f103xb.o(.text) referenced from startup_stm32f103xb.o(RESET)
 <LI><a href="#[41]">SVC_Handler</a> from stm32f1xx_it.o(.text.SVC_Handler) referenced from startup_stm32f103xb.o(RESET)
 <LI><a href="#[44]">SysTick_Handler</a> from stm32f1xx_it.o(.text.SysTick_Handler) referenced from startup_stm32f103xb.o(RESET)
 <LI><a href="#[71]">SystemInit</a> from system_stm32f1xx.o(.text.SystemInit) referenced from startup_stm32f103xb.o(.text)
 <LI><a href="#[47]">TAMPER_IRQHandler</a> from startup_stm32f103xb.o(.text) referenced from startup_stm32f103xb.o(RESET)
 <LI><a href="#[5d]">TIM1_BRK_IRQHandler</a> from startup_stm32f103xb.o(.text) referenced from startup_stm32f103xb.o(RESET)
 <LI><a href="#[60]">TIM1_CC_IRQHandler</a> from tim.o(.text.TIM1_CC_IRQHandler) referenced from startup_stm32f103xb.o(RESET)
 <LI><a href="#[5f]">TIM1_TRG_COM_IRQHandler</a> from startup_stm32f103xb.o(.text) referenced from startup_stm32f103xb.o(RESET)
 <LI><a href="#[5e]">TIM1_UP_IRQHandler</a> from startup_stm32f103xb.o(.text) referenced from startup_stm32f103xb.o(RESET)
 <LI><a href="#[61]">TIM2_IRQHandler</a> from tim.o(.text.TIM2_IRQHandler) referenced from startup_stm32f103xb.o(RESET)
 <LI><a href="#[62]">TIM3_IRQHandler</a> from startup_stm32f103xb.o(.text) referenced from startup_stm32f103xb.o(RESET)
 <LI><a href="#[63]">TIM4_IRQHandler</a> from tim.o(.text.TIM4_IRQHandler) referenced from startup_stm32f103xb.o(RESET)
 <LI><a href="#[79]">UART_DMAAbortOnError</a> from stm32f1xx_hal_uart.o(.text.UART_DMAAbortOnError) referenced from stm32f1xx_hal_uart.o(.text.HAL_UART_IRQHandler)
 <LI><a href="#[6a]">USART1_IRQHandler</a> from startup_stm32f103xb.o(.text) referenced from startup_stm32f103xb.o(RESET)
 <LI><a href="#[6b]">USART2_IRQHandler</a> from usart.o(.text.USART2_IRQHandler) referenced from startup_stm32f103xb.o(RESET)
 <LI><a href="#[6c]">USART3_IRQHandler</a> from usart.o(.text.USART3_IRQHandler) referenced from startup_stm32f103xb.o(RESET)
 <LI><a href="#[6f]">USBWakeUp_IRQHandler</a> from startup_stm32f103xb.o(.text) referenced from startup_stm32f103xb.o(RESET)
 <LI><a href="#[58]">USB_HP_CAN1_TX_IRQHandler</a> from startup_stm32f103xb.o(.text) referenced from startup_stm32f103xb.o(RESET)
 <LI><a href="#[59]">USB_LP_CAN1_RX0_IRQHandler</a> from startup_stm32f103xb.o(.text) referenced from startup_stm32f103xb.o(RESET)
 <LI><a href="#[40]">UsageFault_Handler</a> from stm32f1xx_it.o(.text.UsageFault_Handler) referenced from startup_stm32f103xb.o(RESET)
 <LI><a href="#[45]">WWDG_IRQHandler</a> from startup_stm32f103xb.o(.text) referenced from startup_stm32f103xb.o(RESET)
 <LI><a href="#[72]">__main</a> from entry.o(.ARM.Collect$$$$00000000) referenced from startup_stm32f103xb.o(.text)
 <LI><a href="#[81]">_snputc</a> from printfa.o(i._snputc) referenced from printfa.o(i.__0snprintf)
 <LI><a href="#[81]">_snputc</a> from printfa.o(i._snputc) referenced from printfa.o(i.__0vsnprintf)
 <LI><a href="#[89]">alarm_proc</a> from alarm.o(.text.alarm_proc) referenced 2 times from task.o(.rodata.task_procs)
 <LI><a href="#[86]">button_mod_proc</a> from button.o(.text.button_mod_proc) referenced 4 times from task.o(.rodata.task_procs)
 <LI><a href="#[87]">button_mod_set_proc</a> from button.o(.text.button_mod_set_proc) referenced 2 times from task.o(.rodata.task_procs)
 <LI><a href="#[84]">button_scan_proc</a> from button.o(.text.button_scan_proc) referenced from task.o(.rodata.task_procs)
 <LI><a href="#[85]">button_set_proc</a> from button.o(.text.button_set_proc) referenced 4 times from task.o(.rodata.task_procs)
 <LI><a href="#[83]">clock_time_proc</a> from clock.o(.text.clock_time_proc) referenced 2 times from task.o(.rodata.task_procs)
 <LI><a href="#[2]">con_alarm</a> from con_alarm.o(.text.con_alarm) referenced 2 times from console.o(.data.cmds)
 <LI><a href="#[5]">con_beeper</a> from con_beeper.o(.text.con_beeper) referenced 2 times from console.o(.data.cmds)
 <LI><a href="#[1]">con_clock</a> from con_clock.o(.text.con_clock) referenced 2 times from console.o(.data.cmds)
 <LI><a href="#[6]">con_display</a> from con_display.o(.text.con_display) referenced 2 times from console.o(.data.cmds)
 <LI><a href="#[0]">con_help</a> from con_help.o(.text.con_help) referenced 2 times from console.o(.data.cmds)
 <LI><a href="#[3]">con_motion_sensor</a> from con_motion_sensor.o(.text.con_motion_sensor) referenced 2 times from console.o(.data.cmds)
 <LI><a href="#[7]">con_player</a> from con_player.o(.text.con_player) referenced 2 times from console.o(.data.cmds)
 <LI><a href="#[4]">con_power</a> from con_power.o(.text.con_power) referenced 2 times from console.o(.data.cmds)
 <LI><a href="#[8]">con_quit</a> from console.o(.text.con_quit) referenced 2 times from console.o(.data.cmds)
 <LI><a href="#[7a]">console_printf</a> from console.o(.text.console_printf) referenced from alarm.o(.text.alarm_show)
 <LI><a href="#[7a]">console_printf</a> from console.o(.text.console_printf) referenced from console.o(.text.console_run)
 <LI><a href="#[74]">debug_printf</a> from debug.o(.text.debug_printf) referenced from ds3231.o(.text.BSP_DS3231_Dump)
 <LI><a href="#[74]">debug_printf</a> from debug.o(.text.debug_printf) referenced from alarm.o(.text.alarm_dump)
 <LI><a href="#[74]">debug_printf</a> from debug.o(.text.debug_printf) referenced from clock.o(.text.clock_dump)
 <LI><a href="#[74]">debug_printf</a> from debug.o(.text.debug_printf) referenced from remote_control.o(.text.remote_control_dump_msg)
 <LI><a href="#[7f]">display_clr_blink</a> from display.o(.text.display_clr_blink) referenced from display.o(.text.display_set_blink_all)
 <LI><a href="#[7e]">display_set_blink</a> from display.o(.text.display_set_blink) referenced from display.o(.text.display_set_blink_all)
 <LI><a href="#[11]">do_clock_display_alarm0</a> from sm_clock_display.o(.text.do_clock_display_alarm0) referenced 6 times from sm_clock_display.o(.data.sm_trans_clock_display_alarm0)
 <LI><a href="#[11]">do_clock_display_alarm0</a> from sm_clock_display.o(.text.do_clock_display_alarm0) referenced 2 times from sm_clock_display.o(.data.sm_trans_clock_display_time)
 <LI><a href="#[13]">do_clock_display_alarm1</a> from sm_clock_display.o(.text.do_clock_display_alarm1) referenced 6 times from sm_clock_display.o(.data.sm_trans_clock_display_alarm1)
 <LI><a href="#[13]">do_clock_display_alarm1</a> from sm_clock_display.o(.text.do_clock_display_alarm1) referenced 2 times from sm_clock_display.o(.data.sm_trans_clock_display_time)
 <LI><a href="#[14]">do_clock_display_date</a> from sm_clock_display.o(.text.do_clock_display_date) referenced 2 times from sm_clock_display.o(.data.sm_trans_clock_display_date)
 <LI><a href="#[14]">do_clock_display_date</a> from sm_clock_display.o(.text.do_clock_display_date) referenced 2 times from sm_clock_display.o(.data.sm_trans_clock_display_time)
 <LI><a href="#[14]">do_clock_display_date</a> from sm_clock_display.o(.text.do_clock_display_date) referenced 2 times from sm_clock_display.o(.data.sm_trans_clock_display_week)
 <LI><a href="#[18]">do_clock_display_init</a> from sm_clock_display.o(.text.do_clock_display_init) referenced 2 times from sm_clock_display.o(.data.sm_trans_clock_display_time)
 <LI><a href="#[18]">do_clock_display_init</a> from sm_clock_display.o(.text.do_clock_display_init) referenced 2 times from sm_stop_watch.o(.data.sm_trans_stop_watch_stop)
 <LI><a href="#[17]">do_clock_display_temp</a> from sm_clock_display.o(.text.do_clock_display_temp) referenced 2 times from sm_clock_display.o(.data.sm_trans_clock_display_temp)
 <LI><a href="#[17]">do_clock_display_temp</a> from sm_clock_display.o(.text.do_clock_display_temp) referenced 2 times from sm_clock_display.o(.data.sm_trans_clock_display_time)
 <LI><a href="#[17]">do_clock_display_temp</a> from sm_clock_display.o(.text.do_clock_display_temp) referenced 2 times from sm_clock_display.o(.data.sm_trans_clock_display_week)
 <LI><a href="#[12]">do_clock_display_time</a> from sm_clock_display.o(.text.do_clock_display_time) referenced 2 times from sm_clock_display.o(.data.sm_trans_clock_display_alarm0)
 <LI><a href="#[12]">do_clock_display_time</a> from sm_clock_display.o(.text.do_clock_display_time) referenced 2 times from sm_clock_display.o(.data.sm_trans_clock_display_alarm1)
 <LI><a href="#[12]">do_clock_display_time</a> from sm_clock_display.o(.text.do_clock_display_time) referenced 2 times from sm_clock_display.o(.data.sm_trans_clock_display_date)
 <LI><a href="#[12]">do_clock_display_time</a> from sm_clock_display.o(.text.do_clock_display_time) referenced 2 times from sm_clock_display.o(.data.sm_trans_clock_display_init)
 <LI><a href="#[12]">do_clock_display_time</a> from sm_clock_display.o(.text.do_clock_display_time) referenced 2 times from sm_clock_display.o(.data.sm_trans_clock_display_temp)
 <LI><a href="#[12]">do_clock_display_time</a> from sm_clock_display.o(.text.do_clock_display_time) referenced 2 times from sm_clock_display.o(.data.sm_trans_clock_display_time)
 <LI><a href="#[15]">do_clock_display_week</a> from sm_clock_display.o(.text.do_clock_display_week) referenced 2 times from sm_clock_display.o(.data.sm_trans_clock_display_date)
 <LI><a href="#[15]">do_clock_display_week</a> from sm_clock_display.o(.text.do_clock_display_week) referenced 2 times from sm_clock_display.o(.data.sm_trans_clock_display_temp)
 <LI><a href="#[15]">do_clock_display_week</a> from sm_clock_display.o(.text.do_clock_display_week) referenced 2 times from sm_clock_display.o(.data.sm_trans_clock_display_week)
 <LI><a href="#[b]">do_get_alarm</a> from remote_control.o(.text.do_get_alarm) referenced 2 times from remote_control.o(.data.remote_control_proc)
 <LI><a href="#[f]">do_get_bat</a> from remote_control.o(.text.do_get_bat) referenced 2 times from remote_control.o(.data.remote_control_proc)
 <LI><a href="#[d]">do_get_param</a> from remote_control.o(.text.do_get_param) referenced 2 times from remote_control.o(.data.remote_control_proc)
 <LI><a href="#[9]">do_get_time</a> from remote_control.o(.text.do_get_time) referenced 2 times from remote_control.o(.data.remote_control_proc)
 <LI><a href="#[c]">do_set_alarm</a> from remote_control.o(.text.do_set_alarm) referenced 2 times from remote_control.o(.data.remote_control_proc)
 <LI><a href="#[19]">do_set_alarm_day</a> from sm_set_alarm.o(.text.do_set_alarm_day) referenced 4 times from sm_set_alarm.o(.data.sm_trans_set_alarm_day)
 <LI><a href="#[19]">do_set_alarm_day</a> from sm_set_alarm.o(.text.do_set_alarm_day) referenced 2 times from sm_set_alarm.o(.data.sm_trans_set_alarm_min)
 <LI><a href="#[1c]">do_set_alarm_hour</a> from sm_set_alarm.o(.text.do_set_alarm_hour) referenced 8 times from sm_set_alarm.o(.data.sm_trans_set_alarm_hour)
 <LI><a href="#[1c]">do_set_alarm_hour</a> from sm_set_alarm.o(.text.do_set_alarm_hour) referenced 2 times from sm_set_alarm.o(.data.sm_trans_set_alarm_sel)
 <LI><a href="#[21]">do_set_alarm_init</a> from sm_set_alarm.o(.text.do_set_alarm_init) referenced 2 times from sm_set_date.o(.data.sm_trans_set_date_date)
 <LI><a href="#[21]">do_set_alarm_init</a> from sm_set_alarm.o(.text.do_set_alarm_init) referenced 2 times from sm_set_date.o(.data.sm_trans_set_date_mon)
 <LI><a href="#[21]">do_set_alarm_init</a> from sm_set_alarm.o(.text.do_set_alarm_init) referenced 2 times from sm_set_date.o(.data.sm_trans_set_date_year)
 <LI><a href="#[1d]">do_set_alarm_min</a> from sm_set_alarm.o(.text.do_set_alarm_min) referenced 2 times from sm_set_alarm.o(.data.sm_trans_set_alarm_hour)
 <LI><a href="#[1d]">do_set_alarm_min</a> from sm_set_alarm.o(.text.do_set_alarm_min) referenced 8 times from sm_set_alarm.o(.data.sm_trans_set_alarm_min)
 <LI><a href="#[1e]">do_set_alarm_sel</a> from sm_set_alarm.o(.text.do_set_alarm_sel) referenced 2 times from sm_set_alarm.o(.data.sm_trans_set_alarm_init)
 <LI><a href="#[1e]">do_set_alarm_sel</a> from sm_set_alarm.o(.text.do_set_alarm_sel) referenced 2 times from sm_set_alarm.o(.data.sm_trans_set_alarm_sel)
 <LI><a href="#[1e]">do_set_alarm_sel</a> from sm_set_alarm.o(.text.do_set_alarm_sel) referenced 2 times from sm_set_alarm.o(.data.sm_trans_set_alarm_snd)
 <LI><a href="#[1a]">do_set_alarm_snd</a> from sm_set_alarm.o(.text.do_set_alarm_snd) referenced 2 times from sm_set_alarm.o(.data.sm_trans_set_alarm_day)
 <LI><a href="#[1a]">do_set_alarm_snd</a> from sm_set_alarm.o(.text.do_set_alarm_snd) referenced 8 times from sm_set_alarm.o(.data.sm_trans_set_alarm_snd)
 <LI><a href="#[1f]">do_set_date_date</a> from sm_set_date.o(.text.do_set_date_date) referenced 8 times from sm_set_date.o(.data.sm_trans_set_date_date)
 <LI><a href="#[1f]">do_set_date_date</a> from sm_set_date.o(.text.do_set_date_date) referenced 2 times from sm_set_date.o(.data.sm_trans_set_date_mon)
 <LI><a href="#[2f]">do_set_date_init</a> from sm_set_date.o(.text.do_set_date_init) referenced 2 times from sm_set_time.o(.data.sm_trans_set_time_hour)
 <LI><a href="#[2f]">do_set_date_init</a> from sm_set_date.o(.text.do_set_date_init) referenced 2 times from sm_set_time.o(.data.sm_trans_set_time_min)
 <LI><a href="#[2f]">do_set_date_init</a> from sm_set_date.o(.text.do_set_date_init) referenced 2 times from sm_set_time.o(.data.sm_trans_set_time_sec)
 <LI><a href="#[22]">do_set_date_mon</a> from sm_set_date.o(.text.do_set_date_mon) referenced 8 times from sm_set_date.o(.data.sm_trans_set_date_mon)
 <LI><a href="#[22]">do_set_date_mon</a> from sm_set_date.o(.text.do_set_date_mon) referenced 2 times from sm_set_date.o(.data.sm_trans_set_date_year)
 <LI><a href="#[20]">do_set_date_year</a> from sm_set_date.o(.text.do_set_date_year) referenced 2 times from sm_set_date.o(.data.sm_trans_set_date_date)
 <LI><a href="#[20]">do_set_date_year</a> from sm_set_date.o(.text.do_set_date_year) referenced 2 times from sm_set_date.o(.data.sm_trans_set_date_init)
 <LI><a href="#[20]">do_set_date_year</a> from sm_set_date.o(.text.do_set_date_year) referenced 8 times from sm_set_date.o(.data.sm_trans_set_date_year)
 <LI><a href="#[e]">do_set_param</a> from remote_control.o(.text.do_set_param) referenced 2 times from remote_control.o(.data.remote_control_proc)
 <LI><a href="#[23]">do_set_param_baoshi</a> from sm_set_param.o(.text.do_set_param_baoshi) referenced 2 times from sm_set_param.o(.data.sm_trans_set_param_baoshi)
 <LI><a href="#[23]">do_set_param_baoshi</a> from sm_set_param.o(.text.do_set_param_baoshi) referenced 2 times from sm_set_param.o(.data.sm_trans_set_param_beeper)
 <LI><a href="#[26]">do_set_param_beeper</a> from sm_set_param.o(.text.do_set_param_beeper) referenced 2 times from sm_set_param.o(.data.sm_trans_set_param_beeper)
 <LI><a href="#[26]">do_set_param_beeper</a> from sm_set_param.o(.text.do_set_param_beeper) referenced 2 times from sm_set_param.o(.data.sm_trans_set_param_init)
 <LI><a href="#[26]">do_set_param_beeper</a> from sm_set_param.o(.text.do_set_param_beeper) referenced 2 times from sm_set_param.o(.data.sm_trans_set_param_motion_mon)
 <LI><a href="#[27]">do_set_param_hour12</a> from sm_set_param.o(.text.do_set_param_hour12) referenced 2 times from sm_set_param.o(.data.sm_trans_set_param_hour12)
 <LI><a href="#[27]">do_set_param_hour12</a> from sm_set_param.o(.text.do_set_param_hour12) referenced 2 times from sm_set_param.o(.data.sm_trans_set_param_player_vol)
 <LI><a href="#[1b]">do_set_param_init</a> from sm_set_param.o(.text.do_set_param_init) referenced 2 times from sm_set_alarm.o(.data.sm_trans_set_alarm_day)
 <LI><a href="#[1b]">do_set_param_init</a> from sm_set_param.o(.text.do_set_param_init) referenced 2 times from sm_set_alarm.o(.data.sm_trans_set_alarm_hour)
 <LI><a href="#[1b]">do_set_param_init</a> from sm_set_param.o(.text.do_set_param_init) referenced 2 times from sm_set_alarm.o(.data.sm_trans_set_alarm_min)
 <LI><a href="#[1b]">do_set_param_init</a> from sm_set_param.o(.text.do_set_param_init) referenced 2 times from sm_set_alarm.o(.data.sm_trans_set_alarm_sel)
 <LI><a href="#[1b]">do_set_param_init</a> from sm_set_param.o(.text.do_set_param_init) referenced 2 times from sm_set_alarm.o(.data.sm_trans_set_alarm_snd)
 <LI><a href="#[28]">do_set_param_light_mon</a> from sm_set_param.o(.text.do_set_param_light_mon) referenced 2 times from sm_set_param.o(.data.sm_trans_set_param_hour12)
 <LI><a href="#[28]">do_set_param_light_mon</a> from sm_set_param.o(.text.do_set_param_light_mon) referenced 2 times from sm_set_param.o(.data.sm_trans_set_param_light_mon)
 <LI><a href="#[29]">do_set_param_motion_mon</a> from sm_set_param.o(.text.do_set_param_motion_mon) referenced 2 times from sm_set_param.o(.data.sm_trans_set_param_light_mon)
 <LI><a href="#[29]">do_set_param_motion_mon</a> from sm_set_param.o(.text.do_set_param_motion_mon) referenced 2 times from sm_set_param.o(.data.sm_trans_set_param_motion_mon)
 <LI><a href="#[2a]">do_set_param_player_vol</a> from sm_set_param.o(.text.do_set_param_player_vol) referenced 2 times from sm_set_param.o(.data.sm_trans_set_param_player_vol)
 <LI><a href="#[2a]">do_set_param_player_vol</a> from sm_set_param.o(.text.do_set_param_player_vol) referenced 2 times from sm_set_param.o(.data.sm_trans_set_param_thermo)
 <LI><a href="#[2b]">do_set_param_ps</a> from sm_set_param.o(.text.do_set_param_ps) referenced 2 times from sm_set_param.o(.data.sm_trans_set_param_ps)
 <LI><a href="#[2b]">do_set_param_ps</a> from sm_set_param.o(.text.do_set_param_ps) referenced 2 times from sm_set_param.o(.data.sm_trans_set_param_timer_snd)
 <LI><a href="#[2c]">do_set_param_thermo</a> from sm_set_param.o(.text.do_set_param_thermo) referenced 2 times from sm_set_param.o(.data.sm_trans_set_param_ps)
 <LI><a href="#[2c]">do_set_param_thermo</a> from sm_set_param.o(.text.do_set_param_thermo) referenced 2 times from sm_set_param.o(.data.sm_trans_set_param_thermo)
 <LI><a href="#[24]">do_set_param_timer_snd</a> from sm_set_param.o(.text.do_set_param_timer_snd) referenced 2 times from sm_set_param.o(.data.sm_trans_set_param_baoshi)
 <LI><a href="#[24]">do_set_param_timer_snd</a> from sm_set_param.o(.text.do_set_param_timer_snd) referenced 2 times from sm_set_param.o(.data.sm_trans_set_param_timer_snd)
 <LI><a href="#[a]">do_set_time</a> from remote_control.o(.text.do_set_time) referenced 2 times from remote_control.o(.data.remote_control_proc)
 <LI><a href="#[2d]">do_set_time_hour</a> from sm_set_time.o(.text.do_set_time_hour) referenced 8 times from sm_set_time.o(.data.sm_trans_set_time_hour)
 <LI><a href="#[2d]">do_set_time_hour</a> from sm_set_time.o(.text.do_set_time_hour) referenced 2 times from sm_set_time.o(.data.sm_trans_set_time_init)
 <LI><a href="#[2d]">do_set_time_hour</a> from sm_set_time.o(.text.do_set_time_hour) referenced 2 times from sm_set_time.o(.data.sm_trans_set_time_sec)
 <LI><a href="#[16]">do_set_time_init</a> from sm_set_time.o(.text.do_set_time_init) referenced 2 times from sm_clock_display.o(.data.sm_trans_clock_display_date)
 <LI><a href="#[16]">do_set_time_init</a> from sm_set_time.o(.text.do_set_time_init) referenced 2 times from sm_clock_display.o(.data.sm_trans_clock_display_temp)
 <LI><a href="#[16]">do_set_time_init</a> from sm_set_time.o(.text.do_set_time_init) referenced 2 times from sm_clock_display.o(.data.sm_trans_clock_display_time)
 <LI><a href="#[16]">do_set_time_init</a> from sm_set_time.o(.text.do_set_time_init) referenced 2 times from sm_clock_display.o(.data.sm_trans_clock_display_week)
 <LI><a href="#[2e]">do_set_time_min</a> from sm_set_time.o(.text.do_set_time_min) referenced 2 times from sm_set_time.o(.data.sm_trans_set_time_hour)
 <LI><a href="#[2e]">do_set_time_min</a> from sm_set_time.o(.text.do_set_time_min) referenced 8 times from sm_set_time.o(.data.sm_trans_set_time_min)
 <LI><a href="#[30]">do_set_time_sec</a> from sm_set_time.o(.text.do_set_time_sec) referenced 2 times from sm_set_time.o(.data.sm_trans_set_time_min)
 <LI><a href="#[30]">do_set_time_sec</a> from sm_set_time.o(.text.do_set_time_sec) referenced 2 times from sm_set_time.o(.data.sm_trans_set_time_sec)
 <LI><a href="#[10]">do_stop_alarm</a> from remote_control.o(.text.do_stop_alarm) referenced 2 times from remote_control.o(.data.remote_control_proc)
 <LI><a href="#[39]">do_stop_watch_init</a> from sm_stop_watch.o(.text.do_stop_watch_init) referenced 2 times from sm_timer.o(.data.sm_trans_timer_set_hour)
 <LI><a href="#[39]">do_stop_watch_init</a> from sm_stop_watch.o(.text.do_stop_watch_init) referenced 2 times from sm_timer.o(.data.sm_trans_timer_set_min)
 <LI><a href="#[39]">do_stop_watch_init</a> from sm_stop_watch.o(.text.do_stop_watch_init) referenced 2 times from sm_timer.o(.data.sm_trans_timer_set_sec)
 <LI><a href="#[32]">do_stop_watch_pause</a> from sm_stop_watch.o(.text.do_stop_watch_pause) referenced 2 times from sm_stop_watch.o(.data.sm_trans_stop_watch_pause)
 <LI><a href="#[32]">do_stop_watch_pause</a> from sm_stop_watch.o(.text.do_stop_watch_pause) referenced 2 times from sm_stop_watch.o(.data.sm_trans_stop_watch_run)
 <LI><a href="#[33]">do_stop_watch_run</a> from sm_stop_watch.o(.text.do_stop_watch_run) referenced 2 times from sm_stop_watch.o(.data.sm_trans_stop_watch_pause)
 <LI><a href="#[33]">do_stop_watch_run</a> from sm_stop_watch.o(.text.do_stop_watch_run) referenced 2 times from sm_stop_watch.o(.data.sm_trans_stop_watch_run)
 <LI><a href="#[33]">do_stop_watch_run</a> from sm_stop_watch.o(.text.do_stop_watch_run) referenced 2 times from sm_stop_watch.o(.data.sm_trans_stop_watch_stop)
 <LI><a href="#[31]">do_stop_watch_stop</a> from sm_stop_watch.o(.text.do_stop_watch_stop) referenced 2 times from sm_stop_watch.o(.data.sm_trans_stop_watch_init)
 <LI><a href="#[31]">do_stop_watch_stop</a> from sm_stop_watch.o(.text.do_stop_watch_stop) referenced 2 times from sm_stop_watch.o(.data.sm_trans_stop_watch_pause)
 <LI><a href="#[25]">do_timer_init</a> from sm_timer.o(.text.do_timer_init) referenced 2 times from sm_set_param.o(.data.sm_trans_set_param_baoshi)
 <LI><a href="#[25]">do_timer_init</a> from sm_timer.o(.text.do_timer_init) referenced 2 times from sm_set_param.o(.data.sm_trans_set_param_beeper)
 <LI><a href="#[25]">do_timer_init</a> from sm_timer.o(.text.do_timer_init) referenced 2 times from sm_set_param.o(.data.sm_trans_set_param_hour12)
 <LI><a href="#[25]">do_timer_init</a> from sm_timer.o(.text.do_timer_init) referenced 2 times from sm_set_param.o(.data.sm_trans_set_param_light_mon)
 <LI><a href="#[25]">do_timer_init</a> from sm_timer.o(.text.do_timer_init) referenced 2 times from sm_set_param.o(.data.sm_trans_set_param_motion_mon)
 <LI><a href="#[25]">do_timer_init</a> from sm_timer.o(.text.do_timer_init) referenced 2 times from sm_set_param.o(.data.sm_trans_set_param_player_vol)
 <LI><a href="#[25]">do_timer_init</a> from sm_timer.o(.text.do_timer_init) referenced 2 times from sm_set_param.o(.data.sm_trans_set_param_ps)
 <LI><a href="#[25]">do_timer_init</a> from sm_timer.o(.text.do_timer_init) referenced 2 times from sm_set_param.o(.data.sm_trans_set_param_thermo)
 <LI><a href="#[25]">do_timer_init</a> from sm_timer.o(.text.do_timer_init) referenced 2 times from sm_set_param.o(.data.sm_trans_set_param_timer_snd)
 <LI><a href="#[37]">do_timer_pause</a> from sm_timer.o(.text.do_timer_pause) referenced 2 times from sm_timer.o(.data.sm_trans_timer_run)
 <LI><a href="#[35]">do_timer_run</a> from sm_timer.o(.text.do_timer_run) referenced 2 times from sm_timer.o(.data.sm_trans_timer_pause)
 <LI><a href="#[35]">do_timer_run</a> from sm_timer.o(.text.do_timer_run) referenced 2 times from sm_timer.o(.data.sm_trans_timer_set_sec)
 <LI><a href="#[34]">do_timer_set_hour</a> from sm_timer.o(.text.do_timer_set_hour) referenced 2 times from sm_timer.o(.data.sm_trans_timer_init)
 <LI><a href="#[34]">do_timer_set_hour</a> from sm_timer.o(.text.do_timer_set_hour) referenced 8 times from sm_timer.o(.data.sm_trans_timer_set_hour)
 <LI><a href="#[34]">do_timer_set_hour</a> from sm_timer.o(.text.do_timer_set_hour) referenced 2 times from sm_timer.o(.data.sm_trans_timer_set_sec)
 <LI><a href="#[34]">do_timer_set_hour</a> from sm_timer.o(.text.do_timer_set_hour) referenced 2 times from sm_timer.o(.data.sm_trans_timer_stop)
 <LI><a href="#[38]">do_timer_set_min</a> from sm_timer.o(.text.do_timer_set_min) referenced 2 times from sm_timer.o(.data.sm_trans_timer_set_hour)
 <LI><a href="#[38]">do_timer_set_min</a> from sm_timer.o(.text.do_timer_set_min) referenced 8 times from sm_timer.o(.data.sm_trans_timer_set_min)
 <LI><a href="#[3a]">do_timer_set_sec</a> from sm_timer.o(.text.do_timer_set_sec) referenced 2 times from sm_timer.o(.data.sm_trans_timer_set_min)
 <LI><a href="#[3a]">do_timer_set_sec</a> from sm_timer.o(.text.do_timer_set_sec) referenced 10 times from sm_timer.o(.data.sm_trans_timer_set_sec)
 <LI><a href="#[36]">do_timer_stop</a> from sm_timer.o(.text.do_timer_stop) referenced 2 times from sm_timer.o(.data.sm_trans_timer_pause)
 <LI><a href="#[36]">do_timer_stop</a> from sm_timer.o(.text.do_timer_stop) referenced 2 times from sm_timer.o(.data.sm_trans_timer_run)
 <LI><a href="#[36]">do_timer_stop</a> from sm_timer.o(.text.do_timer_stop) referenced 2 times from sm_timer.o(.data.sm_trans_timer_stop)
 <LI><a href="#[82]">fputc</a> from stdio_ext.o(.text.fputc) referenced from printfa.o(i.__0vprintf)
 <LI><a href="#[70]">main</a> from main.o(.text.main) referenced from entry9a.o(.ARM.Collect$$$$0000000B)
 <LI><a href="#[88]">null_proc</a> from task.o(.text.null_proc) referenced 5 times from task.o(.rodata.task_procs)
</UL>
<P>
<H3>
Global Symbols
</H3>
<P><STRONG><a name="[72]"></a>__main</STRONG> (Thumb, 0 bytes, Stack size unknown bytes, entry.o(.ARM.Collect$$$$00000000))
<BR>[Address Reference Count : 1]<UL><LI> startup_stm32f103xb.o(.text)
</UL>
<P><STRONG><a name="[2ec]"></a>_main_stk</STRONG> (Thumb, 0 bytes, Stack size unknown bytes, entry2.o(.ARM.Collect$$$$00000001))

<P><STRONG><a name="[8a]"></a>_main_scatterload</STRONG> (Thumb, 0 bytes, Stack size unknown bytes, entry5.o(.ARM.Collect$$$$00000004))
<BR><BR>[Calls]<UL><LI><a href="#[8b]">&gt;&gt;</a>&nbsp;&nbsp;&nbsp;__scatterload
</UL>

<P><STRONG><a name="[a3]"></a>__main_after_scatterload</STRONG> (Thumb, 0 bytes, Stack size unknown bytes, entry5.o(.ARM.Collect$$$$00000004))
<BR><BR>[Called By]<UL><LI><a href="#[8b]">&gt;&gt;</a>&nbsp;&nbsp;&nbsp;__scatterload
</UL>

<P><STRONG><a name="[2ed]"></a>_main_clock</STRONG> (Thumb, 0 bytes, Stack size unknown bytes, entry7b.o(.ARM.Collect$$$$00000008))

<P><STRONG><a name="[2ee]"></a>_main_cpp_init</STRONG> (Thumb, 0 bytes, Stack size unknown bytes, entry8b.o(.ARM.Collect$$$$0000000A))

<P><STRONG><a name="[2ef]"></a>_main_init</STRONG> (Thumb, 0 bytes, Stack size unknown bytes, entry9a.o(.ARM.Collect$$$$0000000B))

<P><STRONG><a name="[2f0]"></a>__rt_final_cpp</STRONG> (Thumb, 0 bytes, Stack size unknown bytes, entry10a.o(.ARM.Collect$$$$0000000D))

<P><STRONG><a name="[2f1]"></a>__rt_final_exit</STRONG> (Thumb, 0 bytes, Stack size unknown bytes, entry11a.o(.ARM.Collect$$$$0000000F))

<P><STRONG><a name="[3b]"></a>Reset_Handler</STRONG> (Thumb, 8 bytes, Stack size 0 bytes, startup_stm32f103xb.o(.text))
<BR>[Address Reference Count : 1]<UL><LI> startup_stm32f103xb.o(RESET)
</UL>
<P><STRONG><a name="[5a]"></a>CAN1_RX1_IRQHandler</STRONG> (Thumb, 0 bytes, Stack size 0 bytes, startup_stm32f103xb.o(.text))
<BR><BR>[Calls]<UL><LI><a href="#[5a]">&gt;&gt;</a>&nbsp;&nbsp;&nbsp;CAN1_RX1_IRQHandler
</UL>
<BR>[Called By]<UL><LI><a href="#[5a]">&gt;&gt;</a>&nbsp;&nbsp;&nbsp;CAN1_RX1_IRQHandler
</UL>
<BR>[Address Reference Count : 1]<UL><LI> startup_stm32f103xb.o(RESET)
</UL>
<P><STRONG><a name="[5b]"></a>CAN1_SCE_IRQHandler</STRONG> (Thumb, 0 bytes, Stack size 0 bytes, startup_stm32f103xb.o(.text))
<BR>[Address Reference Count : 1]<UL><LI> startup_stm32f103xb.o(RESET)
</UL>
<P><STRONG><a name="[50]"></a>DMA1_Channel1_IRQHandler</STRONG> (Thumb, 0 bytes, Stack size 0 bytes, startup_stm32f103xb.o(.text))
<BR>[Address Reference Count : 1]<UL><LI> startup_stm32f103xb.o(RESET)
</UL>
<P><STRONG><a name="[51]"></a>DMA1_Channel2_IRQHandler</STRONG> (Thumb, 0 bytes, Stack size 0 bytes, startup_stm32f103xb.o(.text))
<BR>[Address Reference Count : 1]<UL><LI> startup_stm32f103xb.o(RESET)
</UL>
<P><STRONG><a name="[52]"></a>DMA1_Channel3_IRQHandler</STRONG> (Thumb, 0 bytes, Stack size 0 bytes, startup_stm32f103xb.o(.text))
<BR>[Address Reference Count : 1]<UL><LI> startup_stm32f103xb.o(RESET)
</UL>
<P><STRONG><a name="[53]"></a>DMA1_Channel4_IRQHandler</STRONG> (Thumb, 0 bytes, Stack size 0 bytes, startup_stm32f103xb.o(.text))
<BR>[Address Reference Count : 1]<UL><LI> startup_stm32f103xb.o(RESET)
</UL>
<P><STRONG><a name="[54]"></a>DMA1_Channel5_IRQHandler</STRONG> (Thumb, 0 bytes, Stack size 0 bytes, startup_stm32f103xb.o(.text))
<BR>[Address Reference Count : 1]<UL><LI> startup_stm32f103xb.o(RESET)
</UL>
<P><STRONG><a name="[55]"></a>DMA1_Channel6_IRQHandler</STRONG> (Thumb, 0 bytes, Stack size 0 bytes, startup_stm32f103xb.o(.text))
<BR>[Address Reference Count : 1]<UL><LI> startup_stm32f103xb.o(RESET)
</UL>
<P><STRONG><a name="[56]"></a>DMA1_Channel7_IRQHandler</STRONG> (Thumb, 0 bytes, Stack size 0 bytes, startup_stm32f103xb.o(.text))
<BR>[Address Reference Count : 1]<UL><LI> startup_stm32f103xb.o(RESET)
</UL>
<P><STRONG><a name="[4b]"></a>EXTI0_IRQHandler</STRONG> (Thumb, 0 bytes, Stack size 0 bytes, startup_stm32f103xb.o(.text))
<BR>[Address Reference Count : 1]<UL><LI> startup_stm32f103xb.o(RESET)
</UL>
<P><STRONG><a name="[6d]"></a>EXTI15_10_IRQHandler</STRONG> (Thumb, 0 bytes, Stack size 0 bytes, startup_stm32f103xb.o(.text))
<BR>[Address Reference Count : 1]<UL><LI> startup_stm32f103xb.o(RESET)
</UL>
<P><STRONG><a name="[4d]"></a>EXTI2_IRQHandler</STRONG> (Thumb, 0 bytes, Stack size 0 bytes, startup_stm32f103xb.o(.text))
<BR>[Address Reference Count : 1]<UL><LI> startup_stm32f103xb.o(RESET)
</UL>
<P><STRONG><a name="[49]"></a>FLASH_IRQHandler</STRONG> (Thumb, 0 bytes, Stack size 0 bytes, startup_stm32f103xb.o(.text))
<BR>[Address Reference Count : 1]<UL><LI> startup_stm32f103xb.o(RESET)
</UL>
<P><STRONG><a name="[65]"></a>I2C1_ER_IRQHandler</STRONG> (Thumb, 0 bytes, Stack size 0 bytes, startup_stm32f103xb.o(.text))
<BR>[Address Reference Count : 1]<UL><LI> startup_stm32f103xb.o(RESET)
</UL>
<P><STRONG><a name="[64]"></a>I2C1_EV_IRQHandler</STRONG> (Thumb, 0 bytes, Stack size 0 bytes, startup_stm32f103xb.o(.text))
<BR>[Address Reference Count : 1]<UL><LI> startup_stm32f103xb.o(RESET)
</UL>
<P><STRONG><a name="[67]"></a>I2C2_ER_IRQHandler</STRONG> (Thumb, 0 bytes, Stack size 0 bytes, startup_stm32f103xb.o(.text))
<BR>[Address Reference Count : 1]<UL><LI> startup_stm32f103xb.o(RESET)
</UL>
<P><STRONG><a name="[66]"></a>I2C2_EV_IRQHandler</STRONG> (Thumb, 0 bytes, Stack size 0 bytes, startup_stm32f103xb.o(.text))
<BR>[Address Reference Count : 1]<UL><LI> startup_stm32f103xb.o(RESET)
</UL>
<P><STRONG><a name="[46]"></a>PVD_IRQHandler</STRONG> (Thumb, 0 bytes, Stack size 0 bytes, startup_stm32f103xb.o(.text))
<BR>[Address Reference Count : 1]<UL><LI> startup_stm32f103xb.o(RESET)
</UL>
<P><STRONG><a name="[4a]"></a>RCC_IRQHandler</STRONG> (Thumb, 0 bytes, Stack size 0 bytes, startup_stm32f103xb.o(.text))
<BR>[Address Reference Count : 1]<UL><LI> startup_stm32f103xb.o(RESET)
</UL>
<P><STRONG><a name="[6e]"></a>RTC_Alarm_IRQHandler</STRONG> (Thumb, 0 bytes, Stack size 0 bytes, startup_stm32f103xb.o(.text))
<BR>[Address Reference Count : 1]<UL><LI> startup_stm32f103xb.o(RESET)
</UL>
<P><STRONG><a name="[48]"></a>RTC_IRQHandler</STRONG> (Thumb, 0 bytes, Stack size 0 bytes, startup_stm32f103xb.o(.text))
<BR>[Address Reference Count : 1]<UL><LI> startup_stm32f103xb.o(RESET)
</UL>
<P><STRONG><a name="[68]"></a>SPI1_IRQHandler</STRONG> (Thumb, 0 bytes, Stack size 0 bytes, startup_stm32f103xb.o(.text))
<BR>[Address Reference Count : 1]<UL><LI> startup_stm32f103xb.o(RESET)
</UL>
<P><STRONG><a name="[69]"></a>SPI2_IRQHandler</STRONG> (Thumb, 0 bytes, Stack size 0 bytes, startup_stm32f103xb.o(.text))
<BR>[Address Reference Count : 1]<UL><LI> startup_stm32f103xb.o(RESET)
</UL>
<P><STRONG><a name="[47]"></a>TAMPER_IRQHandler</STRONG> (Thumb, 0 bytes, Stack size 0 bytes, startup_stm32f103xb.o(.text))
<BR>[Address Reference Count : 1]<UL><LI> startup_stm32f103xb.o(RESET)
</UL>
<P><STRONG><a name="[5d]"></a>TIM1_BRK_IRQHandler</STRONG> (Thumb, 0 bytes, Stack size 0 bytes, startup_stm32f103xb.o(.text))
<BR>[Address Reference Count : 1]<UL><LI> startup_stm32f103xb.o(RESET)
</UL>
<P><STRONG><a name="[5f]"></a>TIM1_TRG_COM_IRQHandler</STRONG> (Thumb, 0 bytes, Stack size 0 bytes, startup_stm32f103xb.o(.text))
<BR>[Address Reference Count : 1]<UL><LI> startup_stm32f103xb.o(RESET)
</UL>
<P><STRONG><a name="[5e]"></a>TIM1_UP_IRQHandler</STRONG> (Thumb, 0 bytes, Stack size 0 bytes, startup_stm32f103xb.o(.text))
<BR>[Address Reference Count : 1]<UL><LI> startup_stm32f103xb.o(RESET)
</UL>
<P><STRONG><a name="[62]"></a>TIM3_IRQHandler</STRONG> (Thumb, 0 bytes, Stack size 0 bytes, startup_stm32f103xb.o(.text))
<BR>[Address Reference Count : 1]<UL><LI> startup_stm32f103xb.o(RESET)
</UL>
<P><STRONG><a name="[6a]"></a>USART1_IRQHandler</STRONG> (Thumb, 0 bytes, Stack size 0 bytes, startup_stm32f103xb.o(.text))
<BR>[Address Reference Count : 1]<UL><LI> startup_stm32f103xb.o(RESET)
</UL>
<P><STRONG><a name="[6f]"></a>USBWakeUp_IRQHandler</STRONG> (Thumb, 0 bytes, Stack size 0 bytes, startup_stm32f103xb.o(.text))
<BR>[Address Reference Count : 1]<UL><LI> startup_stm32f103xb.o(RESET)
</UL>
<P><STRONG><a name="[58]"></a>USB_HP_CAN1_TX_IRQHandler</STRONG> (Thumb, 0 bytes, Stack size 0 bytes, startup_stm32f103xb.o(.text))
<BR>[Address Reference Count : 1]<UL><LI> startup_stm32f103xb.o(RESET)
</UL>
<P><STRONG><a name="[59]"></a>USB_LP_CAN1_RX0_IRQHandler</STRONG> (Thumb, 0 bytes, Stack size 0 bytes, startup_stm32f103xb.o(.text))
<BR>[Address Reference Count : 1]<UL><LI> startup_stm32f103xb.o(RESET)
</UL>
<P><STRONG><a name="[45]"></a>WWDG_IRQHandler</STRONG> (Thumb, 0 bytes, Stack size 0 bytes, startup_stm32f103xb.o(.text))
<BR>[Address Reference Count : 1]<UL><LI> startup_stm32f103xb.o(RESET)
</UL>
<P><STRONG><a name="[8c]"></a>__aeabi_uldivmod</STRONG> (Thumb, 98 bytes, Stack size 40 bytes, uldiv.o(.text))
<BR><BR>[Stack]<UL><LI>Max Depth = 40<LI>Call Chain = __aeabi_uldivmod
</UL>
<BR>[Calls]<UL><LI><a href="#[8d]">&gt;&gt;</a>&nbsp;&nbsp;&nbsp;__aeabi_llsr
<LI><a href="#[8e]">&gt;&gt;</a>&nbsp;&nbsp;&nbsp;__aeabi_llsl
</UL>
<BR>[Called By]<UL><LI><a href="#[1ea]">&gt;&gt;</a>&nbsp;&nbsp;&nbsp;ticks_inc_1ms
<LI><a href="#[2e4]">&gt;&gt;</a>&nbsp;&nbsp;&nbsp;_printf_core
<LI><a href="#[2e7]">&gt;&gt;</a>&nbsp;&nbsp;&nbsp;_fp_digits
</UL>

<P><STRONG><a name="[8d]"></a>__aeabi_llsr</STRONG> (Thumb, 32 bytes, Stack size 0 bytes, llushr.o(.text))
<BR><BR>[Called By]<UL><LI><a href="#[9f]">&gt;&gt;</a>&nbsp;&nbsp;&nbsp;__aeabi_d2iz
<LI><a href="#[8c]">&gt;&gt;</a>&nbsp;&nbsp;&nbsp;__aeabi_uldivmod
<LI><a href="#[97]">&gt;&gt;</a>&nbsp;&nbsp;&nbsp;_double_epilogue
<LI><a href="#[a2]">&gt;&gt;</a>&nbsp;&nbsp;&nbsp;__aeabi_d2ulz
</UL>

<P><STRONG><a name="[2f2]"></a>_ll_ushift_r</STRONG> (Thumb, 0 bytes, Stack size 0 bytes, llushr.o(.text), UNUSED)

<P><STRONG><a name="[2e2]"></a>rand</STRONG> (Thumb, 20 bytes, Stack size 0 bytes, rand.o(.text))
<BR><BR>[Called By]<UL><LI><a href="#[2bd]">&gt;&gt;</a>&nbsp;&nbsp;&nbsp;ticks_init
</UL>

<P><STRONG><a name="[2f3]"></a>srand</STRONG> (Thumb, 6 bytes, Stack size 0 bytes, rand.o(.text), UNUSED)

<P><STRONG><a name="[90]"></a>__aeabi_memset</STRONG> (Thumb, 14 bytes, Stack size 0 bytes, memseta.o(.text), UNUSED)
<BR><BR>[Called By]<UL><LI><a href="#[91]">&gt;&gt;</a>&nbsp;&nbsp;&nbsp;_memset$wrapper
<LI><a href="#[8f]">&gt;&gt;</a>&nbsp;&nbsp;&nbsp;__aeabi_memclr
</UL>

<P><STRONG><a name="[2f4]"></a>__aeabi_memset4</STRONG> (Thumb, 0 bytes, Stack size 0 bytes, memseta.o(.text), UNUSED)

<P><STRONG><a name="[2f5]"></a>__aeabi_memset8</STRONG> (Thumb, 0 bytes, Stack size 0 bytes, memseta.o(.text), UNUSED)

<P><STRONG><a name="[8f]"></a>__aeabi_memclr</STRONG> (Thumb, 4 bytes, Stack size 0 bytes, memseta.o(.text), UNUSED)
<BR><BR>[Calls]<UL><LI><a href="#[90]">&gt;&gt;</a>&nbsp;&nbsp;&nbsp;__aeabi_memset
</UL>

<P><STRONG><a name="[be]"></a>__aeabi_memclr4</STRONG> (Thumb, 0 bytes, Stack size 0 bytes, memseta.o(.text))
<BR><BR>[Called By]<UL><LI><a href="#[2c5]">&gt;&gt;</a>&nbsp;&nbsp;&nbsp;player_init
<LI><a href="#[252]">&gt;&gt;</a>&nbsp;&nbsp;&nbsp;console_run
<LI><a href="#[127]">&gt;&gt;</a>&nbsp;&nbsp;&nbsp;BSP_TIM1_Init
<LI><a href="#[11c]">&gt;&gt;</a>&nbsp;&nbsp;&nbsp;BSP_PWR_SystemClock_Config
<LI><a href="#[106]">&gt;&gt;</a>&nbsp;&nbsp;&nbsp;BSP_IV18_Init
<LI><a href="#[bd]">&gt;&gt;</a>&nbsp;&nbsp;&nbsp;BSP_ADC1_Set_WDG
<LI><a href="#[2b4]">&gt;&gt;</a>&nbsp;&nbsp;&nbsp;timer_clr
<LI><a href="#[243]">&gt;&gt;</a>&nbsp;&nbsp;&nbsp;player_report_temperature
<LI><a href="#[201]">&gt;&gt;</a>&nbsp;&nbsp;&nbsp;player_report_clk
</UL>

<P><STRONG><a name="[2f6]"></a>__aeabi_memclr8</STRONG> (Thumb, 0 bytes, Stack size 0 bytes, memseta.o(.text), UNUSED)

<P><STRONG><a name="[91]"></a>_memset$wrapper</STRONG> (Thumb, 18 bytes, Stack size 8 bytes, memseta.o(.text), UNUSED)
<BR><BR>[Calls]<UL><LI><a href="#[90]">&gt;&gt;</a>&nbsp;&nbsp;&nbsp;__aeabi_memset
</UL>

<P><STRONG><a name="[c7]"></a>strlen</STRONG> (Thumb, 14 bytes, Stack size 0 bytes, strlen.o(.text))
<BR><BR>[Called By]<UL><LI><a href="#[c6]">&gt;&gt;</a>&nbsp;&nbsp;&nbsp;BSP_Blue_Tooth_AT_Cmd
<LI><a href="#[264]">&gt;&gt;</a>&nbsp;&nbsp;&nbsp;display_show_string
</UL>

<P><STRONG><a name="[1cf]"></a>strcmp</STRONG> (Thumb, 28 bytes, Stack size 8 bytes, strcmp.o(.text))
<BR><BR>[Stack]<UL><LI>Max Depth = 8<LI>Call Chain = strcmp
</UL>
<BR>[Called By]<UL><LI><a href="#[1f0]">&gt;&gt;</a>&nbsp;&nbsp;&nbsp;console_search_cmd_by_name
<LI><a href="#[3]">&gt;&gt;</a>&nbsp;&nbsp;&nbsp;con_motion_sensor
<LI><a href="#[6]">&gt;&gt;</a>&nbsp;&nbsp;&nbsp;con_display
<LI><a href="#[250]">&gt;&gt;</a>&nbsp;&nbsp;&nbsp;find_config
<LI><a href="#[1d2]">&gt;&gt;</a>&nbsp;&nbsp;&nbsp;OUTLINED_FUNCTION_0
<LI><a href="#[1da]">&gt;&gt;</a>&nbsp;&nbsp;&nbsp;OUTLINED_FUNCTION_1
<LI><a href="#[1d0]">&gt;&gt;</a>&nbsp;&nbsp;&nbsp;OUTLINED_FUNCTION_0
<LI><a href="#[1ce]">&gt;&gt;</a>&nbsp;&nbsp;&nbsp;OUTLINED_FUNCTION_0
</UL>

<P><STRONG><a name="[92]"></a>atoi</STRONG> (Thumb, 26 bytes, Stack size 16 bytes, atoi.o(.text))
<BR><BR>[Stack]<UL><LI>Max Depth = 88<LI>Call Chain = atoi &rArr; strtol &rArr; _strtoul
</UL>
<BR>[Calls]<UL><LI><a href="#[94]">&gt;&gt;</a>&nbsp;&nbsp;&nbsp;strtol
<LI><a href="#[93]">&gt;&gt;</a>&nbsp;&nbsp;&nbsp;__aeabi_errno_addr
</UL>
<BR>[Called By]<UL><LI><a href="#[7]">&gt;&gt;</a>&nbsp;&nbsp;&nbsp;con_player
<LI><a href="#[6]">&gt;&gt;</a>&nbsp;&nbsp;&nbsp;con_display
<LI><a href="#[1d1]">&gt;&gt;</a>&nbsp;&nbsp;&nbsp;OUTLINED_FUNCTION_0
</UL>

<P><STRONG><a name="[95]"></a>__aeabi_dadd</STRONG> (Thumb, 322 bytes, Stack size 48 bytes, dadd.o(.text))
<BR><BR>[Stack]<UL><LI>Max Depth = 88<LI>Call Chain = __aeabi_dadd &rArr; _double_epilogue &rArr; _double_round
</UL>
<BR>[Calls]<UL><LI><a href="#[96]">&gt;&gt;</a>&nbsp;&nbsp;&nbsp;__aeabi_lasr
<LI><a href="#[8e]">&gt;&gt;</a>&nbsp;&nbsp;&nbsp;__aeabi_llsl
<LI><a href="#[98]">&gt;&gt;</a>&nbsp;&nbsp;&nbsp;_double_round
<LI><a href="#[97]">&gt;&gt;</a>&nbsp;&nbsp;&nbsp;_double_epilogue
</UL>
<BR>[Called By]<UL><LI><a href="#[244]">&gt;&gt;</a>&nbsp;&nbsp;&nbsp;power_get_bat_voltage
<LI><a href="#[279]">&gt;&gt;</a>&nbsp;&nbsp;&nbsp;thermometer_read_fah
<LI><a href="#[23c]">&gt;&gt;</a>&nbsp;&nbsp;&nbsp;display_get_light_percent
<LI><a href="#[99]">&gt;&gt;</a>&nbsp;&nbsp;&nbsp;__aeabi_dsub
<LI><a href="#[22d]">&gt;&gt;</a>&nbsp;&nbsp;&nbsp;display_mon_light
<LI><a href="#[9a]">&gt;&gt;</a>&nbsp;&nbsp;&nbsp;__aeabi_drsub
<LI><a href="#[2e7]">&gt;&gt;</a>&nbsp;&nbsp;&nbsp;_fp_digits
</UL>

<P><STRONG><a name="[99]"></a>__aeabi_dsub</STRONG> (Thumb, 6 bytes, Stack size 0 bytes, dadd.o(.text))
<BR><BR>[Stack]<UL><LI>Max Depth = 88<LI>Call Chain = __aeabi_dsub &rArr; __aeabi_dadd &rArr; _double_epilogue &rArr; _double_round
</UL>
<BR>[Calls]<UL><LI><a href="#[95]">&gt;&gt;</a>&nbsp;&nbsp;&nbsp;__aeabi_dadd
</UL>
<BR>[Called By]<UL><LI><a href="#[244]">&gt;&gt;</a>&nbsp;&nbsp;&nbsp;power_get_bat_voltage
<LI><a href="#[23c]">&gt;&gt;</a>&nbsp;&nbsp;&nbsp;display_get_light_percent
</UL>

<P><STRONG><a name="[9a]"></a>__aeabi_drsub</STRONG> (Thumb, 6 bytes, Stack size 0 bytes, dadd.o(.text), UNUSED)
<BR><BR>[Calls]<UL><LI><a href="#[95]">&gt;&gt;</a>&nbsp;&nbsp;&nbsp;__aeabi_dadd
</UL>

<P><STRONG><a name="[9b]"></a>__aeabi_dmul</STRONG> (Thumb, 228 bytes, Stack size 48 bytes, dmul.o(.text))
<BR><BR>[Stack]<UL><LI>Max Depth = 88<LI>Call Chain = __aeabi_dmul &rArr; _double_epilogue &rArr; _double_round
</UL>
<BR>[Calls]<UL><LI><a href="#[97]">&gt;&gt;</a>&nbsp;&nbsp;&nbsp;_double_epilogue
</UL>
<BR>[Called By]<UL><LI><a href="#[1cc]">&gt;&gt;</a>&nbsp;&nbsp;&nbsp;OUTLINED_FUNCTION_0
<LI><a href="#[279]">&gt;&gt;</a>&nbsp;&nbsp;&nbsp;thermometer_read_fah
<LI><a href="#[27c]">&gt;&gt;</a>&nbsp;&nbsp;&nbsp;display_format_timer
<LI><a href="#[1dc]">&gt;&gt;</a>&nbsp;&nbsp;&nbsp;OUTLINED_FUNCTION_12
<LI><a href="#[22d]">&gt;&gt;</a>&nbsp;&nbsp;&nbsp;display_mon_light
<LI><a href="#[2e7]">&gt;&gt;</a>&nbsp;&nbsp;&nbsp;_fp_digits
</UL>

<P><STRONG><a name="[9c]"></a>__aeabi_ddiv</STRONG> (Thumb, 222 bytes, Stack size 32 bytes, ddiv.o(.text))
<BR><BR>[Stack]<UL><LI>Max Depth = 40<LI>Call Chain = __aeabi_ddiv &rArr; _double_round
</UL>
<BR>[Calls]<UL><LI><a href="#[98]">&gt;&gt;</a>&nbsp;&nbsp;&nbsp;_double_round
</UL>
<BR>[Called By]<UL><LI><a href="#[244]">&gt;&gt;</a>&nbsp;&nbsp;&nbsp;power_get_bat_voltage
<LI><a href="#[279]">&gt;&gt;</a>&nbsp;&nbsp;&nbsp;thermometer_read_fah
<LI><a href="#[23c]">&gt;&gt;</a>&nbsp;&nbsp;&nbsp;display_get_light_percent
<LI><a href="#[27c]">&gt;&gt;</a>&nbsp;&nbsp;&nbsp;display_format_timer
<LI><a href="#[2e7]">&gt;&gt;</a>&nbsp;&nbsp;&nbsp;_fp_digits
</UL>

<P><STRONG><a name="[9d]"></a>__aeabi_i2d</STRONG> (Thumb, 34 bytes, Stack size 16 bytes, dflti.o(.text))
<BR><BR>[Stack]<UL><LI>Max Depth = 56<LI>Call Chain = __aeabi_i2d &rArr; _double_epilogue &rArr; _double_round
</UL>
<BR>[Calls]<UL><LI><a href="#[97]">&gt;&gt;</a>&nbsp;&nbsp;&nbsp;_double_epilogue
</UL>
<BR>[Called By]<UL><LI><a href="#[244]">&gt;&gt;</a>&nbsp;&nbsp;&nbsp;power_get_bat_voltage
<LI><a href="#[23c]">&gt;&gt;</a>&nbsp;&nbsp;&nbsp;display_get_light_percent
</UL>

<P><STRONG><a name="[9e]"></a>__aeabi_ui2d</STRONG> (Thumb, 26 bytes, Stack size 16 bytes, dfltui.o(.text))
<BR><BR>[Stack]<UL><LI>Max Depth = 56<LI>Call Chain = __aeabi_ui2d &rArr; _double_epilogue &rArr; _double_round
</UL>
<BR>[Calls]<UL><LI><a href="#[97]">&gt;&gt;</a>&nbsp;&nbsp;&nbsp;_double_epilogue
</UL>
<BR>[Called By]<UL><LI><a href="#[244]">&gt;&gt;</a>&nbsp;&nbsp;&nbsp;power_get_bat_voltage
<LI><a href="#[279]">&gt;&gt;</a>&nbsp;&nbsp;&nbsp;thermometer_read_fah
<LI><a href="#[23c]">&gt;&gt;</a>&nbsp;&nbsp;&nbsp;display_get_light_percent
<LI><a href="#[27c]">&gt;&gt;</a>&nbsp;&nbsp;&nbsp;display_format_timer
<LI><a href="#[22d]">&gt;&gt;</a>&nbsp;&nbsp;&nbsp;display_mon_light
</UL>

<P><STRONG><a name="[9f]"></a>__aeabi_d2iz</STRONG> (Thumb, 62 bytes, Stack size 16 bytes, dfixi.o(.text))
<BR><BR>[Stack]<UL><LI>Max Depth = 16<LI>Call Chain = __aeabi_d2iz
</UL>
<BR>[Calls]<UL><LI><a href="#[8d]">&gt;&gt;</a>&nbsp;&nbsp;&nbsp;__aeabi_llsr
</UL>
<BR>[Called By]<UL><LI><a href="#[279]">&gt;&gt;</a>&nbsp;&nbsp;&nbsp;thermometer_read_fah
<LI><a href="#[23c]">&gt;&gt;</a>&nbsp;&nbsp;&nbsp;display_get_light_percent
<LI><a href="#[27c]">&gt;&gt;</a>&nbsp;&nbsp;&nbsp;display_format_timer
<LI><a href="#[22d]">&gt;&gt;</a>&nbsp;&nbsp;&nbsp;display_mon_light
</UL>

<P><STRONG><a name="[2f7]"></a>__aeabi_uidiv</STRONG> (Thumb, 0 bytes, Stack size 12 bytes, uidiv.o(.text), UNUSED)

<P><STRONG><a name="[2eb]"></a>__aeabi_uidivmod</STRONG> (Thumb, 44 bytes, Stack size 12 bytes, uidiv.o(.text), UNUSED)
<BR><BR>[Called By]<UL><LI><a href="#[2e4]">&gt;&gt;</a>&nbsp;&nbsp;&nbsp;_printf_core
</UL>

<P><STRONG><a name="[8e]"></a>__aeabi_llsl</STRONG> (Thumb, 30 bytes, Stack size 0 bytes, llshl.o(.text))
<BR><BR>[Called By]<UL><LI><a href="#[95]">&gt;&gt;</a>&nbsp;&nbsp;&nbsp;__aeabi_dadd
<LI><a href="#[8c]">&gt;&gt;</a>&nbsp;&nbsp;&nbsp;__aeabi_uldivmod
<LI><a href="#[97]">&gt;&gt;</a>&nbsp;&nbsp;&nbsp;_double_epilogue
<LI><a href="#[a2]">&gt;&gt;</a>&nbsp;&nbsp;&nbsp;__aeabi_d2ulz
</UL>

<P><STRONG><a name="[2f8]"></a>_ll_shift_l</STRONG> (Thumb, 0 bytes, Stack size 0 bytes, llshl.o(.text), UNUSED)

<P><STRONG><a name="[96]"></a>__aeabi_lasr</STRONG> (Thumb, 36 bytes, Stack size 0 bytes, llsshr.o(.text))
<BR><BR>[Called By]<UL><LI><a href="#[95]">&gt;&gt;</a>&nbsp;&nbsp;&nbsp;__aeabi_dadd
</UL>

<P><STRONG><a name="[2f9]"></a>_ll_sshift_r</STRONG> (Thumb, 0 bytes, Stack size 0 bytes, llsshr.o(.text), UNUSED)

<P><STRONG><a name="[94]"></a>strtol</STRONG> (Thumb, 112 bytes, Stack size 32 bytes, strtol.o(.text))
<BR><BR>[Stack]<UL><LI>Max Depth = 72<LI>Call Chain = strtol &rArr; _strtoul
</UL>
<BR>[Calls]<UL><LI><a href="#[a1]">&gt;&gt;</a>&nbsp;&nbsp;&nbsp;_strtoul
<LI><a href="#[a0]">&gt;&gt;</a>&nbsp;&nbsp;&nbsp;__rt_ctype_table
<LI><a href="#[93]">&gt;&gt;</a>&nbsp;&nbsp;&nbsp;__aeabi_errno_addr
</UL>
<BR>[Called By]<UL><LI><a href="#[92]">&gt;&gt;</a>&nbsp;&nbsp;&nbsp;atoi
</UL>

<P><STRONG><a name="[2fa]"></a>__I$use$fp</STRONG> (Thumb, 0 bytes, Stack size 8 bytes, iusefp.o(.text), UNUSED)

<P><STRONG><a name="[98]"></a>_double_round</STRONG> (Thumb, 30 bytes, Stack size 8 bytes, depilogue.o(.text))
<BR><BR>[Stack]<UL><LI>Max Depth = 8<LI>Call Chain = _double_round
</UL>
<BR>[Called By]<UL><LI><a href="#[9c]">&gt;&gt;</a>&nbsp;&nbsp;&nbsp;__aeabi_ddiv
<LI><a href="#[95]">&gt;&gt;</a>&nbsp;&nbsp;&nbsp;__aeabi_dadd
<LI><a href="#[97]">&gt;&gt;</a>&nbsp;&nbsp;&nbsp;_double_epilogue
</UL>

<P><STRONG><a name="[97]"></a>_double_epilogue</STRONG> (Thumb, 156 bytes, Stack size 32 bytes, depilogue.o(.text))
<BR><BR>[Stack]<UL><LI>Max Depth = 40<LI>Call Chain = _double_epilogue &rArr; _double_round
</UL>
<BR>[Calls]<UL><LI><a href="#[8d]">&gt;&gt;</a>&nbsp;&nbsp;&nbsp;__aeabi_llsr
<LI><a href="#[8e]">&gt;&gt;</a>&nbsp;&nbsp;&nbsp;__aeabi_llsl
<LI><a href="#[98]">&gt;&gt;</a>&nbsp;&nbsp;&nbsp;_double_round
</UL>
<BR>[Called By]<UL><LI><a href="#[9e]">&gt;&gt;</a>&nbsp;&nbsp;&nbsp;__aeabi_ui2d
<LI><a href="#[9d]">&gt;&gt;</a>&nbsp;&nbsp;&nbsp;__aeabi_i2d
<LI><a href="#[9b]">&gt;&gt;</a>&nbsp;&nbsp;&nbsp;__aeabi_dmul
<LI><a href="#[95]">&gt;&gt;</a>&nbsp;&nbsp;&nbsp;__aeabi_dadd
</UL>

<P><STRONG><a name="[a2]"></a>__aeabi_d2ulz</STRONG> (Thumb, 48 bytes, Stack size 0 bytes, dfixul.o(.text), UNUSED)
<BR><BR>[Calls]<UL><LI><a href="#[8d]">&gt;&gt;</a>&nbsp;&nbsp;&nbsp;__aeabi_llsr
<LI><a href="#[8e]">&gt;&gt;</a>&nbsp;&nbsp;&nbsp;__aeabi_llsl
</UL>
<BR>[Called By]<UL><LI><a href="#[2e7]">&gt;&gt;</a>&nbsp;&nbsp;&nbsp;_fp_digits
</UL>

<P><STRONG><a name="[2e8]"></a>__aeabi_cdrcmple</STRONG> (Thumb, 48 bytes, Stack size 0 bytes, cdrcmple.o(.text), UNUSED)
<BR><BR>[Called By]<UL><LI><a href="#[2e7]">&gt;&gt;</a>&nbsp;&nbsp;&nbsp;_fp_digits
</UL>

<P><STRONG><a name="[8b]"></a>__scatterload</STRONG> (Thumb, 28 bytes, Stack size 0 bytes, init.o(.text))
<BR><BR>[Calls]<UL><LI><a href="#[a3]">&gt;&gt;</a>&nbsp;&nbsp;&nbsp;__main_after_scatterload
</UL>
<BR>[Called By]<UL><LI><a href="#[8a]">&gt;&gt;</a>&nbsp;&nbsp;&nbsp;_main_scatterload
</UL>

<P><STRONG><a name="[2fb]"></a>__scatterload_rt2</STRONG> (Thumb, 0 bytes, Stack size 0 bytes, init.o(.text), UNUSED)

<P><STRONG><a name="[a0]"></a>__rt_ctype_table</STRONG> (Thumb, 4 bytes, Stack size 0 bytes, ctype_o.o(.text))
<BR><BR>[Called By]<UL><LI><a href="#[94]">&gt;&gt;</a>&nbsp;&nbsp;&nbsp;strtol
</UL>

<P><STRONG><a name="[a1]"></a>_strtoul</STRONG> (Thumb, 158 bytes, Stack size 40 bytes, _strtoul.o(.text))
<BR><BR>[Stack]<UL><LI>Max Depth = 40<LI>Call Chain = _strtoul
</UL>
<BR>[Calls]<UL><LI><a href="#[a4]">&gt;&gt;</a>&nbsp;&nbsp;&nbsp;_chval
<LI><a href="#[93]">&gt;&gt;</a>&nbsp;&nbsp;&nbsp;__aeabi_errno_addr
</UL>
<BR>[Called By]<UL><LI><a href="#[94]">&gt;&gt;</a>&nbsp;&nbsp;&nbsp;strtol
</UL>

<P><STRONG><a name="[a4]"></a>_chval</STRONG> (Thumb, 28 bytes, Stack size 0 bytes, _chval.o(.text))
<BR><BR>[Called By]<UL><LI><a href="#[a1]">&gt;&gt;</a>&nbsp;&nbsp;&nbsp;_strtoul
</UL>

<P><STRONG><a name="[2fc]"></a>__decompress</STRONG> (Thumb, 0 bytes, Stack size unknown bytes, __dczerorl2.o(.text), UNUSED)

<P><STRONG><a name="[2fd]"></a>__decompress1</STRONG> (Thumb, 86 bytes, Stack size unknown bytes, __dczerorl2.o(.text), UNUSED)

<P><STRONG><a name="[57]"></a>ADC1_2_IRQHandler</STRONG> (Thumb, 24 bytes, Stack size 8 bytes, adc.o(.text.ADC1_2_IRQHandler))
<BR><BR>[Stack]<UL><LI>Max Depth = 120<LI>Call Chain = ADC1_2_IRQHandler &rArr; HAL_ADC_IRQHandler &rArr; HAL_ADC_LevelOutOfWindowCallback &rArr; debug_printf &rArr; BSP_USART1_Transmit &rArr; BSP_USART_Transmit &rArr; HAL_UART_Transmit &rArr; UART_WaitOnFlagUntilTimeout
</UL>
<BR>[Calls]<UL><LI><a href="#[a5]">&gt;&gt;</a>&nbsp;&nbsp;&nbsp;HAL_ADC_IRQHandler
</UL>
<BR>[Address Reference Count : 1]<UL><LI> startup_stm32f103xb.o(RESET)
</UL>
<P><STRONG><a name="[a6]"></a>ADC_ConversionStop_Disable</STRONG> (Thumb, 68 bytes, Stack size 16 bytes, stm32f1xx_hal_adc.o(.text.ADC_ConversionStop_Disable))
<BR><BR>[Stack]<UL><LI>Max Depth = 16<LI>Call Chain = ADC_ConversionStop_Disable
</UL>
<BR>[Calls]<UL><LI><a href="#[a7]">&gt;&gt;</a>&nbsp;&nbsp;&nbsp;HAL_GetTick
</UL>
<BR>[Called By]<UL><LI><a href="#[14e]">&gt;&gt;</a>&nbsp;&nbsp;&nbsp;OUTLINED_FUNCTION_2
<LI><a href="#[ba]">&gt;&gt;</a>&nbsp;&nbsp;&nbsp;HAL_ADC_Init
</UL>

<P><STRONG><a name="[a8]"></a>ADC_Enable</STRONG> (Thumb, 100 bytes, Stack size 24 bytes, stm32f1xx_hal_adc.o(.text.ADC_Enable))
<BR><BR>[Stack]<UL><LI>Max Depth = 24<LI>Call Chain = ADC_Enable
</UL>
<BR>[Calls]<UL><LI><a href="#[a7]">&gt;&gt;</a>&nbsp;&nbsp;&nbsp;HAL_GetTick
</UL>
<BR>[Called By]<UL><LI><a href="#[bc]">&gt;&gt;</a>&nbsp;&nbsp;&nbsp;HAL_ADCEx_Calibration_Start
<LI><a href="#[15a]">&gt;&gt;</a>&nbsp;&nbsp;&nbsp;OUTLINED_FUNCTION_0
<LI><a href="#[c5]">&gt;&gt;</a>&nbsp;&nbsp;&nbsp;BSP_ADC2_Init
<LI><a href="#[b9]">&gt;&gt;</a>&nbsp;&nbsp;&nbsp;BSP_ADC1_Init
</UL>

<P><STRONG><a name="[a9]"></a>BSP_ACC_Init</STRONG> (Thumb, 168 bytes, Stack size 48 bytes, acc.o(.text.BSP_ACC_Init))
<BR><BR>[Stack]<UL><LI>Max Depth = 264<LI>Call Chain = BSP_ACC_Init &rArr; config_read_int &rArr; BSP_ROM_Read &rArr; BSP_I2C_Read &rArr; HAL_I2C_Mem_Read &rArr; I2C_RequestMemoryRead &rArr; OUTLINED_FUNCTION_31 &rArr; I2C_WaitOnFlagUntilTimeout
</UL>
<BR>[Calls]<UL><LI><a href="#[ab]">&gt;&gt;</a>&nbsp;&nbsp;&nbsp;HAL_NVIC_EnableIRQ
<LI><a href="#[76]">&gt;&gt;</a>&nbsp;&nbsp;&nbsp;HAL_GPIO_Init
<LI><a href="#[aa]">&gt;&gt;</a>&nbsp;&nbsp;&nbsp;HAL_NVIC_SetPriority
<LI><a href="#[ad]">&gt;&gt;</a>&nbsp;&nbsp;&nbsp;config_read_int
<LI><a href="#[b1]">&gt;&gt;</a>&nbsp;&nbsp;&nbsp;BSP_Read_Int_Status
<LI><a href="#[ae]">&gt;&gt;</a>&nbsp;&nbsp;&nbsp;BSP_ACC_Threshold_Set
<LI><a href="#[b0]">&gt;&gt;</a>&nbsp;&nbsp;&nbsp;delay_ms
<LI><a href="#[af]">&gt;&gt;</a>&nbsp;&nbsp;&nbsp;OUTLINED_FUNCTION_1
<LI><a href="#[ac]">&gt;&gt;</a>&nbsp;&nbsp;&nbsp;OUTLINED_FUNCTION_0
</UL>
<BR>[Called By]<UL><LI><a href="#[70]">&gt;&gt;</a>&nbsp;&nbsp;&nbsp;main
</UL>

<P><STRONG><a name="[b2]"></a>BSP_ACC_Power_Off</STRONG> (Thumb, 68 bytes, Stack size 24 bytes, acc.o(.text.BSP_ACC_Power_Off))
<BR><BR>[Stack]<UL><LI>Max Depth = 208<LI>Call Chain = BSP_ACC_Power_Off &rArr; BSP_Read_Int_Status &rArr; OUTLINED_FUNCTION_3 &rArr; BSP_I2C_Read &rArr; HAL_I2C_Mem_Read &rArr; I2C_RequestMemoryRead &rArr; OUTLINED_FUNCTION_31 &rArr; I2C_WaitOnFlagUntilTimeout
</UL>
<BR>[Calls]<UL><LI><a href="#[74]">&gt;&gt;</a>&nbsp;&nbsp;&nbsp;debug_printf
<LI><a href="#[b1]">&gt;&gt;</a>&nbsp;&nbsp;&nbsp;BSP_Read_Int_Status
<LI><a href="#[b0]">&gt;&gt;</a>&nbsp;&nbsp;&nbsp;delay_ms
<LI><a href="#[b3]">&gt;&gt;</a>&nbsp;&nbsp;&nbsp;OUTLINED_FUNCTION_2
<LI><a href="#[73]">&gt;&gt;</a>&nbsp;&nbsp;&nbsp;BSP_I2C_Write
</UL>
<BR>[Called By]<UL><LI><a href="#[2c6]">&gt;&gt;</a>&nbsp;&nbsp;&nbsp;motion_sensor_init
<LI><a href="#[299]">&gt;&gt;</a>&nbsp;&nbsp;&nbsp;motion_sensor_set_th
<LI><a href="#[23e]">&gt;&gt;</a>&nbsp;&nbsp;&nbsp;motion_sensor_inc_th
</UL>

<P><STRONG><a name="[b4]"></a>BSP_ACC_Power_On</STRONG> (Thumb, 80 bytes, Stack size 24 bytes, acc.o(.text.BSP_ACC_Power_On))
<BR><BR>[Stack]<UL><LI>Max Depth = 240<LI>Call Chain = BSP_ACC_Power_On &rArr; config_read_int &rArr; BSP_ROM_Read &rArr; BSP_I2C_Read &rArr; HAL_I2C_Mem_Read &rArr; I2C_RequestMemoryRead &rArr; OUTLINED_FUNCTION_31 &rArr; I2C_WaitOnFlagUntilTimeout
</UL>
<BR>[Calls]<UL><LI><a href="#[74]">&gt;&gt;</a>&nbsp;&nbsp;&nbsp;debug_printf
<LI><a href="#[ad]">&gt;&gt;</a>&nbsp;&nbsp;&nbsp;config_read_int
<LI><a href="#[b1]">&gt;&gt;</a>&nbsp;&nbsp;&nbsp;BSP_Read_Int_Status
<LI><a href="#[ae]">&gt;&gt;</a>&nbsp;&nbsp;&nbsp;BSP_ACC_Threshold_Set
<LI><a href="#[b0]">&gt;&gt;</a>&nbsp;&nbsp;&nbsp;delay_ms
<LI><a href="#[b3]">&gt;&gt;</a>&nbsp;&nbsp;&nbsp;OUTLINED_FUNCTION_2
<LI><a href="#[73]">&gt;&gt;</a>&nbsp;&nbsp;&nbsp;BSP_I2C_Write
</UL>
<BR>[Called By]<UL><LI><a href="#[2c6]">&gt;&gt;</a>&nbsp;&nbsp;&nbsp;motion_sensor_init
<LI><a href="#[299]">&gt;&gt;</a>&nbsp;&nbsp;&nbsp;motion_sensor_set_th
<LI><a href="#[23e]">&gt;&gt;</a>&nbsp;&nbsp;&nbsp;motion_sensor_inc_th
</UL>

<P><STRONG><a name="[ae]"></a>BSP_ACC_Threshold_Set</STRONG> (Thumb, 108 bytes, Stack size 24 bytes, acc.o(.text.BSP_ACC_Threshold_Set))
<BR><BR>[Stack]<UL><LI>Max Depth = 192<LI>Call Chain = BSP_ACC_Threshold_Set &rArr; BSP_I2C_Read &rArr; HAL_I2C_Mem_Read &rArr; I2C_RequestMemoryRead &rArr; OUTLINED_FUNCTION_31 &rArr; I2C_WaitOnFlagUntilTimeout
</UL>
<BR>[Calls]<UL><LI><a href="#[b0]">&gt;&gt;</a>&nbsp;&nbsp;&nbsp;delay_ms
<LI><a href="#[b5]">&gt;&gt;</a>&nbsp;&nbsp;&nbsp;BSP_I2C_Read
</UL>
<BR>[Called By]<UL><LI><a href="#[2c6]">&gt;&gt;</a>&nbsp;&nbsp;&nbsp;motion_sensor_init
<LI><a href="#[a9]">&gt;&gt;</a>&nbsp;&nbsp;&nbsp;BSP_ACC_Init
<LI><a href="#[b4]">&gt;&gt;</a>&nbsp;&nbsp;&nbsp;BSP_ACC_Power_On
<LI><a href="#[299]">&gt;&gt;</a>&nbsp;&nbsp;&nbsp;motion_sensor_set_th
<LI><a href="#[23e]">&gt;&gt;</a>&nbsp;&nbsp;&nbsp;motion_sensor_inc_th
</UL>

<P><STRONG><a name="[b6]"></a>BSP_ADC1_Get_Value</STRONG> (Thumb, 92 bytes, Stack size 40 bytes, adc.o(.text.BSP_ADC1_Get_Value))
<BR><BR>[Stack]<UL><LI>Max Depth = 40<LI>Call Chain = BSP_ADC1_Get_Value
</UL>
<BR>[Calls]<UL><LI><a href="#[b8]">&gt;&gt;</a>&nbsp;&nbsp;&nbsp;HAL_RCC_GetHCLKFreq
<LI><a href="#[b7]">&gt;&gt;</a>&nbsp;&nbsp;&nbsp;HAL_ADC_GetValue
</UL>
<BR>[Called By]<UL><LI><a href="#[244]">&gt;&gt;</a>&nbsp;&nbsp;&nbsp;power_get_bat_voltage
<LI><a href="#[24d]">&gt;&gt;</a>&nbsp;&nbsp;&nbsp;power_cal_90
<LI><a href="#[24c]">&gt;&gt;</a>&nbsp;&nbsp;&nbsp;power_cal_65
</UL>

<P><STRONG><a name="[b9]"></a>BSP_ADC1_Init</STRONG> (Thumb, 84 bytes, Stack size 32 bytes, adc.o(.text.BSP_ADC1_Init))
<BR><BR>[Stack]<UL><LI>Max Depth = 124<LI>Call Chain = BSP_ADC1_Init &rArr; HAL_ADC_Init &rArr; HAL_ADC_MspInit &rArr; HAL_GPIO_Init
</UL>
<BR>[Calls]<UL><LI><a href="#[bc]">&gt;&gt;</a>&nbsp;&nbsp;&nbsp;HAL_ADCEx_Calibration_Start
<LI><a href="#[ba]">&gt;&gt;</a>&nbsp;&nbsp;&nbsp;HAL_ADC_Init
<LI><a href="#[bb]">&gt;&gt;</a>&nbsp;&nbsp;&nbsp;HAL_ADC_ConfigChannel
<LI><a href="#[a8]">&gt;&gt;</a>&nbsp;&nbsp;&nbsp;ADC_Enable
</UL>
<BR>[Called By]<UL><LI><a href="#[70]">&gt;&gt;</a>&nbsp;&nbsp;&nbsp;main
</UL>

<P><STRONG><a name="[bd]"></a>BSP_ADC1_Set_WDG</STRONG> (Thumb, 56 bytes, Stack size 40 bytes, adc.o(.text.BSP_ADC1_Set_WDG))
<BR><BR>[Stack]<UL><LI>Max Depth = 56<LI>Call Chain = BSP_ADC1_Set_WDG &rArr; HAL_ADC_AnalogWDGConfig
</UL>
<BR>[Calls]<UL><LI><a href="#[bf]">&gt;&gt;</a>&nbsp;&nbsp;&nbsp;HAL_ADC_AnalogWDGConfig
<LI><a href="#[be]">&gt;&gt;</a>&nbsp;&nbsp;&nbsp;__aeabi_memclr4
</UL>
<BR>[Called By]<UL><LI><a href="#[2c1]">&gt;&gt;</a>&nbsp;&nbsp;&nbsp;power_init
</UL>

<P><STRONG><a name="[c0]"></a>BSP_ADC1_Start</STRONG> (Thumb, 16 bytes, Stack size 8 bytes, adc.o(.text.BSP_ADC1_Start))
<BR><BR>[Stack]<UL><LI>Max Depth = 48<LI>Call Chain = BSP_ADC1_Start &rArr; HAL_ADC_Start_IT &rArr; OUTLINED_FUNCTION_0 &rArr; ADC_Enable
</UL>
<BR>[Calls]<UL><LI><a href="#[c1]">&gt;&gt;</a>&nbsp;&nbsp;&nbsp;HAL_ADC_Start_IT
</UL>
<BR>[Called By]<UL><LI><a href="#[2da]">&gt;&gt;</a>&nbsp;&nbsp;&nbsp;power_mon_start
</UL>

<P><STRONG><a name="[c2]"></a>BSP_ADC2_Get_Value</STRONG> (Thumb, 68 bytes, Stack size 24 bytes, adc.o(.text.BSP_ADC2_Get_Value))
<BR><BR>[Stack]<UL><LI>Max Depth = 120<LI>Call Chain = BSP_ADC2_Get_Value &rArr; debug_printf &rArr; BSP_USART1_Transmit &rArr; BSP_USART_Transmit &rArr; HAL_UART_Transmit &rArr; UART_WaitOnFlagUntilTimeout
</UL>
<BR>[Calls]<UL><LI><a href="#[c3]">&gt;&gt;</a>&nbsp;&nbsp;&nbsp;HAL_ADC_Start
<LI><a href="#[c4]">&gt;&gt;</a>&nbsp;&nbsp;&nbsp;HAL_ADC_PollForConversion
<LI><a href="#[b7]">&gt;&gt;</a>&nbsp;&nbsp;&nbsp;HAL_ADC_GetValue
<LI><a href="#[74]">&gt;&gt;</a>&nbsp;&nbsp;&nbsp;debug_printf
</UL>
<BR>[Called By]<UL><LI><a href="#[23c]">&gt;&gt;</a>&nbsp;&nbsp;&nbsp;display_get_light_percent
<LI><a href="#[239]">&gt;&gt;</a>&nbsp;&nbsp;&nbsp;display_cal_100
<LI><a href="#[238]">&gt;&gt;</a>&nbsp;&nbsp;&nbsp;display_cal_0
</UL>

<P><STRONG><a name="[c5]"></a>BSP_ADC2_Init</STRONG> (Thumb, 92 bytes, Stack size 32 bytes, adc.o(.text.BSP_ADC2_Init))
<BR><BR>[Stack]<UL><LI>Max Depth = 124<LI>Call Chain = BSP_ADC2_Init &rArr; HAL_ADC_Init &rArr; HAL_ADC_MspInit &rArr; HAL_GPIO_Init
</UL>
<BR>[Calls]<UL><LI><a href="#[bc]">&gt;&gt;</a>&nbsp;&nbsp;&nbsp;HAL_ADCEx_Calibration_Start
<LI><a href="#[ba]">&gt;&gt;</a>&nbsp;&nbsp;&nbsp;HAL_ADC_Init
<LI><a href="#[bb]">&gt;&gt;</a>&nbsp;&nbsp;&nbsp;HAL_ADC_ConfigChannel
<LI><a href="#[a8]">&gt;&gt;</a>&nbsp;&nbsp;&nbsp;ADC_Enable
</UL>
<BR>[Called By]<UL><LI><a href="#[70]">&gt;&gt;</a>&nbsp;&nbsp;&nbsp;main
</UL>

<P><STRONG><a name="[ca]"></a>BSP_Blue_Tooth_Init</STRONG> (Thumb, 72 bytes, Stack size 32 bytes, blue_tooth.o(.text.BSP_Blue_Tooth_Init))
<BR><BR>[Stack]<UL><LI>Max Depth = 200<LI>Call Chain = BSP_Blue_Tooth_Init &rArr; BSP_Blue_Tooth_Rst &rArr; BSP_Blue_Tooth_AT_Cmd &rArr; debug_printf &rArr; BSP_USART1_Transmit &rArr; BSP_USART_Transmit &rArr; HAL_UART_Transmit &rArr; UART_WaitOnFlagUntilTimeout
</UL>
<BR>[Calls]<UL><LI><a href="#[ab]">&gt;&gt;</a>&nbsp;&nbsp;&nbsp;HAL_NVIC_EnableIRQ
<LI><a href="#[76]">&gt;&gt;</a>&nbsp;&nbsp;&nbsp;HAL_GPIO_Init
<LI><a href="#[aa]">&gt;&gt;</a>&nbsp;&nbsp;&nbsp;HAL_NVIC_SetPriority
<LI><a href="#[cb]">&gt;&gt;</a>&nbsp;&nbsp;&nbsp;BSP_Blue_Tooth_Rst
</UL>
<BR>[Called By]<UL><LI><a href="#[70]">&gt;&gt;</a>&nbsp;&nbsp;&nbsp;main
</UL>

<P><STRONG><a name="[cb]"></a>BSP_Blue_Tooth_Rst</STRONG> (Thumb, 28 bytes, Stack size 48 bytes, blue_tooth.o(.text.BSP_Blue_Tooth_Rst))
<BR><BR>[Stack]<UL><LI>Max Depth = 168<LI>Call Chain = BSP_Blue_Tooth_Rst &rArr; BSP_Blue_Tooth_AT_Cmd &rArr; debug_printf &rArr; BSP_USART1_Transmit &rArr; BSP_USART_Transmit &rArr; HAL_UART_Transmit &rArr; UART_WaitOnFlagUntilTimeout
</UL>
<BR>[Calls]<UL><LI><a href="#[c6]">&gt;&gt;</a>&nbsp;&nbsp;&nbsp;BSP_Blue_Tooth_AT_Cmd
</UL>
<BR>[Called By]<UL><LI><a href="#[ca]">&gt;&gt;</a>&nbsp;&nbsp;&nbsp;BSP_Blue_Tooth_Init
</UL>

<P><STRONG><a name="[cc]"></a>BSP_DS3231_Alarm_Get_Date</STRONG> (Thumb, 28 bytes, Stack size 0 bytes, ds3231.o(.text.BSP_DS3231_Alarm_Get_Date))
<BR><BR>[Calls]<UL><LI><a href="#[cd]">&gt;&gt;</a>&nbsp;&nbsp;&nbsp;OUTLINED_FUNCTION_3
</UL>
<BR>[Called By]<UL><LI><a href="#[e2]">&gt;&gt;</a>&nbsp;&nbsp;&nbsp;BSP_DS3231_Dump
</UL>

<P><STRONG><a name="[ce]"></a>BSP_DS3231_Alarm_Get_Hour</STRONG> (Thumb, 20 bytes, Stack size 0 bytes, ds3231.o(.text.BSP_DS3231_Alarm_Get_Hour))
<BR><BR>[Calls]<UL><LI><a href="#[cf]">&gt;&gt;</a>&nbsp;&nbsp;&nbsp;_ds3231_get_hour
</UL>
<BR>[Called By]<UL><LI><a href="#[e2]">&gt;&gt;</a>&nbsp;&nbsp;&nbsp;BSP_DS3231_Dump
</UL>

<P><STRONG><a name="[e7]"></a>BSP_DS3231_Alarm_Get_Hour_12</STRONG> (Thumb, 20 bytes, Stack size 0 bytes, ds3231.o(.text.BSP_DS3231_Alarm_Get_Hour_12))
<BR><BR>[Called By]<UL><LI><a href="#[e9]">&gt;&gt;</a>&nbsp;&nbsp;&nbsp;BSP_DS3231_Init
<LI><a href="#[e2]">&gt;&gt;</a>&nbsp;&nbsp;&nbsp;BSP_DS3231_Dump
</UL>

<P><STRONG><a name="[d0]"></a>BSP_DS3231_Alarm_Get_Min</STRONG> (Thumb, 20 bytes, Stack size 0 bytes, ds3231.o(.text.BSP_DS3231_Alarm_Get_Min))
<BR><BR>[Calls]<UL><LI><a href="#[d1]">&gt;&gt;</a>&nbsp;&nbsp;&nbsp;OUTLINED_FUNCTION_0
</UL>
<BR>[Called By]<UL><LI><a href="#[e2]">&gt;&gt;</a>&nbsp;&nbsp;&nbsp;BSP_DS3231_Dump
</UL>

<P><STRONG><a name="[d3]"></a>BSP_DS3231_Alarm_Get_Mode</STRONG> (Thumb, 184 bytes, Stack size 16 bytes, ds3231.o(.text.BSP_DS3231_Alarm_Get_Mode))
<BR><BR>[Stack]<UL><LI>Max Depth = 16<LI>Call Chain = BSP_DS3231_Alarm_Get_Mode
</UL>
<BR>[Called By]<UL><LI><a href="#[d2]">&gt;&gt;</a>&nbsp;&nbsp;&nbsp;BSP_DS3231_Alarm_Get_Mode_Str
</UL>

<P><STRONG><a name="[d2]"></a>BSP_DS3231_Alarm_Get_Mode_Str</STRONG> (Thumb, 16 bytes, Stack size 8 bytes, ds3231.o(.text.BSP_DS3231_Alarm_Get_Mode_Str))
<BR><BR>[Stack]<UL><LI>Max Depth = 24<LI>Call Chain = BSP_DS3231_Alarm_Get_Mode_Str &rArr; BSP_DS3231_Alarm_Get_Mode
</UL>
<BR>[Calls]<UL><LI><a href="#[d3]">&gt;&gt;</a>&nbsp;&nbsp;&nbsp;BSP_DS3231_Alarm_Get_Mode
</UL>
<BR>[Called By]<UL><LI><a href="#[e2]">&gt;&gt;</a>&nbsp;&nbsp;&nbsp;BSP_DS3231_Dump
</UL>

<P><STRONG><a name="[d4]"></a>BSP_DS3231_Alarm_Get_Sec</STRONG> (Thumb, 20 bytes, Stack size 0 bytes, ds3231.o(.text.BSP_DS3231_Alarm_Get_Sec))
<BR><BR>[Calls]<UL><LI><a href="#[d1]">&gt;&gt;</a>&nbsp;&nbsp;&nbsp;OUTLINED_FUNCTION_0
</UL>
<BR>[Called By]<UL><LI><a href="#[e2]">&gt;&gt;</a>&nbsp;&nbsp;&nbsp;BSP_DS3231_Dump
</UL>

<P><STRONG><a name="[d5]"></a>BSP_DS3231_Alarm_Set_Hour</STRONG> (Thumb, 16 bytes, Stack size 0 bytes, ds3231.o(.text.BSP_DS3231_Alarm_Set_Hour))
<BR><BR>[Stack]<UL><LI>Max Depth = 16<LI>Call Chain = BSP_DS3231_Alarm_Set_Hour &rArr; _ds3231_set_hour
</UL>
<BR>[Calls]<UL><LI><a href="#[d6]">&gt;&gt;</a>&nbsp;&nbsp;&nbsp;_ds3231_set_hour
</UL>
<BR>[Called By]<UL><LI><a href="#[203]">&gt;&gt;</a>&nbsp;&nbsp;&nbsp;alarm1_sync_to_rtc
<LI><a href="#[1fa]">&gt;&gt;</a>&nbsp;&nbsp;&nbsp;alarm0_sync_to_rtc
</UL>

<P><STRONG><a name="[d7]"></a>BSP_DS3231_Alarm_Set_Hour_12</STRONG> (Thumb, 16 bytes, Stack size 0 bytes, ds3231.o(.text.BSP_DS3231_Alarm_Set_Hour_12))
<BR><BR>[Stack]<UL><LI>Max Depth = 32<LI>Call Chain = BSP_DS3231_Alarm_Set_Hour_12 &rArr; _ds3231_set_hour_12 &rArr; _ds3231_set_hour
</UL>
<BR>[Calls]<UL><LI><a href="#[d8]">&gt;&gt;</a>&nbsp;&nbsp;&nbsp;_ds3231_set_hour_12
</UL>
<BR>[Called By]<UL><LI><a href="#[e9]">&gt;&gt;</a>&nbsp;&nbsp;&nbsp;BSP_DS3231_Init
</UL>

<P><STRONG><a name="[1fc]"></a>BSP_DS3231_Alarm_Set_Min</STRONG> (Thumb, 44 bytes, Stack size 0 bytes, ds3231.o(.text.BSP_DS3231_Alarm_Set_Min))
<BR><BR>[Called By]<UL><LI><a href="#[203]">&gt;&gt;</a>&nbsp;&nbsp;&nbsp;alarm1_sync_to_rtc
<LI><a href="#[1fa]">&gt;&gt;</a>&nbsp;&nbsp;&nbsp;alarm0_sync_to_rtc
</UL>

<P><STRONG><a name="[1fb]"></a>BSP_DS3231_Alarm_Set_Mode</STRONG> (Thumb, 168 bytes, Stack size 16 bytes, ds3231.o(.text.BSP_DS3231_Alarm_Set_Mode))
<BR><BR>[Stack]<UL><LI>Max Depth = 16<LI>Call Chain = BSP_DS3231_Alarm_Set_Mode
</UL>
<BR>[Called By]<UL><LI><a href="#[203]">&gt;&gt;</a>&nbsp;&nbsp;&nbsp;alarm1_sync_to_rtc
<LI><a href="#[1fa]">&gt;&gt;</a>&nbsp;&nbsp;&nbsp;alarm0_sync_to_rtc
</UL>

<P><STRONG><a name="[d9]"></a>BSP_DS3231_Alarm_Set_Sec</STRONG> (Thumb, 32 bytes, Stack size 8 bytes, ds3231.o(.text.BSP_DS3231_Alarm_Set_Sec))
<BR><BR>[Stack]<UL><LI>Max Depth = 8<LI>Call Chain = BSP_DS3231_Alarm_Set_Sec
</UL>
<BR>[Calls]<UL><LI><a href="#[da]">&gt;&gt;</a>&nbsp;&nbsp;&nbsp;OUTLINED_FUNCTION_8
</UL>
<BR>[Called By]<UL><LI><a href="#[1fa]">&gt;&gt;</a>&nbsp;&nbsp;&nbsp;alarm0_sync_to_rtc
</UL>

<P><STRONG><a name="[1fe]"></a>BSP_DS3231_Clr_Alarm_Int_Flag</STRONG> (Thumb, 24 bytes, Stack size 0 bytes, ds3231.o(.text.BSP_DS3231_Clr_Alarm_Int_Flag))
<BR><BR>[Called By]<UL><LI><a href="#[15d]">&gt;&gt;</a>&nbsp;&nbsp;&nbsp;alarm_scan
<LI><a href="#[203]">&gt;&gt;</a>&nbsp;&nbsp;&nbsp;alarm1_sync_to_rtc
<LI><a href="#[1fa]">&gt;&gt;</a>&nbsp;&nbsp;&nbsp;alarm0_sync_to_rtc
</UL>

<P><STRONG><a name="[db]"></a>BSP_DS3231_Date_Get_Date</STRONG> (Thumb, 16 bytes, Stack size 0 bytes, ds3231.o(.text.BSP_DS3231_Date_Get_Date))
<BR><BR>[Calls]<UL><LI><a href="#[cd]">&gt;&gt;</a>&nbsp;&nbsp;&nbsp;OUTLINED_FUNCTION_3
</UL>
<BR>[Called By]<UL><LI><a href="#[20d]">&gt;&gt;</a>&nbsp;&nbsp;&nbsp;rtc_get_date
</UL>

<P><STRONG><a name="[2e0]"></a>BSP_DS3231_Date_Get_Day</STRONG> (Thumb, 8 bytes, Stack size 0 bytes, ds3231.o(.text.BSP_DS3231_Date_Get_Day))
<BR><BR>[Called By]<UL><LI><a href="#[20d]">&gt;&gt;</a>&nbsp;&nbsp;&nbsp;rtc_get_date
</UL>

<P><STRONG><a name="[dc]"></a>BSP_DS3231_Date_Get_Month</STRONG> (Thumb, 16 bytes, Stack size 0 bytes, ds3231.o(.text.BSP_DS3231_Date_Get_Month))
<BR><BR>[Calls]<UL><LI><a href="#[cd]">&gt;&gt;</a>&nbsp;&nbsp;&nbsp;OUTLINED_FUNCTION_3
</UL>
<BR>[Called By]<UL><LI><a href="#[20d]">&gt;&gt;</a>&nbsp;&nbsp;&nbsp;rtc_get_date
</UL>

<P><STRONG><a name="[2df]"></a>BSP_DS3231_Date_Get_Year</STRONG> (Thumb, 24 bytes, Stack size 0 bytes, ds3231.o(.text.BSP_DS3231_Date_Get_Year))
<BR><BR>[Called By]<UL><LI><a href="#[20d]">&gt;&gt;</a>&nbsp;&nbsp;&nbsp;rtc_get_date
</UL>

<P><STRONG><a name="[dd]"></a>BSP_DS3231_Date_Set_Date</STRONG> (Thumb, 136 bytes, Stack size 16 bytes, ds3231.o(.text.BSP_DS3231_Date_Set_Date))
<BR><BR>[Stack]<UL><LI>Max Depth = 112<LI>Call Chain = BSP_DS3231_Date_Set_Date &rArr; debug_printf &rArr; BSP_USART1_Transmit &rArr; BSP_USART_Transmit &rArr; HAL_UART_Transmit &rArr; UART_WaitOnFlagUntilTimeout
</UL>
<BR>[Calls]<UL><LI><a href="#[74]">&gt;&gt;</a>&nbsp;&nbsp;&nbsp;debug_printf
<LI><a href="#[de]">&gt;&gt;</a>&nbsp;&nbsp;&nbsp;OUTLINED_FUNCTION_4
</UL>
<BR>[Called By]<UL><LI><a href="#[225]">&gt;&gt;</a>&nbsp;&nbsp;&nbsp;rtc_set_date
</UL>

<P><STRONG><a name="[2e1]"></a>BSP_DS3231_Date_Set_Day</STRONG> (Thumb, 12 bytes, Stack size 0 bytes, ds3231.o(.text.BSP_DS3231_Date_Set_Day))
<BR><BR>[Called By]<UL><LI><a href="#[225]">&gt;&gt;</a>&nbsp;&nbsp;&nbsp;rtc_set_date
</UL>

<P><STRONG><a name="[df]"></a>BSP_DS3231_Date_Set_Month</STRONG> (Thumb, 16 bytes, Stack size 0 bytes, ds3231.o(.text.BSP_DS3231_Date_Set_Month))
<BR><BR>[Calls]<UL><LI><a href="#[e0]">&gt;&gt;</a>&nbsp;&nbsp;&nbsp;OUTLINED_FUNCTION_2
</UL>
<BR>[Called By]<UL><LI><a href="#[225]">&gt;&gt;</a>&nbsp;&nbsp;&nbsp;rtc_set_date
</UL>

<P><STRONG><a name="[e1]"></a>BSP_DS3231_Date_Set_Year</STRONG> (Thumb, 16 bytes, Stack size 0 bytes, ds3231.o(.text.BSP_DS3231_Date_Set_Year))
<BR><BR>[Calls]<UL><LI><a href="#[e0]">&gt;&gt;</a>&nbsp;&nbsp;&nbsp;OUTLINED_FUNCTION_2
</UL>
<BR>[Called By]<UL><LI><a href="#[225]">&gt;&gt;</a>&nbsp;&nbsp;&nbsp;rtc_set_date
</UL>

<P><STRONG><a name="[e2]"></a>BSP_DS3231_Dump</STRONG> (Thumb, 636 bytes, Stack size 48 bytes, ds3231.o(.text.BSP_DS3231_Dump))
<BR><BR>[Stack]<UL><LI>Max Depth = 72<LI>Call Chain = BSP_DS3231_Dump &rArr; BSP_DS3231_Alarm_Get_Mode_Str &rArr; BSP_DS3231_Alarm_Get_Mode
</UL>
<BR>[Calls]<UL><LI><a href="#[e3]">&gt;&gt;</a>&nbsp;&nbsp;&nbsp;BSP_DS3231_Time_Get_Hour
<LI><a href="#[d4]">&gt;&gt;</a>&nbsp;&nbsp;&nbsp;BSP_DS3231_Alarm_Get_Sec
<LI><a href="#[d2]">&gt;&gt;</a>&nbsp;&nbsp;&nbsp;BSP_DS3231_Alarm_Get_Mode_Str
<LI><a href="#[d0]">&gt;&gt;</a>&nbsp;&nbsp;&nbsp;BSP_DS3231_Alarm_Get_Min
<LI><a href="#[e7]">&gt;&gt;</a>&nbsp;&nbsp;&nbsp;BSP_DS3231_Alarm_Get_Hour_12
<LI><a href="#[ce]">&gt;&gt;</a>&nbsp;&nbsp;&nbsp;BSP_DS3231_Alarm_Get_Hour
<LI><a href="#[cc]">&gt;&gt;</a>&nbsp;&nbsp;&nbsp;BSP_DS3231_Alarm_Get_Date
<LI><a href="#[e5]">&gt;&gt;</a>&nbsp;&nbsp;&nbsp;OUTLINED_FUNCTION_7
<LI><a href="#[e6]">&gt;&gt;</a>&nbsp;&nbsp;&nbsp;OUTLINED_FUNCTION_6
<LI><a href="#[e4]">&gt;&gt;</a>&nbsp;&nbsp;&nbsp;OUTLINED_FUNCTION_1
</UL>
<BR>[Called By]<UL><LI><a href="#[206]">&gt;&gt;</a>&nbsp;&nbsp;&nbsp;alarm_init
<LI><a href="#[e9]">&gt;&gt;</a>&nbsp;&nbsp;&nbsp;BSP_DS3231_Init
</UL>

<P><STRONG><a name="[1fd]"></a>BSP_DS3231_Enable_Alarm_Int</STRONG> (Thumb, 48 bytes, Stack size 0 bytes, ds3231.o(.text.BSP_DS3231_Enable_Alarm_Int))
<BR><BR>[Called By]<UL><LI><a href="#[203]">&gt;&gt;</a>&nbsp;&nbsp;&nbsp;alarm1_sync_to_rtc
<LI><a href="#[1fa]">&gt;&gt;</a>&nbsp;&nbsp;&nbsp;alarm0_sync_to_rtc
</UL>

<P><STRONG><a name="[e8]"></a>BSP_DS3231_Get_Temperature</STRONG> (Thumb, 120 bytes, Stack size 32 bytes, ds3231.o(.text.BSP_DS3231_Get_Temperature))
<BR><BR>[Stack]<UL><LI>Max Depth = 128<LI>Call Chain = BSP_DS3231_Get_Temperature &rArr; debug_printf &rArr; BSP_USART1_Transmit &rArr; BSP_USART_Transmit &rArr; HAL_UART_Transmit &rArr; UART_WaitOnFlagUntilTimeout
</UL>
<BR>[Calls]<UL><LI><a href="#[74]">&gt;&gt;</a>&nbsp;&nbsp;&nbsp;debug_printf
</UL>
<BR>[Called By]<UL><LI><a href="#[279]">&gt;&gt;</a>&nbsp;&nbsp;&nbsp;thermometer_read_fah
<LI><a href="#[278]">&gt;&gt;</a>&nbsp;&nbsp;&nbsp;thermometer_read_cen
</UL>

<P><STRONG><a name="[e9]"></a>BSP_DS3231_Init</STRONG> (Thumb, 308 bytes, Stack size 48 bytes, ds3231.o(.text.BSP_DS3231_Init))
<BR><BR>[Stack]<UL><LI>Max Depth = 248<LI>Call Chain = BSP_DS3231_Init &rArr; _ds3231_dump_raw &rArr; BSP_I2C_Read &rArr; HAL_I2C_Mem_Read &rArr; I2C_RequestMemoryRead &rArr; OUTLINED_FUNCTION_31 &rArr; I2C_WaitOnFlagUntilTimeout
</UL>
<BR>[Calls]<UL><LI><a href="#[ab]">&gt;&gt;</a>&nbsp;&nbsp;&nbsp;HAL_NVIC_EnableIRQ
<LI><a href="#[b8]">&gt;&gt;</a>&nbsp;&nbsp;&nbsp;HAL_RCC_GetHCLKFreq
<LI><a href="#[76]">&gt;&gt;</a>&nbsp;&nbsp;&nbsp;HAL_GPIO_Init
<LI><a href="#[aa]">&gt;&gt;</a>&nbsp;&nbsp;&nbsp;HAL_NVIC_SetPriority
<LI><a href="#[ec]">&gt;&gt;</a>&nbsp;&nbsp;&nbsp;BSP_DS3231_Time_Set_Hour_12
<LI><a href="#[ed]">&gt;&gt;</a>&nbsp;&nbsp;&nbsp;BSP_DS3231_Time_Set_Hour
<LI><a href="#[e3]">&gt;&gt;</a>&nbsp;&nbsp;&nbsp;BSP_DS3231_Time_Get_Hour
<LI><a href="#[75]">&gt;&gt;</a>&nbsp;&nbsp;&nbsp;BSP_DS3231_Read_Data
<LI><a href="#[e2]">&gt;&gt;</a>&nbsp;&nbsp;&nbsp;BSP_DS3231_Dump
<LI><a href="#[d7]">&gt;&gt;</a>&nbsp;&nbsp;&nbsp;BSP_DS3231_Alarm_Set_Hour_12
<LI><a href="#[e7]">&gt;&gt;</a>&nbsp;&nbsp;&nbsp;BSP_DS3231_Alarm_Get_Hour_12
<LI><a href="#[eb]">&gt;&gt;</a>&nbsp;&nbsp;&nbsp;_ds3231_dump_raw
<LI><a href="#[ea]">&gt;&gt;</a>&nbsp;&nbsp;&nbsp;OUTLINED_FUNCTION_5
<LI><a href="#[ee]">&gt;&gt;</a>&nbsp;&nbsp;&nbsp;BSP_DS3231_Write_Data
</UL>
<BR>[Called By]<UL><LI><a href="#[70]">&gt;&gt;</a>&nbsp;&nbsp;&nbsp;main
</UL>

<P><STRONG><a name="[75]"></a>BSP_DS3231_Read_Data</STRONG> (Thumb, 60 bytes, Stack size 16 bytes, ds3231.o(.text.BSP_DS3231_Read_Data))
<BR><BR>[Stack]<UL><LI>Max Depth = 184<LI>Call Chain = BSP_DS3231_Read_Data &rArr; BSP_I2C_Read &rArr; HAL_I2C_Mem_Read &rArr; I2C_RequestMemoryRead &rArr; OUTLINED_FUNCTION_31 &rArr; I2C_WaitOnFlagUntilTimeout
</UL>
<BR>[Calls]<UL><LI><a href="#[b5]">&gt;&gt;</a>&nbsp;&nbsp;&nbsp;BSP_I2C_Read
</UL>
<BR>[Called By]<UL><LI><a href="#[e9]">&gt;&gt;</a>&nbsp;&nbsp;&nbsp;BSP_DS3231_Init
<LI><a href="#[15d]">&gt;&gt;</a>&nbsp;&nbsp;&nbsp;alarm_scan
<LI><a href="#[279]">&gt;&gt;</a>&nbsp;&nbsp;&nbsp;thermometer_read_fah
<LI><a href="#[278]">&gt;&gt;</a>&nbsp;&nbsp;&nbsp;thermometer_read_cen
<LI><a href="#[203]">&gt;&gt;</a>&nbsp;&nbsp;&nbsp;alarm1_sync_to_rtc
<LI><a href="#[1fa]">&gt;&gt;</a>&nbsp;&nbsp;&nbsp;alarm0_sync_to_rtc
<LI><a href="#[1d9]">&gt;&gt;</a>&nbsp;&nbsp;&nbsp;OUTLINED_FUNCTION_1
<LI><a href="#[1cd]">&gt;&gt;</a>&nbsp;&nbsp;&nbsp;OUTLINED_FUNCTION_0
</UL>
<BR>[Address Reference Count : 1]<UL><LI> ds3231.o(.text.BSP_DS3231_Dump)
</UL>
<P><STRONG><a name="[2de]"></a>BSP_DS3231_Set_En32khz</STRONG> (Thumb, 24 bytes, Stack size 0 bytes, ds3231.o(.text.BSP_DS3231_Set_En32khz))
<BR><BR>[Called By]<UL><LI><a href="#[21a]">&gt;&gt;</a>&nbsp;&nbsp;&nbsp;rtc_enable_32768HZ
</UL>

<P><STRONG><a name="[20c]"></a>BSP_DS3231_Test_Alarm_Int_Flag</STRONG> (Thumb, 32 bytes, Stack size 0 bytes, ds3231.o(.text.BSP_DS3231_Test_Alarm_Int_Flag))
<BR><BR>[Called By]<UL><LI><a href="#[15d]">&gt;&gt;</a>&nbsp;&nbsp;&nbsp;alarm_scan
</UL>

[...]
<LI><a href="#[297]">&gt;&gt;</a>&nbsp;&nbsp;&nbsp;alarm0_get_cnt
<LI><a href="#[1de]">&gt;&gt;</a>&nbsp;&nbsp;&nbsp;OUTLINED_FUNCTION_2
</UL>
<BR>[Address Reference Count : 3]<UL><LI> sm_set_alarm.o(.data.sm_trans_set_alarm_init)
<LI> sm_set_alarm.o(.data.sm_trans_set_alarm_sel)
<LI> sm_set_alarm.o(.data.sm_trans_set_alarm_snd)
</UL>
<P><STRONG><a name="[1a]"></a>do_set_alarm_snd</STRONG> (Thumb, 148 bytes, Stack size 16 bytes, sm_set_alarm.o(.text.do_set_alarm_snd))
<BR><BR>[Stack]<UL><LI>Max Depth = 280<LI>Call Chain = do_set_alarm_snd &rArr; OUTLINED_FUNCTION_1 &rArr; alarm_save_config &rArr; config_write &rArr; BSP_ROM_Write &rArr; _BSP_I2C_Write &rArr; BSP_I2C_Write &rArr; HAL_I2C_Mem_Write &rArr; I2C_RequestMemoryWrite &rArr; I2C_WaitOnFlagUntilTimeout
</UL>
<BR>[Calls]<UL><LI><a href="#[28e]">&gt;&gt;</a>&nbsp;&nbsp;&nbsp;display_set_mode
<LI><a href="#[284]">&gt;&gt;</a>&nbsp;&nbsp;&nbsp;display_set_blink_alarm_snd
<LI><a href="#[1df]">&gt;&gt;</a>&nbsp;&nbsp;&nbsp;display_format_alarm0
<LI><a href="#[257]">&gt;&gt;</a>&nbsp;&nbsp;&nbsp;display_clr
<LI><a href="#[1f7]">&gt;&gt;</a>&nbsp;&nbsp;&nbsp;alarm0_stop_snd
<LI><a href="#[1f4]">&gt;&gt;</a>&nbsp;&nbsp;&nbsp;alarm0_play_snd
<LI><a href="#[298]">&gt;&gt;</a>&nbsp;&nbsp;&nbsp;alarm0_inc_snd
<LI><a href="#[256]">&gt;&gt;</a>&nbsp;&nbsp;&nbsp;delay_ms
<LI><a href="#[1de]">&gt;&gt;</a>&nbsp;&nbsp;&nbsp;OUTLINED_FUNCTION_2
<LI><a href="#[1db]">&gt;&gt;</a>&nbsp;&nbsp;&nbsp;OUTLINED_FUNCTION_1
<LI><a href="#[1d5]">&gt;&gt;</a>&nbsp;&nbsp;&nbsp;OUTLINED_FUNCTION_0
</UL>
<BR>[Address Reference Count : 2]<UL><LI> sm_set_alarm.o(.data.sm_trans_set_alarm_day)
<LI> sm_set_alarm.o(.data.sm_trans_set_alarm_snd)
</UL>
<P><STRONG><a name="[23]"></a>do_set_param_baoshi</STRONG> (Thumb, 50 bytes, Stack size 8 bytes, sm_set_param.o(.text.do_set_param_baoshi))
<BR><BR>[Stack]<UL><LI>Max Depth = 272<LI>Call Chain = do_set_param_baoshi &rArr; alarm_save_config &rArr; config_write &rArr; BSP_ROM_Write &rArr; _BSP_I2C_Write &rArr; BSP_I2C_Write &rArr; HAL_I2C_Mem_Write &rArr; I2C_RequestMemoryWrite &rArr; I2C_WaitOnFlagUntilTimeout
</UL>
<BR>[Calls]<UL><LI><a href="#[28e]">&gt;&gt;</a>&nbsp;&nbsp;&nbsp;display_set_mode
<LI><a href="#[260]">&gt;&gt;</a>&nbsp;&nbsp;&nbsp;display_format_alarm1
<LI><a href="#[257]">&gt;&gt;</a>&nbsp;&nbsp;&nbsp;display_clr
<LI><a href="#[1d6]">&gt;&gt;</a>&nbsp;&nbsp;&nbsp;alarm_save_config
<LI><a href="#[262]">&gt;&gt;</a>&nbsp;&nbsp;&nbsp;alarm1_test_enable
<LI><a href="#[29b]">&gt;&gt;</a>&nbsp;&nbsp;&nbsp;alarm1_set_enable
</UL>
<BR>[Address Reference Count : 2]<UL><LI> sm_set_param.o(.data.sm_trans_set_param_beeper)
<LI> sm_set_param.o(.data.sm_trans_set_param_baoshi)
</UL>
<P><STRONG><a name="[26]"></a>do_set_param_beeper</STRONG> (Thumb, 44 bytes, Stack size 8 bytes, sm_set_param.o(.text.do_set_param_beeper))
<BR><BR>[Stack]<UL><LI>Max Depth = 272<LI>Call Chain = do_set_param_beeper &rArr; beeper_save_config &rArr; config_write &rArr; BSP_ROM_Write &rArr; _BSP_I2C_Write &rArr; BSP_I2C_Write &rArr; HAL_I2C_Mem_Write &rArr; I2C_RequestMemoryWrite &rArr; I2C_WaitOnFlagUntilTimeout
</UL>
<BR>[Calls]<UL><LI><a href="#[26f]">&gt;&gt;</a>&nbsp;&nbsp;&nbsp;display_format_param_beeper
<LI><a href="#[257]">&gt;&gt;</a>&nbsp;&nbsp;&nbsp;display_clr
<LI><a href="#[22f]">&gt;&gt;</a>&nbsp;&nbsp;&nbsp;beeper_test_enable
<LI><a href="#[230]">&gt;&gt;</a>&nbsp;&nbsp;&nbsp;beeper_set_enable
<LI><a href="#[211]">&gt;&gt;</a>&nbsp;&nbsp;&nbsp;beeper_save_config
</UL>
<BR>[Address Reference Count : 3]<UL><LI> sm_set_param.o(.data.sm_trans_set_param_init)
<LI> sm_set_param.o(.data.sm_trans_set_param_beeper)
<LI> sm_set_param.o(.data.sm_trans_set_param_motion_mon)
</UL>
<P><STRONG><a name="[27]"></a>do_set_param_hour12</STRONG> (Thumb, 48 bytes, Stack size 16 bytes, sm_set_param.o(.text.do_set_param_hour12))
<BR><BR>[Stack]<UL><LI>Max Depth = 264<LI>Call Chain = do_set_param_hour12 &rArr; config_write &rArr; BSP_ROM_Write &rArr; _BSP_I2C_Write &rArr; BSP_I2C_Write &rArr; HAL_I2C_Mem_Write &rArr; I2C_RequestMemoryWrite &rArr; I2C_WaitOnFlagUntilTimeout
</UL>
<BR>[Calls]<UL><LI><a href="#[ad]">&gt;&gt;</a>&nbsp;&nbsp;&nbsp;config_read_int
<LI><a href="#[26b]">&gt;&gt;</a>&nbsp;&nbsp;&nbsp;display_format_hour12
<LI><a href="#[257]">&gt;&gt;</a>&nbsp;&nbsp;&nbsp;display_clr
<LI><a href="#[20b]">&gt;&gt;</a>&nbsp;&nbsp;&nbsp;config_write
</UL>
<BR>[Address Reference Count : 2]<UL><LI> sm_set_param.o(.data.sm_trans_set_param_player_vol)
<LI> sm_set_param.o(.data.sm_trans_set_param_hour12)
</UL>
<P><STRONG><a name="[28]"></a>do_set_param_light_mon</STRONG> (Thumb, 40 bytes, Stack size 8 bytes, sm_set_param.o(.text.do_set_param_light_mon))
<BR><BR>[Stack]<UL><LI>Max Depth = 272<LI>Call Chain = do_set_param_light_mon &rArr; display_mon_light_save_config &rArr; config_write &rArr; BSP_ROM_Write &rArr; _BSP_I2C_Write &rArr; BSP_I2C_Write &rArr; HAL_I2C_Mem_Write &rArr; I2C_RequestMemoryWrite &rArr; I2C_WaitOnFlagUntilTimeout
</UL>
<BR>[Calls]<UL><LI><a href="#[232]">&gt;&gt;</a>&nbsp;&nbsp;&nbsp;display_mon_light_test_enable
<LI><a href="#[23a]">&gt;&gt;</a>&nbsp;&nbsp;&nbsp;display_mon_light_set_enable
<LI><a href="#[23b]">&gt;&gt;</a>&nbsp;&nbsp;&nbsp;display_mon_light_save_config
<LI><a href="#[2a2]">&gt;&gt;</a>&nbsp;&nbsp;&nbsp;display_format_light_mon
<LI><a href="#[257]">&gt;&gt;</a>&nbsp;&nbsp;&nbsp;display_clr
</UL>
<BR>[Address Reference Count : 2]<UL><LI> sm_set_param.o(.data.sm_trans_set_param_hour12)
<LI> sm_set_param.o(.data.sm_trans_set_param_light_mon)
</UL>
<P><STRONG><a name="[29]"></a>do_set_param_motion_mon</STRONG> (Thumb, 30 bytes, Stack size 8 bytes, sm_set_param.o(.text.do_set_param_motion_mon))
<BR><BR>[Stack]<UL><LI>Max Depth = 272<LI>Call Chain = do_set_param_motion_mon &rArr; motion_sensor_save_config &rArr; config_write &rArr; BSP_ROM_Write &rArr; _BSP_I2C_Write &rArr; BSP_I2C_Write &rArr; HAL_I2C_Mem_Write &rArr; I2C_RequestMemoryWrite &rArr; I2C_WaitOnFlagUntilTimeout
</UL>
<BR>[Calls]<UL><LI><a href="#[26c]">&gt;&gt;</a>&nbsp;&nbsp;&nbsp;display_format_motion_mon
<LI><a href="#[257]">&gt;&gt;</a>&nbsp;&nbsp;&nbsp;display_clr
<LI><a href="#[29a]">&gt;&gt;</a>&nbsp;&nbsp;&nbsp;motion_sensor_save_config
<LI><a href="#[23e]">&gt;&gt;</a>&nbsp;&nbsp;&nbsp;motion_sensor_inc_th
</UL>
<BR>[Address Reference Count : 2]<UL><LI> sm_set_param.o(.data.sm_trans_set_param_light_mon)
<LI> sm_set_param.o(.data.sm_trans_set_param_motion_mon)
</UL>
<P><STRONG><a name="[2a]"></a>do_set_param_player_vol</STRONG> (Thumb, 30 bytes, Stack size 8 bytes, sm_set_param.o(.text.do_set_param_player_vol))
<BR><BR>[Stack]<UL><LI>Max Depth = 272<LI>Call Chain = do_set_param_player_vol &rArr; player_save_config &rArr; config_write &rArr; BSP_ROM_Write &rArr; _BSP_I2C_Write &rArr; BSP_I2C_Write &rArr; HAL_I2C_Mem_Write &rArr; I2C_RequestMemoryWrite &rArr; I2C_WaitOnFlagUntilTimeout
</UL>
<BR>[Calls]<UL><LI><a href="#[2a1]">&gt;&gt;</a>&nbsp;&nbsp;&nbsp;player_save_config
<LI><a href="#[2a3]">&gt;&gt;</a>&nbsp;&nbsp;&nbsp;player_inc_vol
<LI><a href="#[270]">&gt;&gt;</a>&nbsp;&nbsp;&nbsp;display_format_player_vol
<LI><a href="#[257]">&gt;&gt;</a>&nbsp;&nbsp;&nbsp;display_clr
</UL>
<BR>[Address Reference Count : 2]<UL><LI> sm_set_param.o(.data.sm_trans_set_param_thermo)
<LI> sm_set_param.o(.data.sm_trans_set_param_player_vol)
</UL>
<P><STRONG><a name="[2b]"></a>do_set_param_ps</STRONG> (Thumb, 40 bytes, Stack size 8 bytes, sm_set_param.o(.text.do_set_param_ps))
<BR><BR>[Stack]<UL><LI>Max Depth = 272<LI>Call Chain = do_set_param_ps &rArr; power_timeo_save_config &rArr; config_write &rArr; BSP_ROM_Write &rArr; _BSP_I2C_Write &rArr; BSP_I2C_Write &rArr; HAL_I2C_Mem_Write &rArr; I2C_RequestMemoryWrite &rArr; I2C_WaitOnFlagUntilTimeout
</UL>
<BR>[Calls]<UL><LI><a href="#[2a4]">&gt;&gt;</a>&nbsp;&nbsp;&nbsp;timer_stop_play
<LI><a href="#[29d]">&gt;&gt;</a>&nbsp;&nbsp;&nbsp;power_timeo_save_config
<LI><a href="#[2a5]">&gt;&gt;</a>&nbsp;&nbsp;&nbsp;power_inc_timeo
<LI><a href="#[272]">&gt;&gt;</a>&nbsp;&nbsp;&nbsp;display_format_power
<LI><a href="#[257]">&gt;&gt;</a>&nbsp;&nbsp;&nbsp;display_clr
</UL>
<BR>[Address Reference Count : 2]<UL><LI> sm_set_param.o(.data.sm_trans_set_param_timer_snd)
<LI> sm_set_param.o(.data.sm_trans_set_param_ps)
</UL>
<P><STRONG><a name="[2c]"></a>do_set_param_thermo</STRONG> (Thumb, 40 bytes, Stack size 8 bytes, sm_set_param.o(.text.do_set_param_thermo))
<BR><BR>[Stack]<UL><LI>Max Depth = 272<LI>Call Chain = do_set_param_thermo &rArr; thermometer_save_config &rArr; config_write &rArr; BSP_ROM_Write &rArr; _BSP_I2C_Write &rArr; BSP_I2C_Write &rArr; HAL_I2C_Mem_Write &rArr; I2C_RequestMemoryWrite &rArr; I2C_WaitOnFlagUntilTimeout
</UL>
<BR>[Calls]<UL><LI><a href="#[277]">&gt;&gt;</a>&nbsp;&nbsp;&nbsp;thermometer_get_unit
<LI><a href="#[27b]">&gt;&gt;</a>&nbsp;&nbsp;&nbsp;display_format_thermo_unit
<LI><a href="#[257]">&gt;&gt;</a>&nbsp;&nbsp;&nbsp;display_clr
<LI><a href="#[2a6]">&gt;&gt;</a>&nbsp;&nbsp;&nbsp;thermometer_set_unit
<LI><a href="#[2a7]">&gt;&gt;</a>&nbsp;&nbsp;&nbsp;thermometer_save_config
</UL>
<BR>[Address Reference Count : 2]<UL><LI> sm_set_param.o(.data.sm_trans_set_param_ps)
<LI> sm_set_param.o(.data.sm_trans_set_param_thermo)
</UL>
<P><STRONG><a name="[24]"></a>do_set_param_timer_snd</STRONG> (Thumb, 100 bytes, Stack size 32 bytes, sm_set_param.o(.text.do_set_param_timer_snd))
<BR><BR>[Stack]<UL><LI>Max Depth = 296<LI>Call Chain = do_set_param_timer_snd &rArr; timer_save_config &rArr; config_write &rArr; BSP_ROM_Write &rArr; _BSP_I2C_Write &rArr; BSP_I2C_Write &rArr; HAL_I2C_Mem_Write &rArr; I2C_RequestMemoryWrite &rArr; I2C_WaitOnFlagUntilTimeout
</UL>
<BR>[Calls]<UL><LI><a href="#[b8]">&gt;&gt;</a>&nbsp;&nbsp;&nbsp;HAL_RCC_GetHCLKFreq
<LI><a href="#[2a4]">&gt;&gt;</a>&nbsp;&nbsp;&nbsp;timer_stop_play
<LI><a href="#[29f]">&gt;&gt;</a>&nbsp;&nbsp;&nbsp;timer_save_config
<LI><a href="#[2a9]">&gt;&gt;</a>&nbsp;&nbsp;&nbsp;timer_play_snd
<LI><a href="#[2a8]">&gt;&gt;</a>&nbsp;&nbsp;&nbsp;timer_inc_snd
<LI><a href="#[28e]">&gt;&gt;</a>&nbsp;&nbsp;&nbsp;display_set_mode
<LI><a href="#[27c]">&gt;&gt;</a>&nbsp;&nbsp;&nbsp;display_format_timer
<LI><a href="#[257]">&gt;&gt;</a>&nbsp;&nbsp;&nbsp;display_clr
</UL>
<BR>[Address Reference Count : 2]<UL><LI> sm_set_param.o(.data.sm_trans_set_param_baoshi)
<LI> sm_set_param.o(.data.sm_trans_set_param_timer_snd)
</UL>
<P><STRONG><a name="[37]"></a>do_timer_pause</STRONG> (Thumb, 4 bytes, Stack size 0 bytes, sm_timer.o(.text.do_timer_pause))
<BR><BR>[Calls]<UL><LI><a href="#[2ae]">&gt;&gt;</a>&nbsp;&nbsp;&nbsp;timer_stop
</UL>
<BR>[Address Reference Count : 1]<UL><LI> sm_timer.o(.data.sm_trans_timer_run)
</UL>
<P><STRONG><a name="[35]"></a>do_timer_run</STRONG> (Thumb, 40 bytes, Stack size 8 bytes, sm_timer.o(.text.do_timer_run))
<BR><BR>[Stack]<UL><LI>Max Depth = 120<LI>Call Chain = do_timer_run &rArr; timer_start &rArr; debug_printf &rArr; BSP_USART1_Transmit &rArr; BSP_USART_Transmit &rArr; HAL_UART_Transmit &rArr; UART_WaitOnFlagUntilTimeout
</UL>
<BR>[Calls]<UL><LI><a href="#[2b1]">&gt;&gt;</a>&nbsp;&nbsp;&nbsp;timer_start
<LI><a href="#[2b2]">&gt;&gt;</a>&nbsp;&nbsp;&nbsp;timer_resume
<LI><a href="#[28e]">&gt;&gt;</a>&nbsp;&nbsp;&nbsp;display_set_mode
<LI><a href="#[257]">&gt;&gt;</a>&nbsp;&nbsp;&nbsp;display_clr
</UL>
<BR>[Address Reference Count : 2]<UL><LI> sm_timer.o(.data.sm_trans_timer_set_sec)
<LI> sm_timer.o(.data.sm_trans_timer_pause)
</UL>
<P><STRONG><a name="[34]"></a>do_timer_set_hour</STRONG> (Thumb, 114 bytes, Stack size 8 bytes, sm_timer.o(.text.do_timer_set_hour))
<BR><BR>[Stack]<UL><LI>Max Depth = 232<LI>Call Chain = do_timer_set_hour &rArr; timer_stop_play &rArr; player_stop_play &rArr; player_play_sequence_stop &rArr; BSP_MP3_Stop &rArr; BSP_MP3_Send_Message &rArr; BSP_MP3_Wait_Response &rArr; BSP_MP3_Dump_Msg &rArr; debug_printf &rArr; BSP_USART1_Transmit &rArr; BSP_USART_Transmit &rArr; HAL_UART_Transmit &rArr; UART_WaitOnFlagUntilTimeout
</UL>
<BR>[Calls]<UL><LI><a href="#[2a4]">&gt;&gt;</a>&nbsp;&nbsp;&nbsp;timer_stop_play
<LI><a href="#[2b5]">&gt;&gt;</a>&nbsp;&nbsp;&nbsp;timer_set_mode
<LI><a href="#[2ad]">&gt;&gt;</a>&nbsp;&nbsp;&nbsp;timer_refresh_display_enable
<LI><a href="#[2b0]">&gt;&gt;</a>&nbsp;&nbsp;&nbsp;timer_refresh_display
<LI><a href="#[2b6]">&gt;&gt;</a>&nbsp;&nbsp;&nbsp;timer_inc_hour
<LI><a href="#[2b4]">&gt;&gt;</a>&nbsp;&nbsp;&nbsp;timer_clr
<LI><a href="#[28e]">&gt;&gt;</a>&nbsp;&nbsp;&nbsp;display_set_mode
<LI><a href="#[28b]">&gt;&gt;</a>&nbsp;&nbsp;&nbsp;display_set_blink_timer_hour
<LI><a href="#[257]">&gt;&gt;</a>&nbsp;&nbsp;&nbsp;display_clr
</UL>
<BR>[Address Reference Count : 4]<UL><LI> sm_timer.o(.data.sm_trans_timer_init)
<LI> sm_timer.o(.data.sm_trans_timer_set_hour)
<LI> sm_timer.o(.data.sm_trans_timer_set_sec)
<LI> sm_timer.o(.data.sm_trans_timer_stop)
</UL>
<P><STRONG><a name="[38]"></a>do_timer_set_min</STRONG> (Thumb, 68 bytes, Stack size 8 bytes, sm_timer.o(.text.do_timer_set_min))
<BR><BR>[Stack]<UL><LI>Max Depth = 136<LI>Call Chain = do_timer_set_min &rArr; timer_refresh_display &rArr; display_format_timer &rArr; __aeabi_dmul &rArr; _double_epilogue &rArr; _double_round
</UL>
<BR>[Calls]<UL><LI><a href="#[2b0]">&gt;&gt;</a>&nbsp;&nbsp;&nbsp;timer_refresh_display
<LI><a href="#[2b7]">&gt;&gt;</a>&nbsp;&nbsp;&nbsp;timer_inc_min
<LI><a href="#[28c]">&gt;&gt;</a>&nbsp;&nbsp;&nbsp;display_set_blink_timer_min
<LI><a href="#[257]">&gt;&gt;</a>&nbsp;&nbsp;&nbsp;display_clr
</UL>
<BR>[Address Reference Count : 2]<UL><LI> sm_timer.o(.data.sm_trans_timer_set_hour)
<LI> sm_timer.o(.data.sm_trans_timer_set_min)
</UL>
<P><STRONG><a name="[3a]"></a>do_timer_set_sec</STRONG> (Thumb, 116 bytes, Stack size 8 bytes, sm_timer.o(.text.do_timer_set_sec))
<BR><BR>[Stack]<UL><LI>Max Depth = 136<LI>Call Chain = do_timer_set_sec &rArr; timer_refresh_display &rArr; display_format_timer &rArr; __aeabi_dmul &rArr; _double_epilogue &rArr; _double_round
</UL>
<BR>[Calls]<UL><LI><a href="#[2b0]">&gt;&gt;</a>&nbsp;&nbsp;&nbsp;timer_refresh_display
<LI><a href="#[2b8]">&gt;&gt;</a>&nbsp;&nbsp;&nbsp;timer_inc_sec
<LI><a href="#[2bb]">&gt;&gt;</a>&nbsp;&nbsp;&nbsp;timer_get_sec
<LI><a href="#[2ba]">&gt;&gt;</a>&nbsp;&nbsp;&nbsp;timer_get_min
<LI><a href="#[2b9]">&gt;&gt;</a>&nbsp;&nbsp;&nbsp;timer_get_hour
<LI><a href="#[28d]">&gt;&gt;</a>&nbsp;&nbsp;&nbsp;display_set_blink_timer_sec
<LI><a href="#[257]">&gt;&gt;</a>&nbsp;&nbsp;&nbsp;display_clr
</UL>
<BR>[Address Reference Count : 2]<UL><LI> sm_timer.o(.data.sm_trans_timer_set_min)
<LI> sm_timer.o(.data.sm_trans_timer_set_sec)
</UL>
<P><STRONG><a name="[36]"></a>do_timer_stop</STRONG> (Thumb, 36 bytes, Stack size 8 bytes, sm_timer.o(.text.do_timer_stop))
<BR><BR>[Stack]<UL><LI>Max Depth = 232<LI>Call Chain = do_timer_stop &rArr; timer_play_snd &rArr; player_play_snd &rArr; player_play_sequence_start &rArr; BSP_MP3_Play_Dir_File &rArr; BSP_MP3_Send_Message &rArr; BSP_MP3_Wait_Response &rArr; BSP_MP3_Dump_Msg &rArr; debug_printf &rArr; BSP_USART1_Transmit &rArr; BSP_USART_Transmit &rArr; HAL_UART_Transmit &rArr; UART_WaitOnFlagUntilTimeout
</UL>
<BR>[Calls]<UL><LI><a href="#[2ae]">&gt;&gt;</a>&nbsp;&nbsp;&nbsp;timer_stop
<LI><a href="#[2a9]">&gt;&gt;</a>&nbsp;&nbsp;&nbsp;timer_play_snd
<LI><a href="#[275]">&gt;&gt;</a>&nbsp;&nbsp;&nbsp;display_set_blink_all
</UL>
<BR>[Address Reference Count : 3]<UL><LI> sm_timer.o(.data.sm_trans_timer_run)
<LI> sm_timer.o(.data.sm_trans_timer_pause)
<LI> sm_timer.o(.data.sm_trans_timer_stop)
</UL>
<P><STRONG><a name="[32]"></a>do_stop_watch_pause</STRONG> (Thumb, 34 bytes, Stack size 8 bytes, sm_stop_watch.o(.text.do_stop_watch_pause))
<BR><BR>[Stack]<UL><LI>Max Depth = 136<LI>Call Chain = do_stop_watch_pause &rArr; timer_refresh_display &rArr; display_format_timer &rArr; __aeabi_dmul &rArr; _double_epilogue &rArr; _double_round
</UL>
<BR>[Calls]<UL><LI><a href="#[2ae]">&gt;&gt;</a>&nbsp;&nbsp;&nbsp;timer_stop
<LI><a href="#[2b0]">&gt;&gt;</a>&nbsp;&nbsp;&nbsp;timer_refresh_display
<LI><a href="#[2af]">&gt;&gt;</a>&nbsp;&nbsp;&nbsp;timer_next_history
</UL>
<BR>[Address Reference Count : 2]<UL><LI> sm_stop_watch.o(.data.sm_trans_stop_watch_run)
<LI> sm_stop_watch.o(.data.sm_trans_stop_watch_pause)
</UL>
<P><STRONG><a name="[33]"></a>do_stop_watch_run</STRONG> (Thumb, 46 bytes, Stack size 8 bytes, sm_stop_watch.o(.text.do_stop_watch_run))
<BR><BR>[Stack]<UL><LI>Max Depth = 136<LI>Call Chain = do_stop_watch_run &rArr; timer_refresh_display &rArr; display_format_timer &rArr; __aeabi_dmul &rArr; _double_epilogue &rArr; _double_round
</UL>
<BR>[Calls]<UL><LI><a href="#[2b1]">&gt;&gt;</a>&nbsp;&nbsp;&nbsp;timer_start
<LI><a href="#[2b3]">&gt;&gt;</a>&nbsp;&nbsp;&nbsp;timer_save
<LI><a href="#[2b2]">&gt;&gt;</a>&nbsp;&nbsp;&nbsp;timer_resume
<LI><a href="#[2b0]">&gt;&gt;</a>&nbsp;&nbsp;&nbsp;timer_refresh_display
</UL>
<BR>[Address Reference Count : 3]<UL><LI> sm_stop_watch.o(.data.sm_trans_stop_watch_stop)
<LI> sm_stop_watch.o(.data.sm_trans_stop_watch_run)
<LI> sm_stop_watch.o(.data.sm_trans_stop_watch_pause)
</UL>
<P><STRONG><a name="[31]"></a>do_stop_watch_stop</STRONG> (Thumb, 50 bytes, Stack size 8 bytes, sm_stop_watch.o(.text.do_stop_watch_stop))
<BR><BR>[Stack]<UL><LI>Max Depth = 136<LI>Call Chain = do_stop_watch_stop &rArr; timer_refresh_display &rArr; display_format_timer &rArr; __aeabi_dmul &rArr; _double_epilogue &rArr; _double_round
</UL>
<BR>[Calls]<UL><LI><a href="#[2b5]">&gt;&gt;</a>&nbsp;&nbsp;&nbsp;timer_set_mode
<LI><a href="#[2ad]">&gt;&gt;</a>&nbsp;&nbsp;&nbsp;timer_refresh_display_enable
<LI><a href="#[2b0]">&gt;&gt;</a>&nbsp;&nbsp;&nbsp;timer_refresh_display
<LI><a href="#[2b4]">&gt;&gt;</a>&nbsp;&nbsp;&nbsp;timer_clr
<LI><a href="#[28e]">&gt;&gt;</a>&nbsp;&nbsp;&nbsp;display_set_mode
<LI><a href="#[20f]">&gt;&gt;</a>&nbsp;&nbsp;&nbsp;beeper_beep_beep
</UL>
<BR>[Address Reference Count : 2]<UL><LI> sm_stop_watch.o(.data.sm_trans_stop_watch_init)
<LI> sm_stop_watch.o(.data.sm_trans_stop_watch_pause)
</UL>
<P><STRONG><a name="[2e7]"></a>_fp_digits</STRONG> (Thumb, 366 bytes, Stack size 64 bytes, printfa.o(i._fp_digits), UNUSED)
<BR><BR>[Calls]<UL><LI><a href="#[9b]">&gt;&gt;</a>&nbsp;&nbsp;&nbsp;__aeabi_dmul
<LI><a href="#[9c]">&gt;&gt;</a>&nbsp;&nbsp;&nbsp;__aeabi_ddiv
<LI><a href="#[95]">&gt;&gt;</a>&nbsp;&nbsp;&nbsp;__aeabi_dadd
<LI><a href="#[8c]">&gt;&gt;</a>&nbsp;&nbsp;&nbsp;__aeabi_uldivmod
<LI><a href="#[a2]">&gt;&gt;</a>&nbsp;&nbsp;&nbsp;__aeabi_d2ulz
<LI><a href="#[2e8]">&gt;&gt;</a>&nbsp;&nbsp;&nbsp;__aeabi_cdrcmple
</UL>
<BR>[Called By]<UL><LI><a href="#[2e4]">&gt;&gt;</a>&nbsp;&nbsp;&nbsp;_printf_core
</UL>

<P><STRONG><a name="[2e4]"></a>_printf_core</STRONG> (Thumb, 1744 bytes, Stack size 136 bytes, printfa.o(i._printf_core), UNUSED)
<BR><BR>[Calls]<UL><LI><a href="#[8c]">&gt;&gt;</a>&nbsp;&nbsp;&nbsp;__aeabi_uldivmod
<LI><a href="#[2eb]">&gt;&gt;</a>&nbsp;&nbsp;&nbsp;__aeabi_uidivmod
<LI><a href="#[2e9]">&gt;&gt;</a>&nbsp;&nbsp;&nbsp;_printf_pre_padding
<LI><a href="#[2ea]">&gt;&gt;</a>&nbsp;&nbsp;&nbsp;_printf_post_padding
<LI><a href="#[2e7]">&gt;&gt;</a>&nbsp;&nbsp;&nbsp;_fp_digits
</UL>
<BR>[Called By]<UL><LI><a href="#[2e6]">&gt;&gt;</a>&nbsp;&nbsp;&nbsp;__0vsnprintf
<LI><a href="#[2e5]">&gt;&gt;</a>&nbsp;&nbsp;&nbsp;__0vprintf
<LI><a href="#[2e3]">&gt;&gt;</a>&nbsp;&nbsp;&nbsp;__0snprintf
</UL>

<P><STRONG><a name="[2ea]"></a>_printf_post_padding</STRONG> (Thumb, 36 bytes, Stack size 24 bytes, printfa.o(i._printf_post_padding), UNUSED)
<BR><BR>[Called By]<UL><LI><a href="#[2e4]">&gt;&gt;</a>&nbsp;&nbsp;&nbsp;_printf_core
</UL>

<P><STRONG><a name="[2e9]"></a>_printf_pre_padding</STRONG> (Thumb, 46 bytes, Stack size 24 bytes, printfa.o(i._printf_pre_padding), UNUSED)
<BR><BR>[Called By]<UL><LI><a href="#[2e4]">&gt;&gt;</a>&nbsp;&nbsp;&nbsp;_printf_core
</UL>

<P><STRONG><a name="[81]"></a>_snputc</STRONG> (Thumb, 22 bytes, Stack size 0 bytes, printfa.o(i._snputc))
<BR>[Address Reference Count : 2]<UL><LI> printfa.o(i.__0snprintf)
<LI> printfa.o(i.__0vsnprintf)
</UL><P>
<H3>
Undefined Global Symbols
</H3><HR></body></html>
