<html>
<body>
<pre>
<h1>µVision Build Log</h1>
<h2>Tool Versions:</h2>
IDE-Version: ¦ÌVision V5.35.0.0
Copyright (C) 2021 ARM Ltd and ARM Germany GmbH. All rights reserved.
License Information: a a, a, LIC=65ISZ-JI71Z-TGH7T-RXRUV-5JIC1-7H6P2
 
Tool Versions:
Toolchain:       MDK-ARM Plus  Version: 5.35.0.2
Toolchain Path:  C:\Keil_v5\ARM\ARMCLANG\Bin
C Compiler:      ArmClang.exe V6.16
Assembler:       Armasm.exe V6.16
Linker/Locator:  ArmLink.exe V6.16
Library Manager: ArmAr.exe V6.16
Hex Converter:   FromElf.exe V6.16
CPU DLL:         SARMCM3.DLL V5.35.0.2
Dialog DLL:      DCM.DLL V1.17.3.0
Target DLL:      CMSIS_AGDI.dll V1.33.0.0
Dialog DLL:      TCM.DLL V1.53.0.0
 
<h2>Project:</h2>
C:\Data\IVClock\Hardwares & Firmwares\MDK-ARM\IVClock.uvprojx
Project File Date:  08/08/2021

<h2>Output:</h2>
*** Using Compiler 'V6.16', folder: 'C:\Keil_v5\ARM\ARMCLANG\Bin'
Rebuild target 'IVClock'
compiling stm32f1xx_it.c...
compiling stm32f1xx_hal_msp.c...
compiling main.c...
compiling cext.c...
compiling debug.c...
compiling delay.c...
compiling stdio_ext.c...
compiling stm32f1xx_hal_gpio_ex.c...
compiling stm32f1xx_hal_adc.c...
compiling stm32f1xx_hal.c...
compiling stm32f1xx_hal_adc_ex.c...
compiling stm32f1xx_hal_rcc_ex.c...
compiling stm32f1xx_hal_rcc.c...
compiling stm32f1xx_hal_gpio.c...
compiling stm32f1xx_hal_dma.c...
compiling stm32f1xx_hal_cortex.c...
compiling stm32f1xx_hal_pwr.c...
compiling stm32f1xx_hal_flash.c...
compiling stm32f1xx_hal_exti.c...
compiling stm32f1xx_hal_flash_ex.c...
compiling stm32f1xx_hal_tim_ex.c...
compiling stm32f1xx_hal_tim.c...
compiling stm32f1xx_hal_uart.c...
compiling stm32f1xx_hal_i2c.c...
compiling system_stm32f1xx.c...
compiling adc.c...
compiling i2c.c...
compiling iv18.c...
compiling key.c...
compiling mp3.c...
compiling tim.c...
compiling usart.c...
compiling acc.c...
compiling blue_tooth.c...
compiling gpio.c...
compiling rom.c...
compiling extint.c...
assembling startup_stm32f103xb.s...
compiling pwr.c...
compiling rtc.c...
compiling beeper.c...
compiling alarm.c...
compiling button.c...
compiling config.c...
compiling clock.c...
compiling display.c...
compiling player.c...
compiling timer.c...
compiling power.c...
compiling sm.c...
compiling task.c...
compiling console.c...
compiling ticks.c...
compiling motion_sensor.c...
compiling remote_control.c...
compiling thermometer.c...
compiling con_help.c...
compiling con_clock.c...
compiling con_power.c...
compiling con_motion_sensor.c...
compiling con_beeper.c...
compiling con_player.c...
compiling con_display.c...
compiling sm_clock_display.c...
compiling sm_set_time.c...
compiling sm_set_date.c...
compiling sm_set_alarm.c...
compiling sm_timer.c...
compiling sm_stop_watch.c...
linking...
Program Size: Code=37220 RO-data=3128 RW-data=672 ZI-data=3056  
FromELF: creating hex file...
"IVClock\IVClock.axf" - 0 Error(s), 0 Warning(s).

<h2>Software Packages used:</h2>

Package Vendor: ARM
                http://www.keil.com/pack/ARM.CMSIS.5.8.0.pack
                ARM.CMSIS.5.8.0
                CMSIS (Common Microcontroller Software Interface Standard)
   * Component: CORE Version: 5.5.0

Package Vendor: Keil
                http://www.keil.com/pack/Keil.STM32F1xx_DFP.2.3.0.pack
                Keil.STM32F1xx_DFP.2.3.0
                STMicroelectronics STM32F1 Series Device Support, Drivers and Examples

<h2>Collection of Component include folders:</h2>
  .\RTE\_IVClock
  C:\Users\steel\AppData\Local\Arm\Packs\ARM\CMSIS\5.8.0\CMSIS\Core\Include
  C:\Users\steel\AppData\Local\Arm\Packs\Keil\STM32F1xx_DFP\2.3.0\Device\Include

<h2>Collection of Component Files used:</h2>

   * Component: ARM::CMSIS:CORE:5.5.0
      Include file:  CMSIS\Core\Include\tz_context.h
Build Time Elapsed:  00:00:13
</pre>
</body>
</html>
